Archive member included to satisfy reference by file (symbol)

/usr/lib/gcc/arm-none-eabi/8.3.1/thumb/v6-m/nofp/libgcc.a(_dvmd_tls.o)
                              CMakeFiles/SimpleButtonsTwoSDK.dir/home/michelle/pico/pico-sdk/src/rp2_common/pico_divider/divider_hardware.S.o (__aeabi_idiv0)
/usr/lib/gcc/arm-none-eabi/8.3.1/../../../arm-none-eabi/lib/thumb/v6-m/nofp/libg.a(lib_a-atexit.o)
                              /usr/lib/gcc/arm-none-eabi/8.3.1/../../../arm-none-eabi/lib/thumb/v6-m/nofp/crt0.o (atexit)
/usr/lib/gcc/arm-none-eabi/8.3.1/../../../arm-none-eabi/lib/thumb/v6-m/nofp/libg.a(lib_a-calloc.o)
                              CMakeFiles/SimpleButtonsTwoSDK.dir/home/michelle/pico/pico-sdk/src/rp2_common/pico_malloc/malloc.c.o (calloc)
/usr/lib/gcc/arm-none-eabi/8.3.1/../../../arm-none-eabi/lib/thumb/v6-m/nofp/libg.a(lib_a-callocr.o)
                              /usr/lib/gcc/arm-none-eabi/8.3.1/../../../arm-none-eabi/lib/thumb/v6-m/nofp/libg.a(lib_a-calloc.o) (_calloc_r)
/usr/lib/gcc/arm-none-eabi/8.3.1/../../../arm-none-eabi/lib/thumb/v6-m/nofp/libg.a(lib_a-fini.o)
                              /usr/lib/gcc/arm-none-eabi/8.3.1/../../../arm-none-eabi/lib/thumb/v6-m/nofp/crt0.o (__libc_fini_array)
/usr/lib/gcc/arm-none-eabi/8.3.1/../../../arm-none-eabi/lib/thumb/v6-m/nofp/libg.a(lib_a-impure.o)
                              /usr/lib/gcc/arm-none-eabi/8.3.1/../../../arm-none-eabi/lib/thumb/v6-m/nofp/libg.a(lib_a-calloc.o) (_impure_ptr)
/usr/lib/gcc/arm-none-eabi/8.3.1/../../../arm-none-eabi/lib/thumb/v6-m/nofp/libg.a(lib_a-init.o)
                              /usr/lib/gcc/arm-none-eabi/8.3.1/../../../arm-none-eabi/lib/thumb/v6-m/nofp/crt0.o (__libc_init_array)
/usr/lib/gcc/arm-none-eabi/8.3.1/../../../arm-none-eabi/lib/thumb/v6-m/nofp/libg.a(lib_a-lcltime_r.o)
                              CMakeFiles/SimpleButtonsTwoSDK.dir/home/michelle/pico/pico-sdk/src/common/pico_util/datetime.c.o (localtime_r)
/usr/lib/gcc/arm-none-eabi/8.3.1/../../../arm-none-eabi/lib/thumb/v6-m/nofp/libg.a(lib_a-malloc.o)
                              CMakeFiles/SimpleButtonsTwoSDK.dir/home/michelle/pico/pico-sdk/src/rp2_common/pico_malloc/malloc.c.o (malloc)
/usr/lib/gcc/arm-none-eabi/8.3.1/../../../arm-none-eabi/lib/thumb/v6-m/nofp/libg.a(lib_a-mallocr.o)
                              /usr/lib/gcc/arm-none-eabi/8.3.1/../../../arm-none-eabi/lib/thumb/v6-m/nofp/libg.a(lib_a-callocr.o) (_malloc_r)
/usr/lib/gcc/arm-none-eabi/8.3.1/../../../arm-none-eabi/lib/thumb/v6-m/nofp/libg.a(lib_a-memcmp.o)
                              CMakeFiles/SimpleButtonsTwoSDK.dir/home/michelle/pico/pico-sdk/src/rp2_common/pico_atomic/atomic.c.o (memcmp)
/usr/lib/gcc/arm-none-eabi/8.3.1/../../../arm-none-eabi/lib/thumb/v6-m/nofp/libg.a(lib_a-mktime.o)
                              CMakeFiles/SimpleButtonsTwoSDK.dir/home/michelle/pico/pico-sdk/src/common/pico_util/datetime.c.o (mktime)
/usr/lib/gcc/arm-none-eabi/8.3.1/../../../arm-none-eabi/lib/thumb/v6-m/nofp/libg.a(lib_a-mlock.o)
                              /usr/lib/gcc/arm-none-eabi/8.3.1/../../../arm-none-eabi/lib/thumb/v6-m/nofp/libg.a(lib_a-mallocr.o) (__malloc_lock)
/usr/lib/gcc/arm-none-eabi/8.3.1/../../../arm-none-eabi/lib/thumb/v6-m/nofp/libg.a(lib_a-month_lengths.o)
                              /usr/lib/gcc/arm-none-eabi/8.3.1/../../../arm-none-eabi/lib/thumb/v6-m/nofp/libg.a(lib_a-lcltime_r.o) (__month_lengths)
/usr/lib/gcc/arm-none-eabi/8.3.1/../../../arm-none-eabi/lib/thumb/v6-m/nofp/libg.a(lib_a-realloc.o)
                              CMakeFiles/SimpleButtonsTwoSDK.dir/home/michelle/pico/pico-sdk/src/rp2_common/pico_malloc/malloc.c.o (realloc)
/usr/lib/gcc/arm-none-eabi/8.3.1/../../../arm-none-eabi/lib/thumb/v6-m/nofp/libg.a(lib_a-reallocr.o)
                              /usr/lib/gcc/arm-none-eabi/8.3.1/../../../arm-none-eabi/lib/thumb/v6-m/nofp/libg.a(lib_a-realloc.o) (_realloc_r)
/usr/lib/gcc/arm-none-eabi/8.3.1/../../../arm-none-eabi/lib/thumb/v6-m/nofp/libg.a(lib_a-sbrkr.o)
                              /usr/lib/gcc/arm-none-eabi/8.3.1/../../../arm-none-eabi/lib/thumb/v6-m/nofp/libg.a(lib_a-mallocr.o) (_sbrk_r)
/usr/lib/gcc/arm-none-eabi/8.3.1/../../../arm-none-eabi/lib/thumb/v6-m/nofp/libg.a(lib_a-strlen-stub.o)
                              CMakeFiles/SimpleButtonsTwoSDK.dir/home/michelle/pico/pico-sdk/src/rp2_common/pico_stdio/stdio.c.o (strlen)
/usr/lib/gcc/arm-none-eabi/8.3.1/../../../arm-none-eabi/lib/thumb/v6-m/nofp/libg.a(lib_a-tzcalc_limits.o)
                              /usr/lib/gcc/arm-none-eabi/8.3.1/../../../arm-none-eabi/lib/thumb/v6-m/nofp/libg.a(lib_a-lcltime_r.o) (__tzcalc_limits)
/usr/lib/gcc/arm-none-eabi/8.3.1/../../../arm-none-eabi/lib/thumb/v6-m/nofp/libg.a(lib_a-tzlock.o)
                              /usr/lib/gcc/arm-none-eabi/8.3.1/../../../arm-none-eabi/lib/thumb/v6-m/nofp/libg.a(lib_a-lcltime_r.o) (__tz_lock)
/usr/lib/gcc/arm-none-eabi/8.3.1/../../../arm-none-eabi/lib/thumb/v6-m/nofp/libg.a(lib_a-tzset.o)
[...]
Memory Configuration

Name             Origin             Length             Attributes
FLASH            0x10000000         0x00200000         xr
RAM              0x20000000         0x00040000         xrw
SCRATCH_X        0x20040000         0x00001000         xrw
SCRATCH_Y        0x20041000         0x00001000         xrw
*default*        0x00000000         0xffffffff

Linker script and memory map

LOAD /usr/lib/gcc/arm-none-eabi/8.3.1/thumb/v6-m/nofp/crti.o
LOAD /usr/lib/gcc/arm-none-eabi/8.3.1/thumb/v6-m/nofp/crtbegin.o
LOAD /usr/lib/gcc/arm-none-eabi/8.3.1/../../../arm-none-eabi/lib/thumb/v6-m/nofp/crt0.o

.flash_begin    0x10000000        0x0
                0x10000000                __flash_binary_start = .

.boot2          0x10000000      0x100
                0x10000000                __boot2_start__ = .
 *(.boot2)
 .boot2         0x10000000      0x100 pico-sdk/src/rp2040/boot_stage2/CMakeFiles/bs2_default_library.dir/bs2_default_padded_checksummed.S.o
                0x10000100                __boot2_end__ = .
                0x00000001                ASSERT (((__boot2_end__ - __boot2_start__) == 0x100), ERROR: Pico second stage bootloader must be 256 bytes in size)

.text           0x10000100     0x16dc
                0x10000100                __logical_binary_start = .
 *(.vectors)
 .vectors       0x10000100       0xd4 CMakeFiles/SimpleButtonsTwoSDK.dir/home/michelle/pico/pico-sdk/src/rp2_common/pico_crt0/crt0.S.o
                0x10000100                __vectors
                0x10000100                __VECTOR_TABLE
                0x100001c0                isr_irq30
                0x100001c0                __unhandled_user_irq
                0x100001c0                isr_irq13
                0x100001c0                isr_irq27
                0x100001c0                isr_irq31
                0x100001c0                isr_irq5
                0x100001c0                isr_irq11
                0x100001c0                isr_irq23
                0x100001c0                isr_irq18
                0x100001c0                isr_irq28
                0x100001c0                isr_irq19
                0x100001c0                isr_irq0
                0x100001c0                isr_irq6
                0x100001c0                isr_irq22
                0x100001c0                isr_irq17
                0x100001c0                isr_irq14
                0x100001c0                __vectors_end
                0x100001c0                __default_isrs_start
                0x100001c0                isr_irq2
                0x100001c0                isr_irq10
                0x100001c0                isr_irq8
                0x100001c0                isr_irq24
                0x100001c0                isr_irq1
                0x100001c0                isr_irq7
                0x100001c0                isr_irq21
                0x100001c0                isr_irq20
                0x100001c0                isr_irq15
                0x100001c0                isr_irq25
                0x100001c0                isr_irq4
                0x100001c0                isr_irq16
                0x100001c0                isr_irq29
                0x100001c0                isr_irq26
                0x100001c0                isr_irq3
                0x100001c0                isr_irq12
                0x100001c0                isr_irq9
                0x100001c6                unhandled_user_irq_num_in_r0
                0x100001c8                isr_invalid
                0x100001ca                isr_nmi
                0x100001cc                isr_hardfault
                0x100001ce                isr_svcall
                0x100001d0                isr_pendsv
                0x100001d2                isr_systick
                0x100001d4                __default_isrs_end
 *(.binary_info_header)
 .binary_info_header
                0x100001d4       0x14 CMakeFiles/SimpleButtonsTwoSDK.dir/home/michelle/pico/pico-sdk/src/rp2_common/pico_crt0/crt0.S.o
                0x100001e8                __binary_info_header_end = .
 *(.embedded_block)
                0x100001e8                __embedded_block_end = .
 *(.reset)
 .reset         0x100001e8       0x9c CMakeFiles/SimpleButtonsTwoSDK.dir/home/michelle/pico/pico-sdk/src/rp2_common/pico_crt0/crt0.S.o
                0x100001e8                _entry_point
 *(.init)
 .init          0x10000284        0x4 /usr/lib/gcc/arm-none-eabi/8.3.1/thumb/v6-m/nofp/crti.o
                0x10000284                _init
 *(EXCLUDE_FILE(*libm.a: *libc.a:*lib_a-mem*.o *libgcc.a:) .text*)
 .text          0x10000288       0x98 /usr/lib/gcc/arm-none-eabi/8.3.1/thumb/v6-m/nofp/crtbegin.o
 .text          0x10000320       0x54 CMakeFiles/SimpleButtonsTwoSDK.dir/SimpleButtonsTwoSDK.S.o
                0x10000320                main
 .text.panic    0x10000374       0x30 CMakeFiles/SimpleButtonsTwoSDK.dir/home/michelle/pico/pico-sdk/src/rp2_common/pico_platform_panic/panic.c.o
                0x10000374                panic
 .text.hw_claim_or_assert
                0x100003a4       0x44 CMakeFiles/SimpleButtonsTwoSDK.dir/home/michelle/pico/pico-sdk/src/common/hardware_claim/claim.c.o
                0x100003a4                hw_claim_or_assert
 .text.next_striped_spin_lock_num
                0x100003e8       0x18 CMakeFiles/SimpleButtonsTwoSDK.dir/home/michelle/pico/pico-sdk/src/rp2_common/hardware_sync/sync.c.o
                0x100003e8                next_striped_spin_lock_num
 .text.spin_locks_reset
                0x10000400       0x1c CMakeFiles/SimpleButtonsTwoSDK.dir/home/michelle/pico/pico-sdk/src/rp2_common/hardware_sync_spin_lock/sync_spin_lock.c.o
                0x10000400                spin_locks_reset
 .text.runtime_init_per_core_irq_priorities
                0x1000041c       0x24 CMakeFiles/SimpleButtonsTwoSDK.dir/home/michelle/pico/pico-sdk/src/rp2_common/hardware_irq/irq.c.o
                0x1000041c                runtime_init_per_core_irq_priorities
 .text.irq_set_enabled
                0x10000440       0x24 CMakeFiles/SimpleButtonsTwoSDK.dir/home/michelle/pico/pico-sdk/src/rp2_common/hardware_irq/irq.c.o
                0x10000440                irq_set_enabled
 .text.irq_set_exclusive_handler
                0x10000464       0x54 CMakeFiles/SimpleButtonsTwoSDK.dir/home/michelle/pico/pico-sdk/src/rp2_common/hardware_irq/irq.c.o
                0x10000464                irq_set_exclusive_handler
 .text.lock_init
                0x100004b8       0x10 CMakeFiles/SimpleButtonsTwoSDK.dir/home/michelle/pico/pico-sdk/src/common/pico_sync/lock_core.c.o
                0x100004b8                lock_init
 .text.runtime_init_mutex
                0x100004c8       0x68 CMakeFiles/SimpleButtonsTwoSDK.dir/home/michelle/pico/pico-sdk/src/common/pico_sync/mutex.c.o
                0x100004c8                runtime_init_mutex
 .text.sleep_until_callback
                0x10000530       0x30 CMakeFiles/SimpleButtonsTwoSDK.dir/home/michelle/pico/pico-sdk/src/common/pico_time/time.c.o
 .text.alarm_pool_irq_handler
                0x10000560      0x318 CMakeFiles/SimpleButtonsTwoSDK.dir/home/michelle/pico/pico-sdk/src/common/pico_time/time.c.o
 .text.runtime_init_default_alarm_pool
                0x10000878       0xdc CMakeFiles/SimpleButtonsTwoSDK.dir/home/michelle/pico/pico-sdk/src/common/pico_time/time.c.o
                0x10000878                runtime_init_default_alarm_pool
 .text.alarm_pool_add_alarm_at_force_in_context
                0x10000954       0xa8 CMakeFiles/SimpleButtonsTwoSDK.dir/home/michelle/pico/pico-sdk/src/common/pico_time/time.c.o
                0x10000954                alarm_pool_add_alarm_at_force_in_context
 .text.alarm_pool_cancel_alarm
                0x100009fc       0x78 CMakeFiles/SimpleButtonsTwoSDK.dir/home/michelle/pico/pico-sdk/src/common/pico_time/time.c.o
                0x100009fc                alarm_pool_cancel_alarm
 .text.best_effort_wfe_or_timeout
                0x10000a74       0xfc CMakeFiles/SimpleButtonsTwoSDK.dir/home/michelle/pico/pico-sdk/src/common/pico_time/time.c.o
                0x10000a74                best_effort_wfe_or_timeout
 .text.timer_hardware_alarm_claim
                0x10000b70       0x14 CMakeFiles/SimpleButtonsTwoSDK.dir/home/michelle/pico/pico-sdk/src/rp2_common/hardware_timer/timer.c.o
                0x10000b70                timer_hardware_alarm_claim
 .text.timer_time_us_64
                0x10000b84       0x14 CMakeFiles/SimpleButtonsTwoSDK.dir/home/michelle/pico/pico-sdk/src/rp2_common/hardware_timer/timer.c.o
                0x10000b84                timer_time_us_64
 .text.time_us_64
                0x10000b98       0x18 CMakeFiles/SimpleButtonsTwoSDK.dir/home/michelle/pico/pico-sdk/src/rp2_common/hardware_timer/timer.c.o
                0x10000b98                time_us_64
 .text.clock_configure_int_divider
                0x10000bb0      0x128 CMakeFiles/SimpleButtonsTwoSDK.dir/home/michelle/pico/pico-sdk/src/rp2_common/hardware_clocks/clocks.c.o
                0x10000bb0                clock_configure_int_divider
 .text.clock_configure_undivided
                0x10000cd8      0x128 CMakeFiles/SimpleButtonsTwoSDK.dir/home/michelle/pico/pico-sdk/src/rp2_common/hardware_clocks/clocks.c.o
                0x10000cd8                clock_configure_undivided
 .text.clock_get_hz
                0x10000e00        0xc CMakeFiles/SimpleButtonsTwoSDK.dir/home/michelle/pico/pico-sdk/src/rp2_common/hardware_clocks/clocks.c.o
                0x10000e00                clock_get_hz
 .text.pll_init
                0x10000e0c       0xa0 CMakeFiles/SimpleButtonsTwoSDK.dir/home/michelle/pico/pico-sdk/src/rp2_common/hardware_pll/pll.c.o
                0x10000e0c                pll_init
 .text.tick_start
                0x10000eac       0x10 CMakeFiles/SimpleButtonsTwoSDK.dir/home/michelle/pico/pico-sdk/src/rp2_common/hardware_ticks/ticks.c.o
                0x10000eac                tick_start
 .text.rom_func_lookup
                0x10000ebc       0x10 CMakeFiles/SimpleButtonsTwoSDK.dir/home/michelle/pico/pico-sdk/src/rp2_common/pico_bootrom/bootrom.c.o
                0x10000ebc                rom_func_lookup
 .text.rom_data_lookup
                0x10000ecc       0x10 CMakeFiles/SimpleButtonsTwoSDK.dir/home/michelle/pico/pico-sdk/src/rp2_common/pico_bootrom/bootrom.c.o
                0x10000ecc                rom_data_lookup
 .text.rom_funcs_lookup
                0x10000edc       0x3c CMakeFiles/SimpleButtonsTwoSDK.dir/home/michelle/pico/pico-sdk/src/rp2_common/pico_bootrom/bootrom.c.o
                0x10000edc                rom_funcs_lookup
 .text.xosc_init
                0x10000f18       0x28 CMakeFiles/SimpleButtonsTwoSDK.dir/home/michelle/pico/pico-sdk/src/rp2_common/hardware_xosc/xosc.c.o
                0x10000f18                xosc_init
 .text.first_per_core_initializer
                0x10000f40        0x4 CMakeFiles/SimpleButtonsTwoSDK.dir/home/michelle/pico/pico-sdk/src/rp2_common/pico_runtime/runtime.c.o
 .text.hard_assertion_failure
                0x10000f44        0xc CMakeFiles/SimpleButtonsTwoSDK.dir/home/michelle/pico/pico-sdk/src/rp2_common/pico_runtime/runtime.c.o
                0x10000f44                hard_assertion_failure
 .text.runtime_run_initializers
                0x10000f50       0x28 CMakeFiles/SimpleButtonsTwoSDK.dir/home/michelle/pico/pico-sdk/src/rp2_common/pico_runtime/runtime.c.o
                0x10000f50                runtime_run_initializers
 .text.runtime_init_early_resets
                0x10000f78       0x2c CMakeFiles/SimpleButtonsTwoSDK.dir/home/michelle/pico/pico-sdk/src/rp2_common/pico_runtime_init/runtime_init.c.o
                0x10000f78                runtime_init_early_resets
 .text.runtime_init_usb_power_down
                0x10000fa4       0x1c CMakeFiles/SimpleButtonsTwoSDK.dir/home/michelle/pico/pico-sdk/src/rp2_common/pico_runtime_init/runtime_init.c.o
                0x10000fa4                runtime_init_usb_power_down
 .text.runtime_init_post_clock_resets
                0x10000fc0       0x20 CMakeFiles/SimpleButtonsTwoSDK.dir/home/michelle/pico/pico-sdk/src/rp2_common/pico_runtime_init/runtime_init.c.o
                0x10000fc0                runtime_init_post_clock_resets
 .text.runtime_init_rp2040_gpio_ie_disable
                0x10000fe0       0x14 CMakeFiles/SimpleButtonsTwoSDK.dir/home/michelle/pico/pico-sdk/src/rp2_common/pico_runtime_init/runtime_init.c.o
                0x10000fe0                runtime_init_rp2040_gpio_ie_disable
 .text.runtime_init_spin_locks_reset
                0x10000ff4        0x8 CMakeFiles/SimpleButtonsTwoSDK.dir/home/michelle/pico/pico-sdk/src/rp2_common/pico_runtime_init/runtime_init.c.o
                0x10000ff4                runtime_init_spin_locks_reset
 .text.runtime_init_install_ram_vector_table
                0x10000ffc       0xb8 CMakeFiles/SimpleButtonsTwoSDK.dir/home/michelle/pico/pico-sdk/src/rp2_common/pico_runtime_init/runtime_init.c.o
                0x10000ffc                runtime_init_install_ram_vector_table
 .text.runtime_init_clocks
                0x100010b4       0xd8 CMakeFiles/SimpleButtonsTwoSDK.dir/home/michelle/pico/pico-sdk/src/rp2_common/pico_runtime_init/runtime_init_clocks.c.o
                0x100010b4                runtime_init_clocks
 .text          0x1000118c       0x10 CMakeFiles/SimpleButtonsTwoSDK.dir/home/michelle/pico/pico-sdk/src/rp2_common/pico_bit_ops/bit_ops_aeabi.S.o
 .text.__wrap___aeabi_uidiv
                0x1000119c       0x4c CMakeFiles/SimpleButtonsTwoSDK.dir/home/michelle/pico/pico-sdk/src/rp2_common/pico_divider/divider_hardware.S.o
                0x1000119c                __wrap___aeabi_uidiv
                0x1000119c                __wrap___aeabi_uidivmod
                0x1000119c                div_u32u32
                0x1000119c                divmod_u32u32
                0x100011a4                divmod_u32u32_unsafe
                0x100011cc                divmod_u32u32_savestate
 .text.__aeabi_double_init
                0x100011e8       0xc8 CMakeFiles/SimpleButtonsTwoSDK.dir/home/michelle/pico/pico-sdk/src/rp2_common/pico_double/double_init_rom_rp2040.c.o
                0x100011e8                __aeabi_double_init
 .text.double_table_shim_on_use_helper
                0x100012b0       0x2c CMakeFiles/SimpleButtonsTwoSDK.dir/home/michelle/pico/pico-sdk/src/rp2_common/pico_double/double_v1_rom_shim_rp2040.S.o
                0x100012b0                double_table_shim_on_use_helper
 .text.__aeabi_float_init
                0x100012dc       0x68 CMakeFiles/SimpleButtonsTwoSDK.dir/home/michelle/pico/pico-sdk/src/rp2_common/pico_float/float_init_rom_rp2040.c.o
                0x100012dc                __aeabi_float_init
 .text.float_table_shim_on_use_helper
                0x10001344       0x2c CMakeFiles/SimpleButtonsTwoSDK.dir/home/michelle/pico/pico-sdk/src/rp2_common/pico_float/float_v1_rom_shim_rp2040.S.o
                0x10001344                float_table_shim_on_use_helper
 .text          0x10001370       0x10 CMakeFiles/SimpleButtonsTwoSDK.dir/home/michelle/pico/pico-sdk/src/rp2_common/pico_mem_ops/mem_ops_aeabi.S.o
                0x10001370                __aeabi_mem_init
 .text.memset   0x10001380        0xc CMakeFiles/SimpleButtonsTwoSDK.dir/home/michelle/pico/pico-sdk/src/rp2_common/pico_mem_ops/mem_ops_aeabi.S.o
                0x10001380                __wrap_memset
 .text.memcpy   0x1000138c        0xc CMakeFiles/SimpleButtonsTwoSDK.dir/home/michelle/pico/pico-sdk/src/rp2_common/pico_mem_ops/mem_ops_aeabi.S.o
                0x1000138c                __wrap___aeabi_memcpy
                0x1000138c                __wrap_memcpy
 .text._out_char
                0x10001398       0x10 CMakeFiles/SimpleButtonsTwoSDK.dir/home/michelle/pico/pico-sdk/src/rp2_common/pico_printf/printf.c.o
 .text.weak_raw_vprintf
                0x100013a8       0x30 CMakeFiles/SimpleButtonsTwoSDK.dir/home/michelle/pico/pico-sdk/src/rp2_common/pico_printf/printf.c.o
                0x100013a8                weak_raw_vprintf
 .text._exit    0x100013d8        0x4 CMakeFiles/SimpleButtonsTwoSDK.dir/home/michelle/pico/pico-sdk/src/rp2_common/pico_clib_interface/newlib_interface.c.o
                0x100013d8                _exit
 .text.exit     0x100013dc        0x8 CMakeFiles/SimpleButtonsTwoSDK.dir/home/michelle/pico/pico-sdk/src/rp2_common/pico_clib_interface/newlib_interface.c.o
                0x100013dc                exit
 .text.runtime_init
                0x100013e4       0x2c CMakeFiles/SimpleButtonsTwoSDK.dir/home/michelle/pico/pico-sdk/src/rp2_common/pico_clib_interface/newlib_interface.c.o
                0x100013e4                runtime_init
 .text.stdio_out_chars_no_crlf
                0x10001410       0x10 CMakeFiles/SimpleButtonsTwoSDK.dir/home/michelle/pico/pico-sdk/src/rp2_common/pico_stdio/stdio.c.o
 .text.stdio_out_chars_crlf
                0x10001420       0xac CMakeFiles/SimpleButtonsTwoSDK.dir/home/michelle/pico/pico-sdk/src/rp2_common/pico_stdio/stdio.c.o
 .text.stdio_put_string
                0x100014cc      0x100 CMakeFiles/SimpleButtonsTwoSDK.dir/home/michelle/pico/pico-sdk/src/rp2_common/pico_stdio/stdio.c.o
                0x100014cc                stdio_put_string
 .text.__wrap_putchar
                0x100015cc       0x98 CMakeFiles/SimpleButtonsTwoSDK.dir/home/michelle/pico/pico-sdk/src/rp2_common/pico_stdio/stdio.c.o
                0x100015cc                stdio_putchar
                0x100015cc                __wrap_putchar
 .text.__wrap_puts
                0x10001664       0x3c CMakeFiles/SimpleButtonsTwoSDK.dir/home/michelle/pico/pico-sdk/src/rp2_common/pico_stdio/stdio.c.o
                0x10001664                __wrap_puts
                0x10001664                stdio_puts
 .text.startup._retrieve_unique_id_on_boot
                0x100016a0       0x10 CMakeFiles/SimpleButtonsTwoSDK.dir/home/michelle/pico/pico-sdk/src/rp2_common/pico_unique_id/unique_id.c.o
 .text.flash_get_unique_id
                0x100016b0       0x3c CMakeFiles/SimpleButtonsTwoSDK.dir/home/michelle/pico/pico-sdk/src/rp2_common/hardware_flash/flash.c.o
                0x100016b0                flash_get_unique_id
 .text          0x100016ec       0x68 /usr/lib/gcc/arm-none-eabi/8.3.1/../../../arm-none-eabi/lib/thumb/v6-m/nofp/libg.a(lib_a-strlen-stub.o)
                0x100016ec                strlen
 *(.fini)
 .fini          0x10001754        0x4 /usr/lib/gcc/arm-none-eabi/8.3.1/thumb/v6-m/nofp/crti.o
                0x10001754                _fini
 .fini.__stub   0x10001758       0x40 linker stubs
 *crtbegin.o(.ctors)
 *crtbegin?.o(.ctors)
 *(EXCLUDE_FILE(*crtend.o *crtend?.o) .ctors)
 *(SORT_BY_NAME(.ctors.*))
 *(.ctors)
 *crtbegin.o(.dtors)
 *crtbegin?.o(.dtors)
 *(EXCLUDE_FILE(*crtend.o *crtend?.o) .dtors)
 *(SORT_BY_NAME(.dtors.*))
 *(.dtors)
                0x10001798                . = ALIGN (0x4)
                0x10001798                PROVIDE (__preinit_array_start = .)
 *(SORT_BY_NAME(.preinit_array.*))
 .preinit_array.00100
                0x10001798        0x4 CMakeFiles/SimpleButtonsTwoSDK.dir/home/michelle/pico/pico-sdk/src/rp2_common/pico_runtime_init/runtime_init.c.o
                0x10001798                __pre_init_runtime_init_early_resets
 .preinit_array.00101
                0x1000179c        0x4 CMakeFiles/SimpleButtonsTwoSDK.dir/home/michelle/pico/pico-sdk/src/rp2_common/pico_runtime_init/runtime_init.c.o
                0x1000179c                __pre_init_runtime_init_usb_power_down
 .preinit_array.00275
                0x100017a0        0x4 CMakeFiles/SimpleButtonsTwoSDK.dir/home/michelle/pico/pico-sdk/src/rp2_common/pico_bit_ops/bit_ops_aeabi.S.o
 .preinit_array.00300
                0x100017a4        0x4 CMakeFiles/SimpleButtonsTwoSDK.dir/home/michelle/pico/pico-sdk/src/rp2_common/pico_mem_ops/mem_ops_aeabi.S.o
 .preinit_array.00350
                0x100017a8        0x4 CMakeFiles/SimpleButtonsTwoSDK.dir/home/michelle/pico/pico-sdk/src/rp2_common/pico_double/double_aeabi_rp2040.S.o
 .preinit_array.00350
                0x100017ac        0x4 CMakeFiles/SimpleButtonsTwoSDK.dir/home/michelle/pico/pico-sdk/src/rp2_common/pico_float/float_aeabi_rp2040.S.o
 .preinit_array.00500
                0x100017b0        0x4 CMakeFiles/SimpleButtonsTwoSDK.dir/home/michelle/pico/pico-sdk/src/rp2_common/pico_runtime_init/runtime_init.c.o
                0x100017b0                __pre_init_runtime_init_clocks
 .preinit_array.00600
                0x100017b4        0x4 CMakeFiles/SimpleButtonsTwoSDK.dir/home/michelle/pico/pico-sdk/src/rp2_common/pico_runtime_init/runtime_init.c.o
                0x100017b4                __pre_init_runtime_init_post_clock_resets
 .preinit_array.00700
                0x100017b8        0x4 CMakeFiles/SimpleButtonsTwoSDK.dir/home/michelle/pico/pico-sdk/src/rp2_common/pico_runtime_init/runtime_init.c.o
                0x100017b8                __pre_init_runtime_init_rp2040_gpio_ie_disable
 .preinit_array.01000
                0x100017bc        0x4 CMakeFiles/SimpleButtonsTwoSDK.dir/home/michelle/pico/pico-sdk/src/rp2_common/pico_runtime_init/runtime_init.c.o
                0x100017bc                __pre_init_runtime_init_spin_locks_reset
 .preinit_array.01100
                0x100017c0        0x4 CMakeFiles/SimpleButtonsTwoSDK.dir/home/michelle/pico/pico-sdk/src/common/pico_sync/mutex.c.o
                0x100017c0                __pre_init_runtime_init_mutex
 .preinit_array.10080
                0x100017c4        0x4 CMakeFiles/SimpleButtonsTwoSDK.dir/home/michelle/pico/pico-sdk/src/rp2_common/pico_runtime_init/runtime_init.c.o
                0x100017c4                __pre_init_runtime_init_install_ram_vector_table
 .preinit_array.11000
                0x100017c8        0x4 CMakeFiles/SimpleButtonsTwoSDK.dir/home/michelle/pico/pico-sdk/src/common/pico_time/time.c.o
                0x100017c8                __pre_init_runtime_init_default_alarm_pool
 .preinit_array.YYYYY
                0x100017cc        0x4 CMakeFiles/SimpleButtonsTwoSDK.dir/home/michelle/pico/pico-sdk/src/rp2_common/pico_runtime/runtime.c.o
                0x100017cc                __pre_init_first_per_core_initializer
 .preinit_array.ZZZZZ.01200
                0x100017d0        0x4 CMakeFiles/SimpleButtonsTwoSDK.dir/home/michelle/pico/pico-sdk/src/rp2_common/hardware_irq/irq.c.o
                0x100017d0                __pre_init_runtime_init_per_core_irq_priorities
 *(.preinit_array)
                0x100017d4                PROVIDE (__preinit_array_end = .)
                0x100017d4                . = ALIGN (0x4)
                0x100017d4                PROVIDE (__init_array_start = .)
 *(SORT_BY_NAME(.init_array.*))
 .init_array.01000
                0x100017d4        0x4 CMakeFiles/SimpleButtonsTwoSDK.dir/home/michelle/pico/pico-sdk/src/rp2_common/pico_unique_id/unique_id.c.o
 *(.init_array)
 .init_array    0x100017d8        0x4 /usr/lib/gcc/arm-none-eabi/8.3.1/thumb/v6-m/nofp/crtbegin.o
                0x100017dc                PROVIDE (__init_array_end = .)
                0x100017dc                . = ALIGN (0x4)
                0x100017dc                PROVIDE (__fini_array_start = .)
 *(SORT_BY_NAME(.fini_array.*))
 *(.fini_array)
                0x100017dc                PROVIDE (__fini_array_end = .)
 *(.eh_frame*)
 .eh_frame      0x100017dc        0x0 /usr/lib/gcc/arm-none-eabi/8.3.1/thumb/v6-m/nofp/crtbegin.o
                0x100017dc                . = ALIGN (0x4)

.glue_7         0x100017dc        0x0
 .glue_7        0x100017dc        0x0 linker stubs

.glue_7t        0x100017dc        0x0
 .glue_7t       0x100017dc        0x0 linker stubs

.vfp11_veneer   0x100017dc        0x0
 .vfp11_veneer  0x100017dc        0x0 linker stubs

.v4_bx          0x100017dc        0x0
 .v4_bx         0x100017dc        0x0 linker stubs

.iplt           0x100017dc        0x0
 .iplt          0x100017dc        0x0 /usr/lib/gcc/arm-none-eabi/8.3.1/thumb/v6-m/nofp/crtbegin.o

.rodata         0x100017dc       0xe4
 *(EXCLUDE_FILE(*libm.a: *libc.a:*lib_a-mem*.o *libgcc.a:) .rodata*)
 .rodata.panic.str1.4
                0x100017dc       0x12 CMakeFiles/SimpleButtonsTwoSDK.dir/home/michelle/pico/pico-sdk/src/rp2_common/pico_platform_panic/panic.c.o
 *fill*         0x100017ee        0x2 
 .rodata.timer_hardware_alarm_claim.str1.4
                0x100017f0       0x22 CMakeFiles/SimpleButtonsTwoSDK.dir/home/michelle/pico/pico-sdk/src/rp2_common/hardware_timer/timer.c.o
 *fill*         0x10001812        0x2 
 .rodata.hard_assertion_failure.str1.4
                0x10001814        0xc CMakeFiles/SimpleButtonsTwoSDK.dir/home/michelle/pico/pico-sdk/src/rp2_common/pico_runtime/runtime.c.o
 .rodata.__bi_26
                0x10001820        0xc CMakeFiles/SimpleButtonsTwoSDK.dir/home/michelle/pico/pico-sdk/src/rp2_common/pico_standard_binary_info/standard_binary_info.c.o
 .rodata.__bi_34
                0x1000182c        0xc CMakeFiles/SimpleButtonsTwoSDK.dir/home/michelle/pico/pico-sdk/src/rp2_common/pico_standard_binary_info/standard_binary_info.c.o
 .rodata.__bi_42
                0x10001838        0xc CMakeFiles/SimpleButtonsTwoSDK.dir/home/michelle/pico/pico-sdk/src/rp2_common/pico_standard_binary_info/standard_binary_info.c.o
 .rodata.__bi_48
                0x10001844        0xc CMakeFiles/SimpleButtonsTwoSDK.dir/home/michelle/pico/pico-sdk/src/rp2_common/pico_standard_binary_info/standard_binary_info.c.o
 .rodata.__bi_54
                0x10001850        0xc CMakeFiles/SimpleButtonsTwoSDK.dir/home/michelle/pico/pico-sdk/src/rp2_common/pico_standard_binary_info/standard_binary_info.c.o
 .rodata.__bi_78
                0x1000185c        0xc CMakeFiles/SimpleButtonsTwoSDK.dir/home/michelle/pico/pico-sdk/src/rp2_common/pico_standard_binary_info/standard_binary_info.c.o
 .rodata.__bi_84
                0x10001868        0xc CMakeFiles/SimpleButtonsTwoSDK.dir/home/michelle/pico/pico-sdk/src/rp2_common/pico_standard_binary_info/standard_binary_info.c.o
 .rodata.str1.4
                0x10001874       0x48 CMakeFiles/SimpleButtonsTwoSDK.dir/home/michelle/pico/pico-sdk/src/rp2_common/pico_standard_binary_info/standard_binary_info.c.o
 .rodata.crlf_str.6195
                0x100018bc        0x2 CMakeFiles/SimpleButtonsTwoSDK.dir/home/michelle/pico/pico-sdk/src/rp2_common/pico_stdio/stdio.c.o
                0x100018c0                . = ALIGN (0x4)
 *fill*         0x100018be        0x2 
 *(SORT_BY_ALIGNMENT(SORT_BY_NAME(.flashdata*)))
                0x100018c0                . = ALIGN (0x4)

.ARM.extab
 *(.ARM.extab* .gnu.linkonce.armextab.*)
                0x100018c0                __exidx_start = .

.ARM.exidx
 *(.ARM.exidx* .gnu.linkonce.armexidx.*)
                0x100018c0                __exidx_end = .
                0x100018c0                . = ALIGN (0x4)
                0x100018c0                __binary_info_start = .

.binary_info    0x100018c0       0x1c
 *(.binary_info.keep.*)
 .binary_info.keep.__bi_ptr26
                0x100018c0        0x4 CMakeFiles/SimpleButtonsTwoSDK.dir/home/michelle/pico/pico-sdk/src/rp2_common/pico_standard_binary_info/standard_binary_info.c.o
 .binary_info.keep.__bi_ptr34
                0x100018c4        0x4 CMakeFiles/SimpleButtonsTwoSDK.dir/home/michelle/pico/pico-sdk/src/rp2_common/pico_standard_binary_info/standard_binary_info.c.o
 .binary_info.keep.__bi_ptr42
                0x100018c8        0x4 CMakeFiles/SimpleButtonsTwoSDK.dir/home/michelle/pico/pico-sdk/src/rp2_common/pico_standard_binary_info/standard_binary_info.c.o
 .binary_info.keep.__bi_ptr48
                0x100018cc        0x4 CMakeFiles/SimpleButtonsTwoSDK.dir/home/michelle/pico/pico-sdk/src/rp2_common/pico_standard_binary_info/standard_binary_info.c.o
 .binary_info.keep.__bi_ptr54
                0x100018d0        0x4 CMakeFiles/SimpleButtonsTwoSDK.dir/home/michelle/pico/pico-sdk/src/rp2_common/pico_standard_binary_info/standard_binary_info.c.o
 .binary_info.keep.__bi_ptr78
                0x100018d4        0x4 CMakeFiles/SimpleButtonsTwoSDK.dir/home/michelle/pico/pico-sdk/src/rp2_common/pico_standard_binary_info/standard_binary_info.c.o
 .binary_info.keep.__bi_ptr84
                0x100018d8        0x4 CMakeFiles/SimpleButtonsTwoSDK.dir/home/michelle/pico/pico-sdk/src/rp2_common/pico_standard_binary_info/standard_binary_info.c.o
 *(.binary_info.*)
                0x100018dc                __binary_info_end = .
                0x100018dc                . = ALIGN (0x4)

.ram_vector_table
                0x20000000       0xc0
 *(.ram_vector_table)
 .ram_vector_table
                0x20000000       0xc0 CMakeFiles/SimpleButtonsTwoSDK.dir/home/michelle/pico/pico-sdk/src/rp2_common/pico_runtime_init/runtime_init.c.o
                0x20000000                ram_vector_table

.uninitialized_data
                0x200000c0        0x0
                0x200000c0                . = ALIGN (0x4)
 *(.uninitialized_data*)

.data           0x200000c0      0x2c8 load address 0x100018dc
                0x200000c0                __data_start__ = .
 *(vtable)
 *(.time_critical*)
 .time_critical.mutex_try_enter_block_until
                0x200000c0       0xb0 CMakeFiles/SimpleButtonsTwoSDK.dir/home/michelle/pico/pico-sdk/src/common/pico_sync/mutex.c.o
                0x200000c0                mutex_try_enter_block_until
 .time_critical.mutex_exit
                0x20000170       0x28 CMakeFiles/SimpleButtonsTwoSDK.dir/home/michelle/pico/pico-sdk/src/common/pico_sync/mutex.c.o
                0x20000170                mutex_exit
 .time_critical.flash_init_boot2_copyout
                0x20000198       0x30 CMakeFiles/SimpleButtonsTwoSDK.dir/home/michelle/pico/pico-sdk/src/rp2_common/hardware_flash/flash.c.o
 .time_critical.flash_enable_xip_via_boot2
                0x200001c8       0x10 CMakeFiles/SimpleButtonsTwoSDK.dir/home/michelle/pico/pico-sdk/src/rp2_common/hardware_flash/flash.c.o
 .time_critical.flash_save_hardware_state
                0x200001d8       0x28 CMakeFiles/SimpleButtonsTwoSDK.dir/home/michelle/pico/pico-sdk/src/rp2_common/hardware_flash/flash.c.o
 .time_critical.flash_restore_hardware_state
                0x20000200       0x28 CMakeFiles/SimpleButtonsTwoSDK.dir/home/michelle/pico/pico-sdk/src/rp2_common/hardware_flash/flash.c.o
 .time_critical.flash_cs_force
                0x20000228       0x38 CMakeFiles/SimpleButtonsTwoSDK.dir/home/michelle/pico/pico-sdk/src/rp2_common/hardware_flash/flash.c.o
 .time_critical.flash_do_cmd
                0x20000260       0xc4 CMakeFiles/SimpleButtonsTwoSDK.dir/home/michelle/pico/pico-sdk/src/rp2_common/hardware_flash/flash.c.o
                0x20000260                flash_do_cmd
 *(.text*)
 .text          0x20000324        0x4 /usr/lib/gcc/arm-none-eabi/8.3.1/thumb/v6-m/nofp/libgcc.a(_dvmd_tls.o)
                0x20000324                __aeabi_ldiv0
                0x20000324                __aeabi_idiv0
 .text.__stub   0x20000328       0x10 linker stubs
                0x20000338                . = ALIGN (0x4)
 *(.rodata*)
                0x20000338                . = ALIGN (0x4)
 *(.data*)
 .data.striped_spin_lock_num
                0x20000338        0x1 CMakeFiles/SimpleButtonsTwoSDK.dir/home/michelle/pico/pico-sdk/src/rp2_common/hardware_sync/sync.c.o
 *fill*         0x20000339        0x3 
 .data.default_alarm_pool
                0x2000033c       0x18 CMakeFiles/SimpleButtonsTwoSDK.dir/home/michelle/pico/pico-sdk/src/common/pico_time/time.c.o
 *fill*         0x20000354        0xc 
 .data.aeabi_bits_funcs
                0x20000360       0x10 CMakeFiles/SimpleButtonsTwoSDK.dir/home/michelle/pico/pico-sdk/src/rp2_common/pico_bit_ops/bit_ops_aeabi.S.o
                0x20000360                aeabi_bits_funcs
                0x20000370                aeabi_bits_funcs_end
 .data.aeabi_mem_funcs
                0x20000370       0x10 CMakeFiles/SimpleButtonsTwoSDK.dir/home/michelle/pico/pico-sdk/src/rp2_common/pico_mem_ops/mem_ops_aeabi.S.o
                0x20000370                aeabi_mem_funcs
                0x20000380                aeabi_mem_funcs_end
                0x20000380                . = ALIGN (0x4)
 *(.after_data.*)
                0x20000380                . = ALIGN (0x4)
                0x20000380                PROVIDE (__mutex_array_start = .)
 *(SORT_BY_NAME(.mutex_array.*))
 *(.mutex_array)
 .mutex_array   0x20000380        0x8 CMakeFiles/SimpleButtonsTwoSDK.dir/home/michelle/pico/pico-sdk/src/rp2_common/pico_stdio/stdio.c.o
                0x20000388                PROVIDE (__mutex_array_end = .)
                0x20000388                . = ALIGN (0x4)
 *(.jcr)
                0x20000388                . = ALIGN (0x4)

.tm_clone_table
                0x20000388        0x0 load address 0x10001ba4
 .tm_clone_table
                0x20000388        0x0 /usr/lib/gcc/arm-none-eabi/8.3.1/thumb/v6-m/nofp/crtbegin.o
 .tm_clone_table
                0x20000388        0x0 /usr/lib/gcc/arm-none-eabi/8.3.1/thumb/v6-m/nofp/crtend.o

.igot.plt       0x20000388        0x0 load address 0x10001ba4
 .igot.plt      0x20000388        0x0 /usr/lib/gcc/arm-none-eabi/8.3.1/thumb/v6-m/nofp/crtbegin.o

.tdata          0x20000388        0x0 load address 0x10001ba4
                0x20000388                . = ALIGN (0x4)
 *(.tdata .tdata.* .gnu.linkonce.td.*)
                0x20000388                __tdata_end = .
                0x20000388                PROVIDE (__data_end__ = .)
                0x100018dc                __etext = LOADADDR (.data)

.tbss           0x20000388        0x0 load address 0x10001ba4
                0x20000388                . = ALIGN (0x4)
                0x20000388                __bss_start__ = .
                0x20000388                __tls_base = .
 *(.tbss .tbss.* .gnu.linkonce.tb.*)
 *(.tcommon)
                0x20000388                __tls_end = .

.bss            0x20000388      0x4f8 load address 0x10001ba4
                0x20000388                . = ALIGN (0x4)
                0x20000388                __tbss_end = .
 *(SORT_BY_ALIGNMENT(SORT_BY_NAME(.bss*)))
 .bss.default_alarm_pool_entries
                0x20000388      0x180 CMakeFiles/SimpleButtonsTwoSDK.dir/home/michelle/pico/pico-sdk/src/common/pico_time/time.c.o
 .bss           0x20000508       0x1c /usr/lib/gcc/arm-none-eabi/8.3.1/thumb/v6-m/nofp/crtbegin.o
 .bss.boot2_copyout
                0x20000524      0x100 CMakeFiles/SimpleButtonsTwoSDK.dir/home/michelle/pico/pico-sdk/src/rp2_common/hardware_flash/flash.c.o
 .bss.claimed   0x20000624        0x1 CMakeFiles/SimpleButtonsTwoSDK.dir/home/michelle/pico/pico-sdk/src/rp2_common/hardware_timer/timer.c.o
 *fill*         0x20000625        0x3 
 .bss.configured_freq
                0x20000628       0x28 CMakeFiles/SimpleButtonsTwoSDK.dir/home/michelle/pico/pico-sdk/src/rp2_common/hardware_clocks/clocks.c.o
 .bss.drivers   0x20000650        0x4 CMakeFiles/SimpleButtonsTwoSDK.dir/home/michelle/pico/pico-sdk/src/rp2_common/pico_stdio/stdio.c.o
 .bss.filter    0x20000654        0x4 CMakeFiles/SimpleButtonsTwoSDK.dir/home/michelle/pico/pico-sdk/src/rp2_common/pico_stdio/stdio.c.o
 .bss.lazy_vsnprintf
                0x20000658        0x4 CMakeFiles/SimpleButtonsTwoSDK.dir/home/michelle/pico/pico-sdk/src/rp2_common/pico_printf/printf.c.o
 .bss.pools     0x2000065c       0x10 CMakeFiles/SimpleButtonsTwoSDK.dir/home/michelle/pico/pico-sdk/src/common/pico_time/time.c.o
 .bss.retrieved_id
                0x2000066c        0x8 CMakeFiles/SimpleButtonsTwoSDK.dir/home/michelle/pico/pico-sdk/src/rp2_common/pico_unique_id/unique_id.c.o
 .bss.sf_clz_func
                0x20000674        0x4 CMakeFiles/SimpleButtonsTwoSDK.dir/home/michelle/pico/pico-sdk/src/rp2_common/pico_double/double_init_rom_rp2040.c.o
                0x20000674                sf_clz_func
 .bss.sleep_notifier
                0x20000678        0x4 CMakeFiles/SimpleButtonsTwoSDK.dir/home/michelle/pico/pico-sdk/src/common/pico_time/time.c.o
 .bss.boot2_copyout_valid
                0x2000067c        0x1 CMakeFiles/SimpleButtonsTwoSDK.dir/home/michelle/pico/pico-sdk/src/rp2_common/hardware_flash/flash.c.o
 *(COMMON)
 *fill*         0x2000067d        0x3 
 COMMON         0x20000680      0x100 CMakeFiles/SimpleButtonsTwoSDK.dir/home/michelle/pico/pico-sdk/src/rp2_common/pico_double/double_init_rom_rp2040.c.o
                0x20000680                sd_table
 COMMON         0x20000780      0x100 CMakeFiles/SimpleButtonsTwoSDK.dir/home/michelle/pico/pico-sdk/src/rp2_common/pico_float/float_init_rom_rp2040.c.o
                0x20000780                sf_table
                0x20000880                . = ALIGN (0x4)
                0x20000880                __bss_end__ = .

.heap           0x20000880      0x800 load address 0x10001ba4
                0x20000880                __end__ = .
                0x20000880                end = __end__
 *(.heap*)
 .heap          0x20000880      0x800 CMakeFiles/SimpleButtonsTwoSDK.dir/home/michelle/pico/pico-sdk/src/rp2_common/pico_crt0/crt0.S.o
                0x20040000                __HeapLimit = (ORIGIN (RAM) + LENGTH (RAM))

.scratch_x      0x20040000        0x0 load address 0x10001ba4
                0x20040000                __scratch_x_start__ = .
 *(.scratch_x.*)
                0x20040000                . = ALIGN (0x4)
                0x20040000                __scratch_x_end__ = .
                0x10001ba4                __scratch_x_source__ = LOADADDR (.scratch_x)

.scratch_y      0x20041000        0x0 load address 0x10001ba4
                0x20041000                __scratch_y_start__ = .
 *(.scratch_y.*)
                0x20041000                . = ALIGN (0x4)
                0x20041000                __scratch_y_end__ = .
                0x10001ba4                __scratch_y_source__ = LOADADDR (.scratch_y)

.stack1_dummy   0x20040000        0x0
 *(.stack1*)

.stack_dummy    0x20041000      0x800
 *(.stack*)
 .stack         0x20041000      0x800 CMakeFiles/SimpleButtonsTwoSDK.dir/home/michelle/pico/pico-sdk/src/rp2_common/pico_crt0/crt0.S.o

.rel.dyn        0x20041800        0x0
 .rel.iplt      0x20041800        0x0 /usr/lib/gcc/arm-none-eabi/8.3.1/thumb/v6-m/nofp/crtbegin.o

.flash_end      0x10001ba4        0x0
 *(.embedded_end_block*)
                0x10001ba4                PROVIDE (__flash_binary_end = .)
                0x20040000                __StackLimit = (ORIGIN (RAM) + LENGTH (RAM))
                0x20041000                __StackOneTop = (ORIGIN (SCRATCH_X) + LENGTH (SCRATCH_X))
                0x20042000                __StackTop = (ORIGIN (SCRATCH_Y) + LENGTH (SCRATCH_Y))
                0x20041000                __StackOneBottom = (__StackOneTop - SIZEOF (.stack1_dummy))
                0x20041800                __StackBottom = (__StackTop - SIZEOF (.stack_dummy))
                0x20042000                PROVIDE (__stack = __StackTop)
                [!provide]                PROVIDE (__heap_start = __end__)
                [!provide]                PROVIDE (__heap_end = __HeapLimit)
                [!provide]                PROVIDE (__tls_align = MAX (ALIGNOF (.tdata), ALIGNOF (.tbss)))
                [!provide]                PROVIDE (__tls_size_align = (((__tls_size + __tls_align) - 0x1) & ~ ((__tls_align - 0x1))))
                [!provide]                PROVIDE (__arm32_tls_tcb_offset = MAX (0x8, __tls_align))
                [!provide]                PROVIDE (_end = __end__)
                [!provide]                PROVIDE (__llvm_libc_heap_limit = __HeapLimit)
                0x00000001                ASSERT ((__StackLimit >= __HeapLimit), region RAM overflowed)
                0x00000001                ASSERT (((__binary_info_header_end - __logical_binary_start) <= 0x100), Binary info must be in first 256 bytes of the binary)
LOAD CMakeFiles/SimpleButtonsTwoSDK.dir/SimpleButtonsTwoSDK.S.o
LOAD CMakeFiles/SimpleButtonsTwoSDK.dir/sdklink.c.o
LOAD CMakeFiles/SimpleButtonsTwoSDK.dir/home/michelle/pico/pico-sdk/src/rp2_common/pico_stdlib/stdlib.c.o
LOAD CMakeFiles/SimpleButtonsTwoSDK.dir/home/michelle/pico/pico-sdk/src/rp2_common/hardware_gpio/gpio.c.o
LOAD CMakeFiles/SimpleButtonsTwoSDK.dir/home/michelle/pico/pico-sdk/src/rp2040/pico_platform/platform.c.o
LOAD CMakeFiles/SimpleButtonsTwoSDK.dir/home/michelle/pico/pico-sdk/src/rp2_common/pico_platform_common/common.c.o
LOAD CMakeFiles/SimpleButtonsTwoSDK.dir/home/michelle/pico/pico-sdk/src/rp2_common/pico_platform_panic/panic.c.o
LOAD CMakeFiles/SimpleButtonsTwoSDK.dir/home/michelle/pico/pico-sdk/src/common/hardware_claim/claim.c.o
LOAD CMakeFiles/SimpleButtonsTwoSDK.dir/home/michelle/pico/pico-sdk/src/rp2_common/hardware_sync/sync.c.o
LOAD CMakeFiles/SimpleButtonsTwoSDK.dir/home/michelle/pico/pico-sdk/src/rp2_common/hardware_sync_spin_lock/sync_spin_lock.c.o
LOAD CMakeFiles/SimpleButtonsTwoSDK.dir/home/michelle/pico/pico-sdk/src/rp2_common/hardware_irq/irq.c.o
LOAD CMakeFiles/SimpleButtonsTwoSDK.dir/home/michelle/pico/pico-sdk/src/rp2_common/hardware_irq/irq_handler_chain.S.o
LOAD CMakeFiles/SimpleButtonsTwoSDK.dir/home/michelle/pico/pico-sdk/src/common/pico_sync/sem.c.o
LOAD CMakeFiles/SimpleButtonsTwoSDK.dir/home/michelle/pico/pico-sdk/src/common/pico_sync/lock_core.c.o
LOAD CMakeFiles/SimpleButtonsTwoSDK.dir/home/michelle/pico/pico-sdk/src/common/pico_sync/mutex.c.o
LOAD CMakeFiles/SimpleButtonsTwoSDK.dir/home/michelle/pico/pico-sdk/src/common/pico_sync/critical_section.c.o
LOAD CMakeFiles/SimpleButtonsTwoSDK.dir/home/michelle/pico/pico-sdk/src/common/pico_time/time.c.o
LOAD CMakeFiles/SimpleButtonsTwoSDK.dir/home/michelle/pico/pico-sdk/src/common/pico_time/timeout_helper.c.o
LOAD CMakeFiles/SimpleButtonsTwoSDK.dir/home/michelle/pico/pico-sdk/src/rp2_common/hardware_timer/timer.c.o
LOAD CMakeFiles/SimpleButtonsTwoSDK.dir/home/michelle/pico/pico-sdk/src/common/pico_util/datetime.c.o
LOAD CMakeFiles/SimpleButtonsTwoSDK.dir/home/michelle/pico/pico-sdk/src/common/pico_util/pheap.c.o
LOAD CMakeFiles/SimpleButtonsTwoSDK.dir/home/michelle/pico/pico-sdk/src/common/pico_util/queue.c.o
LOAD CMakeFiles/SimpleButtonsTwoSDK.dir/home/michelle/pico/pico-sdk/src/rp2_common/hardware_uart/uart.c.o
LOAD CMakeFiles/SimpleButtonsTwoSDK.dir/home/michelle/pico/pico-sdk/src/rp2_common/hardware_clocks/clocks.c.o
LOAD CMakeFiles/SimpleButtonsTwoSDK.dir/home/michelle/pico/pico-sdk/src/rp2_common/hardware_pll/pll.c.o
LOAD CMakeFiles/SimpleButtonsTwoSDK.dir/home/michelle/pico/pico-sdk/src/rp2_common/hardware_vreg/vreg.c.o
LOAD CMakeFiles/SimpleButtonsTwoSDK.dir/home/michelle/pico/pico-sdk/src/rp2_common/hardware_watchdog/watchdog.c.o
LOAD CMakeFiles/SimpleButtonsTwoSDK.dir/home/michelle/pico/pico-sdk/src/rp2_common/hardware_ticks/ticks.c.o
LOAD CMakeFiles/SimpleButtonsTwoSDK.dir/home/michelle/pico/pico-sdk/src/rp2_common/pico_bootrom/bootrom.c.o
LOAD CMakeFiles/SimpleButtonsTwoSDK.dir/home/michelle/pico/pico-sdk/src/rp2_common/pico_bootrom/bootrom_lock.c.o
LOAD CMakeFiles/SimpleButtonsTwoSDK.dir/home/michelle/pico/pico-sdk/src/rp2_common/hardware_boot_lock/boot_lock.c.o
LOAD CMakeFiles/SimpleButtonsTwoSDK.dir/home/michelle/pico/pico-sdk/src/rp2_common/pico_flash/flash.c.o
LOAD CMakeFiles/SimpleButtonsTwoSDK.dir/home/michelle/pico/pico-sdk/src/rp2_common/hardware_xosc/xosc.c.o
LOAD CMakeFiles/SimpleButtonsTwoSDK.dir/home/michelle/pico/pico-sdk/src/rp2_common/hardware_divider/divider.S.o
LOAD CMakeFiles/SimpleButtonsTwoSDK.dir/home/michelle/pico/pico-sdk/src/rp2_common/pico_runtime/runtime.c.o
LOAD CMakeFiles/SimpleButtonsTwoSDK.dir/home/michelle/pico/pico-sdk/src/rp2_common/pico_runtime_init/runtime_init.c.o
LOAD CMakeFiles/SimpleButtonsTwoSDK.dir/home/michelle/pico/pico-sdk/src/rp2_common/pico_runtime_init/runtime_init_clocks.c.o
LOAD CMakeFiles/SimpleButtonsTwoSDK.dir/home/michelle/pico/pico-sdk/src/rp2_common/pico_runtime_init/runtime_init_stack_guard.c.o
LOAD CMakeFiles/SimpleButtonsTwoSDK.dir/home/michelle/pico/pico-sdk/src/rp2_common/pico_bit_ops/bit_ops_aeabi.S.o
LOAD CMakeFiles/SimpleButtonsTwoSDK.dir/home/michelle/pico/pico-sdk/src/rp2_common/pico_divider/divider_hardware.S.o
LOAD CMakeFiles/SimpleButtonsTwoSDK.dir/home/michelle/pico/pico-sdk/src/rp2_common/pico_double/double_aeabi_rp2040.S.o
LOAD CMakeFiles/SimpleButtonsTwoSDK.dir/home/michelle/pico/pico-sdk/src/rp2_common/pico_double/double_init_rom_rp2040.c.o
LOAD CMakeFiles/SimpleButtonsTwoSDK.dir/home/michelle/pico/pico-sdk/src/rp2_common/pico_double/double_math.c.o
LOAD CMakeFiles/SimpleButtonsTwoSDK.dir/home/michelle/pico/pico-sdk/src/rp2_common/pico_double/double_v1_rom_shim_rp2040.S.o
LOAD CMakeFiles/SimpleButtonsTwoSDK.dir/home/michelle/pico/pico-sdk/src/rp2_common/pico_int64_ops/pico_int64_ops_aeabi.S.o
LOAD CMakeFiles/SimpleButtonsTwoSDK.dir/home/michelle/pico/pico-sdk/src/rp2_common/pico_float/float_aeabi_rp2040.S.o
LOAD CMakeFiles/SimpleButtonsTwoSDK.dir/home/michelle/pico/pico-sdk/src/rp2_common/pico_float/float_init_rom_rp2040.c.o
LOAD CMakeFiles/SimpleButtonsTwoSDK.dir/home/michelle/pico/pico-sdk/src/rp2_common/pico_float/float_math.c.o
LOAD CMakeFiles/SimpleButtonsTwoSDK.dir/home/michelle/pico/pico-sdk/src/rp2_common/pico_float/float_v1_rom_shim_rp2040.S.o
LOAD CMakeFiles/SimpleButtonsTwoSDK.dir/home/michelle/pico/pico-sdk/src/rp2_common/pico_malloc/malloc.c.o
LOAD CMakeFiles/SimpleButtonsTwoSDK.dir/home/michelle/pico/pico-sdk/src/rp2_common/pico_mem_ops/mem_ops_aeabi.S.o
LOAD CMakeFiles/SimpleButtonsTwoSDK.dir/home/michelle/pico/pico-sdk/src/rp2_common/pico_atomic/atomic.c.o
LOAD CMakeFiles/SimpleButtonsTwoSDK.dir/home/michelle/pico/pico-sdk/src/rp2_common/pico_cxx_options/new_delete.cpp.o
LOAD CMakeFiles/SimpleButtonsTwoSDK.dir/home/michelle/pico/pico-sdk/src/rp2_common/pico_standard_binary_info/standard_binary_info.c.o
LOAD CMakeFiles/SimpleButtonsTwoSDK.dir/home/michelle/pico/pico-sdk/src/rp2_common/pico_printf/printf.c.o
LOAD CMakeFiles/SimpleButtonsTwoSDK.dir/home/michelle/pico/pico-sdk/src/rp2_common/pico_crt0/crt0.S.o
LOAD CMakeFiles/SimpleButtonsTwoSDK.dir/home/michelle/pico/pico-sdk/src/rp2_common/pico_clib_interface/newlib_interface.c.o
LOAD CMakeFiles/SimpleButtonsTwoSDK.dir/home/michelle/pico/pico-sdk/src/rp2_common/pico_stdio/stdio.c.o
LOAD CMakeFiles/SimpleButtonsTwoSDK.dir/home/michelle/pico/pico-sdk/src/rp2_common/pico_stdio_usb/reset_interface.c.o
LOAD CMakeFiles/SimpleButtonsTwoSDK.dir/home/michelle/pico/pico-sdk/src/rp2_common/pico_stdio_usb/stdio_usb.c.o
LOAD CMakeFiles/SimpleButtonsTwoSDK.dir/home/michelle/pico/pico-sdk/src/rp2_common/pico_stdio_usb/stdio_usb_descriptors.c.o
LOAD CMakeFiles/SimpleButtonsTwoSDK.dir/home/michelle/pico/pico-sdk/src/rp2_common/pico_unique_id/unique_id.c.o
LOAD CMakeFiles/SimpleButtonsTwoSDK.dir/home/michelle/pico/pico-sdk/src/rp2_common/hardware_flash/flash.c.o
LOAD CMakeFiles/SimpleButtonsTwoSDK.dir/home/michelle/pico/pico-sdk/src/rp2_common/hardware_xip_cache/xip_cache.c.o
LOAD CMakeFiles/SimpleButtonsTwoSDK.dir/home/michelle/pico/pico-sdk/lib/tinyusb/src/portable/raspberrypi/rp2040/dcd_rp2040.c.o
LOAD CMakeFiles/SimpleButtonsTwoSDK.dir/home/michelle/pico/pico-sdk/lib/tinyusb/src/portable/raspberrypi/rp2040/rp2040_usb.c.o
LOAD CMakeFiles/SimpleButtonsTwoSDK.dir/home/michelle/pico/pico-sdk/lib/tinyusb/src/device/usbd.c.o
LOAD CMakeFiles/SimpleButtonsTwoSDK.dir/home/michelle/pico/pico-sdk/lib/tinyusb/src/device/usbd_control.c.o
LOAD CMakeFiles/SimpleButtonsTwoSDK.dir/home/michelle/pico/pico-sdk/lib/tinyusb/src/class/audio/audio_device.c.o
LOAD CMakeFiles/SimpleButtonsTwoSDK.dir/home/michelle/pico/pico-sdk/lib/tinyusb/src/class/cdc/cdc_device.c.o
LOAD CMakeFiles/SimpleButtonsTwoSDK.dir/home/michelle/pico/pico-sdk/lib/tinyusb/src/class/dfu/dfu_device.c.o
LOAD CMakeFiles/SimpleButtonsTwoSDK.dir/home/michelle/pico/pico-sdk/lib/tinyusb/src/class/dfu/dfu_rt_device.c.o
LOAD CMakeFiles/SimpleButtonsTwoSDK.dir/home/michelle/pico/pico-sdk/lib/tinyusb/src/class/hid/hid_device.c.o
LOAD CMakeFiles/SimpleButtonsTwoSDK.dir/home/michelle/pico/pico-sdk/lib/tinyusb/src/class/midi/midi_device.c.o
LOAD CMakeFiles/SimpleButtonsTwoSDK.dir/home/michelle/pico/pico-sdk/lib/tinyusb/src/class/msc/msc_device.c.o
LOAD CMakeFiles/SimpleButtonsTwoSDK.dir/home/michelle/pico/pico-sdk/lib/tinyusb/src/class/net/ecm_rndis_device.c.o
LOAD CMakeFiles/SimpleButtonsTwoSDK.dir/home/michelle/pico/pico-sdk/lib/tinyusb/src/class/net/ncm_device.c.o
LOAD CMakeFiles/SimpleButtonsTwoSDK.dir/home/michelle/pico/pico-sdk/lib/tinyusb/src/class/usbtmc/usbtmc_device.c.o
LOAD CMakeFiles/SimpleButtonsTwoSDK.dir/home/michelle/pico/pico-sdk/lib/tinyusb/src/class/vendor/vendor_device.c.o
LOAD CMakeFiles/SimpleButtonsTwoSDK.dir/home/michelle/pico/pico-sdk/lib/tinyusb/src/class/video/video_device.c.o
LOAD CMakeFiles/SimpleButtonsTwoSDK.dir/home/michelle/pico/pico-sdk/lib/tinyusb/src/tusb.c.o
LOAD CMakeFiles/SimpleButtonsTwoSDK.dir/home/michelle/pico/pico-sdk/lib/tinyusb/src/common/tusb_fifo.c.o
LOAD CMakeFiles/SimpleButtonsTwoSDK.dir/home/michelle/pico/pico-sdk/src/rp2_common/pico_fix/rp2040_usb_device_enumeration/rp2040_usb_device_enumeration.c.o
LOAD pico-sdk/src/rp2040/boot_stage2/CMakeFiles/bs2_default_library.dir/bs2_default_padded_checksummed.S.o
LOAD /usr/lib/gcc/arm-none-eabi/8.3.1/../../../arm-none-eabi/lib/thumb/v6-m/nofp/libstdc++.a
LOAD /usr/lib/gcc/arm-none-eabi/8.3.1/../../../arm-none-eabi/lib/thumb/v6-m/nofp/libm.a
START GROUP
LOAD /usr/lib/gcc/arm-none-eabi/8.3.1/thumb/v6-m/nofp/libgcc.a
LOAD /usr/lib/gcc/arm-none-eabi/8.3.1/../../../arm-none-eabi/lib/thumb/v6-m/nofp/libg.a
LOAD /usr/lib/gcc/arm-none-eabi/8.3.1/../../../arm-none-eabi/lib/thumb/v6-m/nofp/libc.a
END GROUP
START GROUP
LOAD /usr/lib/gcc/arm-none-eabi/8.3.1/thumb/v6-m/nofp/libgcc.a
LOAD /usr/lib/gcc/arm-none-eabi/8.3.1/../../../arm-none-eabi/lib/thumb/v6-m/nofp/libc.a
LOAD /usr/lib/gcc/arm-none-eabi/8.3.1/../../../arm-none-eabi/lib/thumb/v6-m/nofp/libnosys.a
END GROUP
LOAD /usr/lib/gcc/arm-none-eabi/8.3.1/thumb/v6-m/nofp/crtend.o
LOAD /usr/lib/gcc/arm-none-eabi/8.3.1/thumb/v6-m/nofp/crtn.o
OUTPUT(SimpleButtonsTwoSDK.elf elf32-littlearm)
LOAD linker stubs

.ARM.attributes
                0x00000000       0x28
 .ARM.attributes
                0x00000000       0x1e /usr/lib/gcc/arm-none-eabi/8.3.1/thumb/v6-m/nofp/crti.o
 .ARM.attributes
                0x0000001e       0x2c /usr/lib/gcc/arm-none-eabi/8.3.1/thumb/v6-m/nofp/crtbegin.o
 .ARM.attributes
                0x0000004a       0x1c CMakeFiles/SimpleButtonsTwoSDK.dir/SimpleButtonsTwoSDK.S.o
 .ARM.attributes
                0x00000066       0x2c CMakeFiles/SimpleButtonsTwoSDK.dir/home/michelle/pico/pico-sdk/src/rp2_common/pico_platform_panic/panic.c.o
 .ARM.attributes
                0x00000092       0x2c CMakeFiles/SimpleButtonsTwoSDK.dir/home/michelle/pico/pico-sdk/src/common/hardware_claim/claim.c.o
 .ARM.attributes
                0x000000be       0x2c CMakeFiles/SimpleButtonsTwoSDK.dir/home/michelle/pico/pico-sdk/src/rp2_common/hardware_sync/sync.c.o
 .ARM.attributes
                0x000000ea       0x2c CMakeFiles/SimpleButtonsTwoSDK.dir/home/michelle/pico/pico-sdk/src/rp2_common/hardware_sync_spin_lock/sync_spin_lock.c.o
 .ARM.attributes
                0x00000116       0x2c CMakeFiles/SimpleButtonsTwoSDK.dir/home/michelle/pico/pico-sdk/src/rp2_common/hardware_irq/irq.c.o
 .ARM.attributes
                0x00000142       0x2c CMakeFiles/SimpleButtonsTwoSDK.dir/home/michelle/pico/pico-sdk/src/common/pico_sync/lock_core.c.o
 .ARM.attributes
                0x0000016e       0x2c CMakeFiles/SimpleButtonsTwoSDK.dir/home/michelle/pico/pico-sdk/src/common/pico_sync/mutex.c.o
 .ARM.attributes
                0x0000019a       0x2c CMakeFiles/SimpleButtonsTwoSDK.dir/home/michelle/pico/pico-sdk/src/common/pico_time/time.c.o
 .ARM.attributes
                0x000001c6       0x2c CMakeFiles/SimpleButtonsTwoSDK.dir/home/michelle/pico/pico-sdk/src/rp2_common/hardware_timer/timer.c.o
 .ARM.attributes
                0x000001f2       0x2c CMakeFiles/SimpleButtonsTwoSDK.dir/home/michelle/pico/pico-sdk/src/rp2_common/hardware_clocks/clocks.c.o
 .ARM.attributes
                0x0000021e       0x2c CMakeFiles/SimpleButtonsTwoSDK.dir/home/michelle/pico/pico-sdk/src/rp2_common/hardware_pll/pll.c.o
 .ARM.attributes
                0x0000024a       0x2c CMakeFiles/SimpleButtonsTwoSDK.dir/home/michelle/pico/pico-sdk/src/rp2_common/hardware_ticks/ticks.c.o
 .ARM.attributes
                0x00000276       0x2c CMakeFiles/SimpleButtonsTwoSDK.dir/home/michelle/pico/pico-sdk/src/rp2_common/pico_bootrom/bootrom.c.o
 .ARM.attributes
                0x000002a2       0x2c CMakeFiles/SimpleButtonsTwoSDK.dir/home/michelle/pico/pico-sdk/src/rp2_common/hardware_xosc/xosc.c.o
 .ARM.attributes
                0x000002ce       0x2c CMakeFiles/SimpleButtonsTwoSDK.dir/home/michelle/pico/pico-sdk/src/rp2_common/pico_runtime/runtime.c.o
 .ARM.attributes
                0x000002fa       0x2c CMakeFiles/SimpleButtonsTwoSDK.dir/home/michelle/pico/pico-sdk/src/rp2_common/pico_runtime_init/runtime_init.c.o
 .ARM.attributes
                0x00000326       0x2c CMakeFiles/SimpleButtonsTwoSDK.dir/home/michelle/pico/pico-sdk/src/rp2_common/pico_runtime_init/runtime_init_clocks.c.o
 .ARM.attributes
                0x00000352       0x22 CMakeFiles/SimpleButtonsTwoSDK.dir/home/michelle/pico/pico-sdk/src/rp2_common/pico_bit_ops/bit_ops_aeabi.S.o
 .ARM.attributes
                0x00000374       0x22 CMakeFiles/SimpleButtonsTwoSDK.dir/home/michelle/pico/pico-sdk/src/rp2_common/pico_divider/divider_hardware.S.o
 .ARM.attributes
                0x00000396       0x22 CMakeFiles/SimpleButtonsTwoSDK.dir/home/michelle/pico/pico-sdk/src/rp2_common/pico_double/double_aeabi_rp2040.S.o
 .ARM.attributes
                0x000003b8       0x2c CMakeFiles/SimpleButtonsTwoSDK.dir/home/michelle/pico/pico-sdk/src/rp2_common/pico_double/double_init_rom_rp2040.c.o
 .ARM.attributes
                0x000003e4       0x22 CMakeFiles/SimpleButtonsTwoSDK.dir/home/michelle/pico/pico-sdk/src/rp2_common/pico_double/double_v1_rom_shim_rp2040.S.o
 .ARM.attributes
                0x00000406       0x22 CMakeFiles/SimpleButtonsTwoSDK.dir/home/michelle/pico/pico-sdk/src/rp2_common/pico_float/float_aeabi_rp2040.S.o
 .ARM.attributes
                0x00000428       0x2c CMakeFiles/SimpleButtonsTwoSDK.dir/home/michelle/pico/pico-sdk/src/rp2_common/pico_float/float_init_rom_rp2040.c.o
 .ARM.attributes
                0x00000454       0x22 CMakeFiles/SimpleButtonsTwoSDK.dir/home/michelle/pico/pico-sdk/src/rp2_common/pico_float/float_v1_rom_shim_rp2040.S.o
 .ARM.attributes
                0x00000476       0x22 CMakeFiles/SimpleButtonsTwoSDK.dir/home/michelle/pico/pico-sdk/src/rp2_common/pico_mem_ops/mem_ops_aeabi.S.o
 .ARM.attributes
                0x00000498       0x32 CMakeFiles/SimpleButtonsTwoSDK.dir/home/michelle/pico/pico-sdk/src/rp2_common/pico_standard_binary_info/standard_binary_info.c.o
 .ARM.attributes
                0x000004ca       0x2c CMakeFiles/SimpleButtonsTwoSDK.dir/home/michelle/pico/pico-sdk/src/rp2_common/pico_printf/printf.c.o
 .ARM.attributes
                0x000004f6       0x22 CMakeFiles/SimpleButtonsTwoSDK.dir/home/michelle/pico/pico-sdk/src/rp2_common/pico_crt0/crt0.S.o
 .ARM.attributes
                0x00000518       0x2c CMakeFiles/SimpleButtonsTwoSDK.dir/home/michelle/pico/pico-sdk/src/rp2_common/pico_clib_interface/newlib_interface.c.o
 .ARM.attributes
                0x00000544       0x2c CMakeFiles/SimpleButtonsTwoSDK.dir/home/michelle/pico/pico-sdk/src/rp2_common/pico_stdio/stdio.c.o
 .ARM.attributes
                0x00000570       0x2c CMakeFiles/SimpleButtonsTwoSDK.dir/home/michelle/pico/pico-sdk/src/rp2_common/pico_unique_id/unique_id.c.o
 .ARM.attributes
                0x0000059c       0x2c CMakeFiles/SimpleButtonsTwoSDK.dir/home/michelle/pico/pico-sdk/src/rp2_common/hardware_flash/flash.c.o
 .ARM.attributes
                0x000005c8       0x22 pico-sdk/src/rp2040/boot_stage2/CMakeFiles/bs2_default_library.dir/bs2_default_padded_checksummed.S.o
 .ARM.attributes
                0x000005ea       0x1e /usr/lib/gcc/arm-none-eabi/8.3.1/thumb/v6-m/nofp/libgcc.a(_dvmd_tls.o)
 .ARM.attributes
                0x00000608       0x2c /usr/lib/gcc/arm-none-eabi/8.3.1/../../../arm-none-eabi/lib/thumb/v6-m/nofp/libg.a(lib_a-strlen-stub.o)
 .ARM.attributes
                0x00000634       0x2c /usr/lib/gcc/arm-none-eabi/8.3.1/thumb/v6-m/nofp/crtend.o

.comment        0x00000000       0x9f
 .comment       0x00000000       0x51 /usr/lib/gcc/arm-none-eabi/8.3.1/thumb/v6-m/nofp/crtbegin.o
                                 0x52 (size before relaxing)
 .comment       0x00000051       0x52 CMakeFiles/SimpleButtonsTwoSDK.dir/home/michelle/pico/pico-sdk/src/rp2_common/pico_platform_panic/panic.c.o
 .comment       0x00000051       0x52 CMakeFiles/SimpleButtonsTwoSDK.dir/home/michelle/pico/pico-sdk/src/common/hardware_claim/claim.c.o
 .comment       0x00000051       0x52 CMakeFiles/SimpleButtonsTwoSDK.dir/home/michelle/pico/pico-sdk/src/rp2_common/hardware_sync/sync.c.o
 .comment       0x00000051       0x52 CMakeFiles/SimpleButtonsTwoSDK.dir/home/michelle/pico/pico-sdk/src/rp2_common/hardware_sync_spin_lock/sync_spin_lock.c.o
 .comment       0x00000051       0x52 CMakeFiles/SimpleButtonsTwoSDK.dir/home/michelle/pico/pico-sdk/src/rp2_common/hardware_irq/irq.c.o
 .comment       0x00000051       0x52 CMakeFiles/SimpleButtonsTwoSDK.dir/home/michelle/pico/pico-sdk/src/common/pico_sync/lock_core.c.o
 .comment       0x00000051       0x52 CMakeFiles/SimpleButtonsTwoSDK.dir/home/michelle/pico/pico-sdk/src/common/pico_sync/mutex.c.o
 .comment       0x00000051       0x52 CMakeFiles/SimpleButtonsTwoSDK.dir/home/michelle/pico/pico-sdk/src/common/pico_time/time.c.o
 .comment       0x00000051       0x52 CMakeFiles/SimpleButtonsTwoSDK.dir/home/michelle/pico/pico-sdk/src/rp2_common/hardware_timer/timer.c.o
 .comment       0x00000051       0x52 CMakeFiles/SimpleButtonsTwoSDK.dir/home/michelle/pico/pico-sdk/src/rp2_common/hardware_clocks/clocks.c.o
 .comment       0x00000051       0x52 CMakeFiles/SimpleButtonsTwoSDK.dir/home/michelle/pico/pico-sdk/src/rp2_common/hardware_pll/pll.c.o
 .comment       0x00000051       0x52 CMakeFiles/SimpleButtonsTwoSDK.dir/home/michelle/pico/pico-sdk/src/rp2_common/hardware_ticks/ticks.c.o
 .comment       0x00000051       0x52 CMakeFiles/SimpleButtonsTwoSDK.dir/home/michelle/pico/pico-sdk/src/rp2_common/pico_bootrom/bootrom.c.o
 .comment       0x00000051       0x52 CMakeFiles/SimpleButtonsTwoSDK.dir/home/michelle/pico/pico-sdk/src/rp2_common/hardware_xosc/xosc.c.o
 .comment       0x00000051       0x52 CMakeFiles/SimpleButtonsTwoSDK.dir/home/michelle/pico/pico-sdk/src/rp2_common/pico_runtime/runtime.c.o
 .comment       0x00000051       0x52 CMakeFiles/SimpleButtonsTwoSDK.dir/home/michelle/pico/pico-sdk/src/rp2_common/pico_runtime_init/runtime_init.c.o
 .comment       0x00000051       0x52 CMakeFiles/SimpleButtonsTwoSDK.dir/home/michelle/pico/pico-sdk/src/rp2_common/pico_runtime_init/runtime_init_clocks.c.o
 .comment       0x00000051       0x52 CMakeFiles/SimpleButtonsTwoSDK.dir/home/michelle/pico/pico-sdk/src/rp2_common/pico_double/double_init_rom_rp2040.c.o
 .comment       0x00000051       0x52 CMakeFiles/SimpleButtonsTwoSDK.dir/home/michelle/pico/pico-sdk/src/rp2_common/pico_float/float_init_rom_rp2040.c.o
 .comment       0x00000051       0x52 CMakeFiles/SimpleButtonsTwoSDK.dir/home/michelle/pico/pico-sdk/src/rp2_common/pico_standard_binary_info/standard_binary_info.c.o
 .comment       0x00000051       0x52 CMakeFiles/SimpleButtonsTwoSDK.dir/home/michelle/pico/pico-sdk/src/rp2_common/pico_printf/printf.c.o
 .comment       0x00000051       0x52 CMakeFiles/SimpleButtonsTwoSDK.dir/home/michelle/pico/pico-sdk/src/rp2_common/pico_clib_interface/newlib_interface.c.o
 .comment       0x00000051       0x52 CMakeFiles/SimpleButtonsTwoSDK.dir/home/michelle/pico/pico-sdk/src/rp2_common/pico_stdio/stdio.c.o
 .comment       0x00000051       0x52 CMakeFiles/SimpleButtonsTwoSDK.dir/home/michelle/pico/pico-sdk/src/rp2_common/pico_unique_id/unique_id.c.o
 .comment       0x00000051       0x52 CMakeFiles/SimpleButtonsTwoSDK.dir/home/michelle/pico/pico-sdk/src/rp2_common/hardware_flash/flash.c.o
 .comment       0x00000051       0x4e /usr/lib/gcc/arm-none-eabi/8.3.1/../../../arm-none-eabi/lib/thumb/v6-m/nofp/libg.a(lib_a-strlen-stub.o)
                                 0x4f (size before relaxing)
 .comment       0x0000009f       0x52 /usr/lib/gcc/arm-none-eabi/8.3.1/thumb/v6-m/nofp/crtend.o

.debug_line     0x00000000    0x126f6
 .debug_line    0x00000000       0x92 CMakeFiles/SimpleButtonsTwoSDK.dir/SimpleButtonsTwoSDK.S.o
 .debug_line    0x00000092      0x21e CMakeFiles/SimpleButtonsTwoSDK.dir/home/michelle/pico/pico-sdk/src/rp2_common/pico_platform_panic/panic.c.o
 .debug_line    0x000002b0      0x872 CMakeFiles/SimpleButtonsTwoSDK.dir/home/michelle/pico/pico-sdk/src/common/hardware_claim/claim.c.o
 .debug_line    0x00000b22      0x406 CMakeFiles/SimpleButtonsTwoSDK.dir/home/michelle/pico/pico-sdk/src/rp2_common/hardware_sync/sync.c.o
 .debug_line    0x00000f28      0x2ee CMakeFiles/SimpleButtonsTwoSDK.dir/home/michelle/pico/pico-sdk/src/rp2_common/hardware_sync_spin_lock/sync_spin_lock.c.o
 .debug_line    0x00001216     0x16a5 CMakeFiles/SimpleButtonsTwoSDK.dir/home/michelle/pico/pico-sdk/src/rp2_common/hardware_irq/irq.c.o
 .debug_line    0x000028bb      0x286 CMakeFiles/SimpleButtonsTwoSDK.dir/home/michelle/pico/pico-sdk/src/common/pico_sync/lock_core.c.o
 .debug_line    0x00002b41     0x1a52 CMakeFiles/SimpleButtonsTwoSDK.dir/home/michelle/pico/pico-sdk/src/common/pico_sync/mutex.c.o
 .debug_line    0x00004593     0x2e95 CMakeFiles/SimpleButtonsTwoSDK.dir/home/michelle/pico/pico-sdk/src/common/pico_time/time.c.o
 .debug_line    0x00007428     0x1d39 CMakeFiles/SimpleButtonsTwoSDK.dir/home/michelle/pico/pico-sdk/src/rp2_common/hardware_timer/timer.c.o
 .debug_line    0x00009161     0x1c04 CMakeFiles/SimpleButtonsTwoSDK.dir/home/michelle/pico/pico-sdk/src/rp2_common/hardware_clocks/clocks.c.o
 .debug_line    0x0000ad65      0x484 CMakeFiles/SimpleButtonsTwoSDK.dir/home/michelle/pico/pico-sdk/src/rp2_common/hardware_pll/pll.c.o
 .debug_line    0x0000b1e9      0x27e CMakeFiles/SimpleButtonsTwoSDK.dir/home/michelle/pico/pico-sdk/src/rp2_common/hardware_ticks/ticks.c.o
 .debug_line    0x0000b467      0x34a CMakeFiles/SimpleButtonsTwoSDK.dir/home/michelle/pico/pico-sdk/src/rp2_common/pico_bootrom/bootrom.c.o
 .debug_line    0x0000b7b1      0x2b4 CMakeFiles/SimpleButtonsTwoSDK.dir/home/michelle/pico/pico-sdk/src/rp2_common/hardware_xosc/xosc.c.o
 .debug_line    0x0000ba65      0x251 CMakeFiles/SimpleButtonsTwoSDK.dir/home/michelle/pico/pico-sdk/src/rp2_common/pico_runtime/runtime.c.o
 .debug_line    0x0000bcb6      0x57b CMakeFiles/SimpleButtonsTwoSDK.dir/home/michelle/pico/pico-sdk/src/rp2_common/pico_runtime_init/runtime_init.c.o
 .debug_line    0x0000c231      0x48e CMakeFiles/SimpleButtonsTwoSDK.dir/home/michelle/pico/pico-sdk/src/rp2_common/pico_runtime_init/runtime_init_clocks.c.o
 .debug_line    0x0000c6bf      0x137 CMakeFiles/SimpleButtonsTwoSDK.dir/home/michelle/pico/pico-sdk/src/rp2_common/pico_bit_ops/bit_ops_aeabi.S.o
 .debug_line    0x0000c7f6      0x2db CMakeFiles/SimpleButtonsTwoSDK.dir/home/michelle/pico/pico-sdk/src/rp2_common/pico_divider/divider_hardware.S.o
 .debug_line    0x0000cad1      0x486 CMakeFiles/SimpleButtonsTwoSDK.dir/home/michelle/pico/pico-sdk/src/rp2_common/pico_double/double_aeabi_rp2040.S.o
 .debug_line    0x0000cf57      0x359 CMakeFiles/SimpleButtonsTwoSDK.dir/home/michelle/pico/pico-sdk/src/rp2_common/pico_double/double_init_rom_rp2040.c.o
 .debug_line    0x0000d2b0      0x6a7 CMakeFiles/SimpleButtonsTwoSDK.dir/home/michelle/pico/pico-sdk/src/rp2_common/pico_double/double_v1_rom_shim_rp2040.S.o
 .debug_line    0x0000d957      0x404 CMakeFiles/SimpleButtonsTwoSDK.dir/home/michelle/pico/pico-sdk/src/rp2_common/pico_float/float_aeabi_rp2040.S.o
 .debug_line    0x0000dd5b      0x2d6 CMakeFiles/SimpleButtonsTwoSDK.dir/home/michelle/pico/pico-sdk/src/rp2_common/pico_float/float_init_rom_rp2040.c.o
 .debug_line    0x0000e031      0x1cd CMakeFiles/SimpleButtonsTwoSDK.dir/home/michelle/pico/pico-sdk/src/rp2_common/pico_float/float_v1_rom_shim_rp2040.S.o
 .debug_line    0x0000e1fe       0xc3 CMakeFiles/SimpleButtonsTwoSDK.dir/home/michelle/pico/pico-sdk/src/rp2_common/pico_mem_ops/mem_ops_aeabi.S.o
 .debug_line    0x0000e2c1      0x165 CMakeFiles/SimpleButtonsTwoSDK.dir/home/michelle/pico/pico-sdk/src/rp2_common/pico_standard_binary_info/standard_binary_info.c.o
 .debug_line    0x0000e426     0x1683 CMakeFiles/SimpleButtonsTwoSDK.dir/home/michelle/pico/pico-sdk/src/rp2_common/pico_printf/printf.c.o
 .debug_line    0x0000faa9       0xc5 CMakeFiles/SimpleButtonsTwoSDK.dir/home/michelle/pico/pico-sdk/src/rp2_common/pico_crt0/crt0.S.o
 .debug_line    0x0000fb6e      0x7ef CMakeFiles/SimpleButtonsTwoSDK.dir/home/michelle/pico/pico-sdk/src/rp2_common/pico_clib_interface/newlib_interface.c.o
 .debug_line    0x0001035d     0x1324 CMakeFiles/SimpleButtonsTwoSDK.dir/home/michelle/pico/pico-sdk/src/rp2_common/pico_stdio/stdio.c.o
 .debug_line    0x00011681      0x3e6 CMakeFiles/SimpleButtonsTwoSDK.dir/home/michelle/pico/pico-sdk/src/rp2_common/pico_unique_id/unique_id.c.o
 .debug_line    0x00011a67      0xa6d CMakeFiles/SimpleButtonsTwoSDK.dir/home/michelle/pico/pico-sdk/src/rp2_common/hardware_flash/flash.c.o
 .debug_line    0x000124d4       0x60 /usr/lib/gcc/arm-none-eabi/8.3.1/thumb/v6-m/nofp/libgcc.a(_dvmd_tls.o)
 .debug_line    0x00012534      0x1c2 /usr/lib/gcc/arm-none-eabi/8.3.1/../../../arm-none-eabi/lib/thumb/v6-m/nofp/libg.a(lib_a-strlen-stub.o)

.debug_info     0x00000000    0x1dd62
 .debug_info    0x00000000       0x26 CMakeFiles/SimpleButtonsTwoSDK.dir/SimpleButtonsTwoSDK.S.o
 .debug_info    0x00000026      0xa6d CMakeFiles/SimpleButtonsTwoSDK.dir/home/michelle/pico/pico-sdk/src/rp2_common/pico_platform_panic/panic.c.o
 .debug_info    0x00000a93      0xa3f CMakeFiles/SimpleButtonsTwoSDK.dir/home/michelle/pico/pico-sdk/src/common/hardware_claim/claim.c.o
 .debug_info    0x000014d2      0x3dd CMakeFiles/SimpleButtonsTwoSDK.dir/home/michelle/pico/pico-sdk/src/rp2_common/hardware_sync/sync.c.o
 .debug_info    0x000018af      0x242 CMakeFiles/SimpleButtonsTwoSDK.dir/home/michelle/pico/pico-sdk/src/rp2_common/hardware_sync_spin_lock/sync_spin_lock.c.o
 .debug_info    0x00001af1     0x22ce CMakeFiles/SimpleButtonsTwoSDK.dir/home/michelle/pico/pico-sdk/src/rp2_common/hardware_irq/irq.c.o
 .debug_info    0x00003dbf      0x189 CMakeFiles/SimpleButtonsTwoSDK.dir/home/michelle/pico/pico-sdk/src/common/pico_sync/lock_core.c.o
 .debug_info    0x00003f48     0x2b0a CMakeFiles/SimpleButtonsTwoSDK.dir/home/michelle/pico/pico-sdk/src/common/pico_sync/mutex.c.o
 .debug_info    0x00006a52     0x52bd CMakeFiles/SimpleButtonsTwoSDK.dir/home/michelle/pico/pico-sdk/src/common/pico_time/time.c.o
 .debug_info    0x0000bd0f     0x2aef CMakeFiles/SimpleButtonsTwoSDK.dir/home/michelle/pico/pico-sdk/src/rp2_common/hardware_timer/timer.c.o
 .debug_info    0x0000e7fe     0x2621 CMakeFiles/SimpleButtonsTwoSDK.dir/home/michelle/pico/pico-sdk/src/rp2_common/hardware_clocks/clocks.c.o
 .debug_info    0x00010e1f      0x4de CMakeFiles/SimpleButtonsTwoSDK.dir/home/michelle/pico/pico-sdk/src/rp2_common/hardware_pll/pll.c.o
 .debug_info    0x000112fd      0x246 CMakeFiles/SimpleButtonsTwoSDK.dir/home/michelle/pico/pico-sdk/src/rp2_common/hardware_ticks/ticks.c.o
 .debug_info    0x00011543      0xd80 CMakeFiles/SimpleButtonsTwoSDK.dir/home/michelle/pico/pico-sdk/src/rp2_common/pico_bootrom/bootrom.c.o
 .debug_info    0x000122c3      0x1c1 CMakeFiles/SimpleButtonsTwoSDK.dir/home/michelle/pico/pico-sdk/src/rp2_common/hardware_xosc/xosc.c.o
 .debug_info    0x00012484      0x208 CMakeFiles/SimpleButtonsTwoSDK.dir/home/michelle/pico/pico-sdk/src/rp2_common/pico_runtime/runtime.c.o
 .debug_info    0x0001268c      0x802 CMakeFiles/SimpleButtonsTwoSDK.dir/home/michelle/pico/pico-sdk/src/rp2_common/pico_runtime_init/runtime_init.c.o
 .debug_info    0x00012e8e      0x6df CMakeFiles/SimpleButtonsTwoSDK.dir/home/michelle/pico/pico-sdk/src/rp2_common/pico_runtime_init/runtime_init_clocks.c.o
 .debug_info    0x0001356d       0x22 CMakeFiles/SimpleButtonsTwoSDK.dir/home/michelle/pico/pico-sdk/src/rp2_common/pico_bit_ops/bit_ops_aeabi.S.o
 .debug_info    0x0001358f       0x22 CMakeFiles/SimpleButtonsTwoSDK.dir/home/michelle/pico/pico-sdk/src/rp2_common/pico_divider/divider_hardware.S.o
 .debug_info    0x000135b1       0x22 CMakeFiles/SimpleButtonsTwoSDK.dir/home/michelle/pico/pico-sdk/src/rp2_common/pico_double/double_aeabi_rp2040.S.o
 .debug_info    0x000135d3      0xaaa CMakeFiles/SimpleButtonsTwoSDK.dir/home/michelle/pico/pico-sdk/src/rp2_common/pico_double/double_init_rom_rp2040.c.o
 .debug_info    0x0001407d       0x22 CMakeFiles/SimpleButtonsTwoSDK.dir/home/michelle/pico/pico-sdk/src/rp2_common/pico_double/double_v1_rom_shim_rp2040.S.o
 .debug_info    0x0001409f       0x22 CMakeFiles/SimpleButtonsTwoSDK.dir/home/michelle/pico/pico-sdk/src/rp2_common/pico_float/float_aeabi_rp2040.S.o
 .debug_info    0x000140c1      0xab0 CMakeFiles/SimpleButtonsTwoSDK.dir/home/michelle/pico/pico-sdk/src/rp2_common/pico_float/float_init_rom_rp2040.c.o
 .debug_info    0x00014b71       0x22 CMakeFiles/SimpleButtonsTwoSDK.dir/home/michelle/pico/pico-sdk/src/rp2_common/pico_float/float_v1_rom_shim_rp2040.S.o
 .debug_info    0x00014b93       0x22 CMakeFiles/SimpleButtonsTwoSDK.dir/home/michelle/pico/pico-sdk/src/rp2_common/pico_mem_ops/mem_ops_aeabi.S.o
 .debug_info    0x00014bb5      0x2cb CMakeFiles/SimpleButtonsTwoSDK.dir/home/michelle/pico/pico-sdk/src/rp2_common/pico_standard_binary_info/standard_binary_info.c.o
 .debug_info    0x00014e80     0x25d8 CMakeFiles/SimpleButtonsTwoSDK.dir/home/michelle/pico/pico-sdk/src/rp2_common/pico_printf/printf.c.o
 .debug_info    0x00017458       0x22 CMakeFiles/SimpleButtonsTwoSDK.dir/home/michelle/pico/pico-sdk/src/rp2_common/pico_crt0/crt0.S.o
 .debug_info    0x0001747a     0x147c CMakeFiles/SimpleButtonsTwoSDK.dir/home/michelle/pico/pico-sdk/src/rp2_common/pico_clib_interface/newlib_interface.c.o
 .debug_info    0x000188f6     0x24c4 CMakeFiles/SimpleButtonsTwoSDK.dir/home/michelle/pico/pico-sdk/src/rp2_common/pico_stdio/stdio.c.o
 .debug_info    0x0001adba      0xa75 CMakeFiles/SimpleButtonsTwoSDK.dir/home/michelle/pico/pico-sdk/src/rp2_common/pico_unique_id/unique_id.c.o
 .debug_info    0x0001b82f     0x1b9a CMakeFiles/SimpleButtonsTwoSDK.dir/home/michelle/pico/pico-sdk/src/rp2_common/hardware_flash/flash.c.o
 .debug_info    0x0001d3c9       0x26 /usr/lib/gcc/arm-none-eabi/8.3.1/thumb/v6-m/nofp/libgcc.a(_dvmd_tls.o)
 .debug_info    0x0001d3ef      0x973 /usr/lib/gcc/arm-none-eabi/8.3.1/../../../arm-none-eabi/lib/thumb/v6-m/nofp/libg.a(lib_a-strlen-stub.o)

.debug_abbrev   0x00000000     0x51d2
 .debug_abbrev  0x00000000       0x14 CMakeFiles/SimpleButtonsTwoSDK.dir/SimpleButtonsTwoSDK.S.o
 .debug_abbrev  0x00000014      0x259 CMakeFiles/SimpleButtonsTwoSDK.dir/home/michelle/pico/pico-sdk/src/rp2_common/pico_platform_panic/panic.c.o
 .debug_abbrev  0x0000026d      0x2dc CMakeFiles/SimpleButtonsTwoSDK.dir/home/michelle/pico/pico-sdk/src/common/hardware_claim/claim.c.o
 .debug_abbrev  0x00000549      0x1de CMakeFiles/SimpleButtonsTwoSDK.dir/home/michelle/pico/pico-sdk/src/rp2_common/hardware_sync/sync.c.o
 .debug_abbrev  0x00000727      0x1b2 CMakeFiles/SimpleButtonsTwoSDK.dir/home/michelle/pico/pico-sdk/src/rp2_common/hardware_sync_spin_lock/sync_spin_lock.c.o
 .debug_abbrev  0x000008d9      0x59a CMakeFiles/SimpleButtonsTwoSDK.dir/home/michelle/pico/pico-sdk/src/rp2_common/hardware_irq/irq.c.o
 .debug_abbrev  0x00000e73      0x108 CMakeFiles/SimpleButtonsTwoSDK.dir/home/michelle/pico/pico-sdk/src/common/pico_sync/lock_core.c.o
 .debug_abbrev  0x00000f7b      0x426 CMakeFiles/SimpleButtonsTwoSDK.dir/home/michelle/pico/pico-sdk/src/common/pico_sync/mutex.c.o
 .debug_abbrev  0x000013a1      0x713 CMakeFiles/SimpleButtonsTwoSDK.dir/home/michelle/pico/pico-sdk/src/common/pico_time/time.c.o
 .debug_abbrev  0x00001ab4      0x4bc CMakeFiles/SimpleButtonsTwoSDK.dir/home/michelle/pico/pico-sdk/src/rp2_common/hardware_timer/timer.c.o
 .debug_abbrev  0x00001f70      0x4f4 CMakeFiles/SimpleButtonsTwoSDK.dir/home/michelle/pico/pico-sdk/src/rp2_common/hardware_clocks/clocks.c.o
 .debug_abbrev  0x00002464      0x1ca CMakeFiles/SimpleButtonsTwoSDK.dir/home/michelle/pico/pico-sdk/src/rp2_common/hardware_pll/pll.c.o
 .debug_abbrev  0x0000262e      0x143 CMakeFiles/SimpleButtonsTwoSDK.dir/home/michelle/pico/pico-sdk/src/rp2_common/hardware_ticks/ticks.c.o
 .debug_abbrev  0x00002771      0x2f8 CMakeFiles/SimpleButtonsTwoSDK.dir/home/michelle/pico/pico-sdk/src/rp2_common/pico_bootrom/bootrom.c.o
 .debug_abbrev  0x00002a69      0x117 CMakeFiles/SimpleButtonsTwoSDK.dir/home/michelle/pico/pico-sdk/src/rp2_common/hardware_xosc/xosc.c.o
 .debug_abbrev  0x00002b80      0x16c CMakeFiles/SimpleButtonsTwoSDK.dir/home/michelle/pico/pico-sdk/src/rp2_common/pico_runtime/runtime.c.o
 .debug_abbrev  0x00002cec      0x250 CMakeFiles/SimpleButtonsTwoSDK.dir/home/michelle/pico/pico-sdk/src/rp2_common/pico_runtime_init/runtime_init.c.o
 .debug_abbrev  0x00002f3c      0x248 CMakeFiles/SimpleButtonsTwoSDK.dir/home/michelle/pico/pico-sdk/src/rp2_common/pico_runtime_init/runtime_init_clocks.c.o
 .debug_abbrev  0x00003184       0x12 CMakeFiles/SimpleButtonsTwoSDK.dir/home/michelle/pico/pico-sdk/src/rp2_common/pico_bit_ops/bit_ops_aeabi.S.o
 .debug_abbrev  0x00003196       0x12 CMakeFiles/SimpleButtonsTwoSDK.dir/home/michelle/pico/pico-sdk/src/rp2_common/pico_divider/divider_hardware.S.o
 .debug_abbrev  0x000031a8       0x12 CMakeFiles/SimpleButtonsTwoSDK.dir/home/michelle/pico/pico-sdk/src/rp2_common/pico_double/double_aeabi_rp2040.S.o
 .debug_abbrev  0x000031ba      0x2a6 CMakeFiles/SimpleButtonsTwoSDK.dir/home/michelle/pico/pico-sdk/src/rp2_common/pico_double/double_init_rom_rp2040.c.o
 .debug_abbrev  0x00003460       0x12 CMakeFiles/SimpleButtonsTwoSDK.dir/home/michelle/pico/pico-sdk/src/rp2_common/pico_double/double_v1_rom_shim_rp2040.S.o
 .debug_abbrev  0x00003472       0x12 CMakeFiles/SimpleButtonsTwoSDK.dir/home/michelle/pico/pico-sdk/src/rp2_common/pico_float/float_aeabi_rp2040.S.o
 .debug_abbrev  0x00003484      0x2ac CMakeFiles/SimpleButtonsTwoSDK.dir/home/michelle/pico/pico-sdk/src/rp2_common/pico_float/float_init_rom_rp2040.c.o
 .debug_abbrev  0x00003730       0x12 CMakeFiles/SimpleButtonsTwoSDK.dir/home/michelle/pico/pico-sdk/src/rp2_common/pico_float/float_v1_rom_shim_rp2040.S.o
 .debug_abbrev  0x00003742       0x12 CMakeFiles/SimpleButtonsTwoSDK.dir/home/michelle/pico/pico-sdk/src/rp2_common/pico_mem_ops/mem_ops_aeabi.S.o
 .debug_abbrev  0x00003754       0xad CMakeFiles/SimpleButtonsTwoSDK.dir/home/michelle/pico/pico-sdk/src/rp2_common/pico_standard_binary_info/standard_binary_info.c.o
 .debug_abbrev  0x00003801      0x609 CMakeFiles/SimpleButtonsTwoSDK.dir/home/michelle/pico/pico-sdk/src/rp2_common/pico_printf/printf.c.o
 .debug_abbrev  0x00003e0a       0x12 CMakeFiles/SimpleButtonsTwoSDK.dir/home/michelle/pico/pico-sdk/src/rp2_common/pico_crt0/crt0.S.o
 .debug_abbrev  0x00003e1c      0x427 CMakeFiles/SimpleButtonsTwoSDK.dir/home/michelle/pico/pico-sdk/src/rp2_common/pico_clib_interface/newlib_interface.c.o
 .debug_abbrev  0x00004243      0x67d CMakeFiles/SimpleButtonsTwoSDK.dir/home/michelle/pico/pico-sdk/src/rp2_common/pico_stdio/stdio.c.o
 .debug_abbrev  0x000048c0      0x27b CMakeFiles/SimpleButtonsTwoSDK.dir/home/michelle/pico/pico-sdk/src/rp2_common/pico_unique_id/unique_id.c.o
 .debug_abbrev  0x00004b3b      0x49b CMakeFiles/SimpleButtonsTwoSDK.dir/home/michelle/pico/pico-sdk/src/rp2_common/hardware_flash/flash.c.o
 .debug_abbrev  0x00004fd6       0x14 /usr/lib/gcc/arm-none-eabi/8.3.1/thumb/v6-m/nofp/libgcc.a(_dvmd_tls.o)
 .debug_abbrev  0x00004fea      0x1e8 /usr/lib/gcc/arm-none-eabi/8.3.1/../../../arm-none-eabi/lib/thumb/v6-m/nofp/libg.a(lib_a-strlen-stub.o)

.debug_aranges  0x00000000      0xe28
 .debug_aranges
                0x00000000       0x20 CMakeFiles/SimpleButtonsTwoSDK.dir/SimpleButtonsTwoSDK.S.o
 .debug_aranges
                0x00000020       0x28 CMakeFiles/SimpleButtonsTwoSDK.dir/home/michelle/pico/pico-sdk/src/rp2_common/pico_platform_panic/panic.c.o
 .debug_aranges
                0x00000048       0x48 CMakeFiles/SimpleButtonsTwoSDK.dir/home/michelle/pico/pico-sdk/src/common/hardware_claim/claim.c.o
 .debug_aranges
                0x00000090       0x48 CMakeFiles/SimpleButtonsTwoSDK.dir/home/michelle/pico/pico-sdk/src/rp2_common/hardware_sync/sync.c.o
 .debug_aranges
                0x000000d8       0x28 CMakeFiles/SimpleButtonsTwoSDK.dir/home/michelle/pico/pico-sdk/src/rp2_common/hardware_sync_spin_lock/sync_spin_lock.c.o
 .debug_aranges
                0x00000100       0xb8 CMakeFiles/SimpleButtonsTwoSDK.dir/home/michelle/pico/pico-sdk/src/rp2_common/hardware_irq/irq.c.o
 .debug_aranges
                0x000001b8       0x20 CMakeFiles/SimpleButtonsTwoSDK.dir/home/michelle/pico/pico-sdk/src/common/pico_sync/lock_core.c.o
 .debug_aranges
                0x000001d8       0x98 CMakeFiles/SimpleButtonsTwoSDK.dir/home/michelle/pico/pico-sdk/src/common/pico_sync/mutex.c.o
 .debug_aranges
                0x00000270       0xe0 CMakeFiles/SimpleButtonsTwoSDK.dir/home/michelle/pico/pico-sdk/src/common/pico_time/time.c.o
 .debug_aranges
                0x00000350       0xf0 CMakeFiles/SimpleButtonsTwoSDK.dir/home/michelle/pico/pico-sdk/src/rp2_common/hardware_timer/timer.c.o
 .debug_aranges
                0x00000440       0x98 CMakeFiles/SimpleButtonsTwoSDK.dir/home/michelle/pico/pico-sdk/src/rp2_common/hardware_clocks/clocks.c.o
 .debug_aranges
                0x000004d8       0x28 CMakeFiles/SimpleButtonsTwoSDK.dir/home/michelle/pico/pico-sdk/src/rp2_common/hardware_pll/pll.c.o
 .debug_aranges
                0x00000500       0x30 CMakeFiles/SimpleButtonsTwoSDK.dir/home/michelle/pico/pico-sdk/src/rp2_common/hardware_ticks/ticks.c.o
 .debug_aranges
                0x00000530       0x40 CMakeFiles/SimpleButtonsTwoSDK.dir/home/michelle/pico/pico-sdk/src/rp2_common/pico_bootrom/bootrom.c.o
 .debug_aranges
                0x00000570       0x30 CMakeFiles/SimpleButtonsTwoSDK.dir/home/michelle/pico/pico-sdk/src/rp2_common/hardware_xosc/xosc.c.o
 .debug_aranges
                0x000005a0       0x38 CMakeFiles/SimpleButtonsTwoSDK.dir/home/michelle/pico/pico-sdk/src/rp2_common/pico_runtime/runtime.c.o
 .debug_aranges
                0x000005d8       0x48 CMakeFiles/SimpleButtonsTwoSDK.dir/home/michelle/pico/pico-sdk/src/rp2_common/pico_runtime_init/runtime_init.c.o
 .debug_aranges
                0x00000620       0x20 CMakeFiles/SimpleButtonsTwoSDK.dir/home/michelle/pico/pico-sdk/src/rp2_common/pico_runtime_init/runtime_init_clocks.c.o
 .debug_aranges
                0x00000640       0x60 CMakeFiles/SimpleButtonsTwoSDK.dir/home/michelle/pico/pico-sdk/src/rp2_common/pico_bit_ops/bit_ops_aeabi.S.o
 .debug_aranges
                0x000006a0       0x40 CMakeFiles/SimpleButtonsTwoSDK.dir/home/michelle/pico/pico-sdk/src/rp2_common/pico_divider/divider_hardware.S.o
 .debug_aranges
                0x000006e0      0x150 CMakeFiles/SimpleButtonsTwoSDK.dir/home/michelle/pico/pico-sdk/src/rp2_common/pico_double/double_aeabi_rp2040.S.o
 .debug_aranges
                0x00000830       0x20 CMakeFiles/SimpleButtonsTwoSDK.dir/home/michelle/pico/pico-sdk/src/rp2_common/pico_double/double_init_rom_rp2040.c.o
 .debug_aranges
                0x00000850       0xc8 CMakeFiles/SimpleButtonsTwoSDK.dir/home/michelle/pico/pico-sdk/src/rp2_common/pico_double/double_v1_rom_shim_rp2040.S.o
 .debug_aranges
                0x00000918      0x138 CMakeFiles/SimpleButtonsTwoSDK.dir/home/michelle/pico/pico-sdk/src/rp2_common/pico_float/float_aeabi_rp2040.S.o
 .debug_aranges
                0x00000a50       0x20 CMakeFiles/SimpleButtonsTwoSDK.dir/home/michelle/pico/pico-sdk/src/rp2_common/pico_float/float_init_rom_rp2040.c.o
 .debug_aranges
                0x00000a70       0x50 CMakeFiles/SimpleButtonsTwoSDK.dir/home/michelle/pico/pico-sdk/src/rp2_common/pico_float/float_v1_rom_shim_rp2040.S.o
 .debug_aranges
                0x00000ac0       0x38 CMakeFiles/SimpleButtonsTwoSDK.dir/home/michelle/pico/pico-sdk/src/rp2_common/pico_mem_ops/mem_ops_aeabi.S.o
 .debug_aranges
                0x00000af8       0x18 CMakeFiles/SimpleButtonsTwoSDK.dir/home/michelle/pico/pico-sdk/src/rp2_common/pico_standard_binary_info/standard_binary_info.c.o
 .debug_aranges
                0x00000b10       0x90 CMakeFiles/SimpleButtonsTwoSDK.dir/home/michelle/pico/pico-sdk/src/rp2_common/pico_printf/printf.c.o
 .debug_aranges
                0x00000ba0       0x28 CMakeFiles/SimpleButtonsTwoSDK.dir/home/michelle/pico/pico-sdk/src/rp2_common/pico_crt0/crt0.S.o
 .debug_aranges
                0x00000bc8       0xa8 CMakeFiles/SimpleButtonsTwoSDK.dir/home/michelle/pico/pico-sdk/src/rp2_common/pico_clib_interface/newlib_interface.c.o
 .debug_aranges
                0x00000c70       0xd0 CMakeFiles/SimpleButtonsTwoSDK.dir/home/michelle/pico/pico-sdk/src/rp2_common/pico_stdio/stdio.c.o
 .debug_aranges
                0x00000d40       0x30 CMakeFiles/SimpleButtonsTwoSDK.dir/home/michelle/pico/pico-sdk/src/rp2_common/pico_unique_id/unique_id.c.o
 .debug_aranges
                0x00000d70       0x78 CMakeFiles/SimpleButtonsTwoSDK.dir/home/michelle/pico/pico-sdk/src/rp2_common/hardware_flash/flash.c.o
 .debug_aranges
                0x00000de8       0x20 /usr/lib/gcc/arm-none-eabi/8.3.1/thumb/v6-m/nofp/libgcc.a(_dvmd_tls.o)
 .debug_aranges
                0x00000e08       0x20 /usr/lib/gcc/arm-none-eabi/8.3.1/../../../arm-none-eabi/lib/thumb/v6-m/nofp/libg.a(lib_a-strlen-stub.o)

.debug_str      0x00000000     0x4223
 .debug_str     0x00000000       0x78 CMakeFiles/SimpleButtonsTwoSDK.dir/SimpleButtonsTwoSDK.S.o
 .debug_str     0x00000078      0x560 CMakeFiles/SimpleButtonsTwoSDK.dir/home/michelle/pico/pico-sdk/src/rp2_common/pico_platform_panic/panic.c.o
                                0x629 (size before relaxing)
 .debug_str     0x000005d8      0x1ea CMakeFiles/SimpleButtonsTwoSDK.dir/home/michelle/pico/pico-sdk/src/common/hardware_claim/claim.c.o
                                0x391 (size before relaxing)
 .debug_str     0x000007c2       0xce CMakeFiles/SimpleButtonsTwoSDK.dir/home/michelle/pico/pico-sdk/src/rp2_common/hardware_sync/sync.c.o
                                0x335 (size before relaxing)
 .debug_str     0x00000890       0x64 CMakeFiles/SimpleButtonsTwoSDK.dir/home/michelle/pico/pico-sdk/src/rp2_common/hardware_sync_spin_lock/sync_spin_lock.c.o
                                0x257 (size before relaxing)
 .debug_str     0x000008f4      0x6d9 CMakeFiles/SimpleButtonsTwoSDK.dir/home/michelle/pico/pico-sdk/src/rp2_common/hardware_irq/irq.c.o
                                0xa7f (size before relaxing)
 .debug_str     0x00000fcd       0x5e CMakeFiles/SimpleButtonsTwoSDK.dir/home/michelle/pico/pico-sdk/src/common/pico_sync/lock_core.c.o
                                0x258 (size before relaxing)
 .debug_str     0x0000102b      0x25e CMakeFiles/SimpleButtonsTwoSDK.dir/home/michelle/pico/pico-sdk/src/common/pico_sync/mutex.c.o
                                0x7d9 (size before relaxing)
 .debug_str     0x00001289      0xa10 CMakeFiles/SimpleButtonsTwoSDK.dir/home/michelle/pico/pico-sdk/src/common/pico_time/time.c.o
                               0x157c (size before relaxing)
 .debug_str     0x00001c99      0x1c7 CMakeFiles/SimpleButtonsTwoSDK.dir/home/michelle/pico/pico-sdk/src/rp2_common/hardware_timer/timer.c.o
                                0x9fb (size before relaxing)
 .debug_str     0x00001e60      0x598 CMakeFiles/SimpleButtonsTwoSDK.dir/home/michelle/pico/pico-sdk/src/rp2_common/hardware_clocks/clocks.c.o
                                0x9af (size before relaxing)
 .debug_str     0x000023f8      0x22b CMakeFiles/SimpleButtonsTwoSDK.dir/home/michelle/pico/pico-sdk/src/rp2_common/hardware_pll/pll.c.o
                                0x45c (size before relaxing)
 .debug_str     0x00002623       0xcb CMakeFiles/SimpleButtonsTwoSDK.dir/home/michelle/pico/pico-sdk/src/rp2_common/hardware_ticks/ticks.c.o
                                0x299 (size before relaxing)
 .debug_str     0x000026ee      0x188 CMakeFiles/SimpleButtonsTwoSDK.dir/home/michelle/pico/pico-sdk/src/rp2_common/pico_bootrom/bootrom.c.o
                                0x715 (size before relaxing)
 .debug_str     0x00002876       0x77 CMakeFiles/SimpleButtonsTwoSDK.dir/home/michelle/pico/pico-sdk/src/rp2_common/hardware_xosc/xosc.c.o
                                0x24e (size before relaxing)
 .debug_str     0x000028ed       0xec CMakeFiles/SimpleButtonsTwoSDK.dir/home/michelle/pico/pico-sdk/src/rp2_common/pico_runtime/runtime.c.o
                                0x2a4 (size before relaxing)
 .debug_str     0x000029d9      0x2f1 CMakeFiles/SimpleButtonsTwoSDK.dir/home/michelle/pico/pico-sdk/src/rp2_common/pico_runtime_init/runtime_init.c.o
                                0x7a8 (size before relaxing)
 .debug_str     0x00002cca       0x64 CMakeFiles/SimpleButtonsTwoSDK.dir/home/michelle/pico/pico-sdk/src/rp2_common/pico_runtime_init/runtime_init_clocks.c.o
                                0x467 (size before relaxing)
 .debug_str     0x00002d2e       0x49 CMakeFiles/SimpleButtonsTwoSDK.dir/home/michelle/pico/pico-sdk/src/rp2_common/pico_bit_ops/bit_ops_aeabi.S.o
                                 0x83 (size before relaxing)
 .debug_str     0x00002d77       0x4c CMakeFiles/SimpleButtonsTwoSDK.dir/home/michelle/pico/pico-sdk/src/rp2_common/pico_divider/divider_hardware.S.o
                                 0x86 (size before relaxing)
 .debug_str     0x00002dc3       0x4e CMakeFiles/SimpleButtonsTwoSDK.dir/home/michelle/pico/pico-sdk/src/rp2_common/pico_double/double_aeabi_rp2040.S.o
                                 0x88 (size before relaxing)
 .debug_str     0x00002e11       0xbd CMakeFiles/SimpleButtonsTwoSDK.dir/home/michelle/pico/pico-sdk/src/rp2_common/pico_double/double_init_rom_rp2040.c.o
                                0x67c (size before relaxing)
 .debug_str     0x00002ece       0x54 CMakeFiles/SimpleButtonsTwoSDK.dir/home/michelle/pico/pico-sdk/src/rp2_common/pico_double/double_v1_rom_shim_rp2040.S.o
                                 0x8e (size before relaxing)
 .debug_str     0x00002f22       0x4c CMakeFiles/SimpleButtonsTwoSDK.dir/home/michelle/pico/pico-sdk/src/rp2_common/pico_float/float_aeabi_rp2040.S.o
                                 0x86 (size before relaxing)
 .debug_str     0x00002f6e       0x94 CMakeFiles/SimpleButtonsTwoSDK.dir/home/michelle/pico/pico-sdk/src/rp2_common/pico_float/float_init_rom_rp2040.c.o
                                0x681 (size before relaxing)
 .debug_str     0x00003002       0x52 CMakeFiles/SimpleButtonsTwoSDK.dir/home/michelle/pico/pico-sdk/src/rp2_common/pico_float/float_v1_rom_shim_rp2040.S.o
                                 0x8c (size before relaxing)
 .debug_str     0x00003054       0x49 CMakeFiles/SimpleButtonsTwoSDK.dir/home/michelle/pico/pico-sdk/src/rp2_common/pico_mem_ops/mem_ops_aeabi.S.o
                                 0x83 (size before relaxing)
 .debug_str     0x0000309d      0x24b CMakeFiles/SimpleButtonsTwoSDK.dir/home/michelle/pico/pico-sdk/src/rp2_common/pico_standard_binary_info/standard_binary_info.c.o
                                0x3f9 (size before relaxing)
 .debug_str     0x000032e8      0x1bb CMakeFiles/SimpleButtonsTwoSDK.dir/home/michelle/pico/pico-sdk/src/rp2_common/pico_printf/printf.c.o
                                0x7cf (size before relaxing)
 .debug_str     0x000034a3       0x3d CMakeFiles/SimpleButtonsTwoSDK.dir/home/michelle/pico/pico-sdk/src/rp2_common/pico_crt0/crt0.S.o
                                 0x77 (size before relaxing)
 .debug_str     0x000034e0      0x32f CMakeFiles/SimpleButtonsTwoSDK.dir/home/michelle/pico/pico-sdk/src/rp2_common/pico_clib_interface/newlib_interface.c.o
                                0xb93 (size before relaxing)
 .debug_str     0x0000380f      0x319 CMakeFiles/SimpleButtonsTwoSDK.dir/home/michelle/pico/pico-sdk/src/rp2_common/pico_stdio/stdio.c.o
                                0xf30 (size before relaxing)
 .debug_str     0x00003b28       0xe2 CMakeFiles/SimpleButtonsTwoSDK.dir/home/michelle/pico/pico-sdk/src/rp2_common/pico_unique_id/unique_id.c.o
                                0x669 (size before relaxing)
 .debug_str     0x00003c0a      0x448 CMakeFiles/SimpleButtonsTwoSDK.dir/home/michelle/pico/pico-sdk/src/rp2_common/hardware_flash/flash.c.o
                                0xb58 (size before relaxing)
 .debug_str     0x00004052       0x97 /usr/lib/gcc/arm-none-eabi/8.3.1/thumb/v6-m/nofp/libgcc.a(_dvmd_tls.o)
                                 0xa3 (size before relaxing)
 .debug_str     0x000040e9      0x13a /usr/lib/gcc/arm-none-eabi/8.3.1/../../../arm-none-eabi/lib/thumb/v6-m/nofp/libg.a(lib_a-strlen-stub.o)
                                0x5c2 (size before relaxing)

.debug_ranges   0x00000000     0x7bc8
 .debug_ranges  0x00000000       0x18 CMakeFiles/SimpleButtonsTwoSDK.dir/home/michelle/pico/pico-sdk/src/rp2_common/pico_platform_panic/panic.c.o
 .debug_ranges  0x00000018      0x440 CMakeFiles/SimpleButtonsTwoSDK.dir/home/michelle/pico/pico-sdk/src/common/hardware_claim/claim.c.o
 .debug_ranges  0x00000458       0xd8 CMakeFiles/SimpleButtonsTwoSDK.dir/home/michelle/pico/pico-sdk/src/rp2_common/hardware_sync/sync.c.o
 .debug_ranges  0x00000530       0xa0 CMakeFiles/SimpleButtonsTwoSDK.dir/home/michelle/pico/pico-sdk/src/rp2_common/hardware_sync_spin_lock/sync_spin_lock.c.o
 .debug_ranges  0x000005d0      0xa88 CMakeFiles/SimpleButtonsTwoSDK.dir/home/michelle/pico/pico-sdk/src/rp2_common/hardware_irq/irq.c.o
 .debug_ranges  0x00001058       0x28 CMakeFiles/SimpleButtonsTwoSDK.dir/home/michelle/pico/pico-sdk/src/common/pico_sync/lock_core.c.o
 .debug_ranges  0x00001080     0x1730 CMakeFiles/SimpleButtonsTwoSDK.dir/home/michelle/pico/pico-sdk/src/common/pico_sync/mutex.c.o
 .debug_ranges  0x000027b0     0x1e58 CMakeFiles/SimpleButtonsTwoSDK.dir/home/michelle/pico/pico-sdk/src/common/pico_time/time.c.o
 .debug_ranges  0x00004608     0x1088 CMakeFiles/SimpleButtonsTwoSDK.dir/home/michelle/pico/pico-sdk/src/rp2_common/hardware_timer/timer.c.o
 .debug_ranges  0x00005690      0xae8 CMakeFiles/SimpleButtonsTwoSDK.dir/home/michelle/pico/pico-sdk/src/rp2_common/hardware_clocks/clocks.c.o
 .debug_ranges  0x00006178       0xc0 CMakeFiles/SimpleButtonsTwoSDK.dir/home/michelle/pico/pico-sdk/src/rp2_common/hardware_pll/pll.c.o
 .debug_ranges  0x00006238       0x20 CMakeFiles/SimpleButtonsTwoSDK.dir/home/michelle/pico/pico-sdk/src/rp2_common/hardware_ticks/ticks.c.o
 .debug_ranges  0x00006258      0x128 CMakeFiles/SimpleButtonsTwoSDK.dir/home/michelle/pico/pico-sdk/src/rp2_common/pico_bootrom/bootrom.c.o
 .debug_ranges  0x00006380       0x20 CMakeFiles/SimpleButtonsTwoSDK.dir/home/michelle/pico/pico-sdk/src/rp2_common/hardware_xosc/xosc.c.o
 .debug_ranges  0x000063a0       0x58 CMakeFiles/SimpleButtonsTwoSDK.dir/home/michelle/pico/pico-sdk/src/rp2_common/pico_runtime/runtime.c.o
 .debug_ranges  0x000063f8       0xc8 CMakeFiles/SimpleButtonsTwoSDK.dir/home/michelle/pico/pico-sdk/src/rp2_common/pico_runtime_init/runtime_init.c.o
 .debug_ranges  0x000064c0       0x28 CMakeFiles/SimpleButtonsTwoSDK.dir/home/michelle/pico/pico-sdk/src/rp2_common/pico_runtime_init/runtime_init_clocks.c.o
 .debug_ranges  0x000064e8       0x58 CMakeFiles/SimpleButtonsTwoSDK.dir/home/michelle/pico/pico-sdk/src/rp2_common/pico_bit_ops/bit_ops_aeabi.S.o
 .debug_ranges  0x00006540       0x38 CMakeFiles/SimpleButtonsTwoSDK.dir/home/michelle/pico/pico-sdk/src/rp2_common/pico_divider/divider_hardware.S.o
 .debug_ranges  0x00006578      0x148 CMakeFiles/SimpleButtonsTwoSDK.dir/home/michelle/pico/pico-sdk/src/rp2_common/pico_double/double_aeabi_rp2040.S.o
 .debug_ranges  0x000066c0       0x50 CMakeFiles/SimpleButtonsTwoSDK.dir/home/michelle/pico/pico-sdk/src/rp2_common/pico_double/double_init_rom_rp2040.c.o
 .debug_ranges  0x00006710       0xc0 CMakeFiles/SimpleButtonsTwoSDK.dir/home/michelle/pico/pico-sdk/src/rp2_common/pico_double/double_v1_rom_shim_rp2040.S.o
 .debug_ranges  0x000067d0      0x130 CMakeFiles/SimpleButtonsTwoSDK.dir/home/michelle/pico/pico-sdk/src/rp2_common/pico_float/float_aeabi_rp2040.S.o
 .debug_ranges  0x00006900       0x10 CMakeFiles/SimpleButtonsTwoSDK.dir/home/michelle/pico/pico-sdk/src/rp2_common/pico_float/float_init_rom_rp2040.c.o
 .debug_ranges  0x00006910       0x48 CMakeFiles/SimpleButtonsTwoSDK.dir/home/michelle/pico/pico-sdk/src/rp2_common/pico_float/float_v1_rom_shim_rp2040.S.o
 .debug_ranges  0x00006958       0x30 CMakeFiles/SimpleButtonsTwoSDK.dir/home/michelle/pico/pico-sdk/src/rp2_common/pico_mem_ops/mem_ops_aeabi.S.o
 .debug_ranges  0x00006988      0x478 CMakeFiles/SimpleButtonsTwoSDK.dir/home/michelle/pico/pico-sdk/src/rp2_common/pico_printf/printf.c.o
 .debug_ranges  0x00006e00       0x20 CMakeFiles/SimpleButtonsTwoSDK.dir/home/michelle/pico/pico-sdk/src/rp2_common/pico_crt0/crt0.S.o
 .debug_ranges  0x00006e20      0x128 CMakeFiles/SimpleButtonsTwoSDK.dir/home/michelle/pico/pico-sdk/src/rp2_common/pico_clib_interface/newlib_interface.c.o
 .debug_ranges  0x00006f48      0x898 CMakeFiles/SimpleButtonsTwoSDK.dir/home/michelle/pico/pico-sdk/src/rp2_common/pico_stdio/stdio.c.o
 .debug_ranges  0x000077e0       0xb0 CMakeFiles/SimpleButtonsTwoSDK.dir/home/michelle/pico/pico-sdk/src/rp2_common/pico_unique_id/unique_id.c.o
 .debug_ranges  0x00007890      0x338 CMakeFiles/SimpleButtonsTwoSDK.dir/home/michelle/pico/pico-sdk/src/rp2_common/hardware_flash/flash.c.o

.debug_frame    0x00000000     0x1830
 .debug_frame   0x00000000       0x44 CMakeFiles/SimpleButtonsTwoSDK.dir/home/michelle/pico/pico-sdk/src/rp2_common/pico_platform_panic/panic.c.o
 .debug_frame   0x00000044       0xa4 CMakeFiles/SimpleButtonsTwoSDK.dir/home/michelle/pico/pico-sdk/src/common/hardware_claim/claim.c.o
 .debug_frame   0x000000e8       0xa4 CMakeFiles/SimpleButtonsTwoSDK.dir/home/michelle/pico/pico-sdk/src/rp2_common/hardware_sync/sync.c.o
 .debug_frame   0x0000018c       0x30 CMakeFiles/SimpleButtonsTwoSDK.dir/home/michelle/pico/pico-sdk/src/rp2_common/hardware_sync_spin_lock/sync_spin_lock.c.o
 .debug_frame   0x000001bc      0x1cc CMakeFiles/SimpleButtonsTwoSDK.dir/home/michelle/pico/pico-sdk/src/rp2_common/hardware_irq/irq.c.o
 .debug_frame   0x00000388       0x20 CMakeFiles/SimpleButtonsTwoSDK.dir/home/michelle/pico/pico-sdk/src/common/pico_sync/lock_core.c.o
 .debug_frame   0x000003a8      0x1ec CMakeFiles/SimpleButtonsTwoSDK.dir/home/michelle/pico/pico-sdk/src/common/pico_sync/mutex.c.o
 .debug_frame   0x00000594      0x2d8 CMakeFiles/SimpleButtonsTwoSDK.dir/home/michelle/pico/pico-sdk/src/common/pico_time/time.c.o