Archive member included to satisfy reference by file (symbol)

/usr/lib/gcc/arm-none-eabi/8.3.1/thumb/v6-m/nofp/libgcc.a(_dvmd_tls.o)
                              CMakeFiles/BinaryCounterSDK.dir/home/michelle/pico/pico-sdk/src/rp2_common/pico_divider/divider_hardware.S.o (__aeabi_idiv0)
/usr/lib/gcc/arm-none-eabi/8.3.1/../../../arm-none-eabi/lib/thumb/v6-m/nofp/libg.a(lib_a-atexit.o)
                              /usr/lib/gcc/arm-none-eabi/8.3.1/../../../arm-none-eabi/lib/thumb/v6-m/nofp/crt0.o (atexit)
/usr/lib/gcc/arm-none-eabi/8.3.1/../../../arm-none-eabi/lib/thumb/v6-m/nofp/libg.a(lib_a-calloc.o)
                              CMakeFiles/BinaryCounterSDK.dir/home/michelle/pico/pico-sdk/src/rp2_common/pico_malloc/malloc.c.o (calloc)
/usr/lib/gcc/arm-none-eabi/8.3.1/../../../arm-none-eabi/lib/thumb/v6-m/nofp/libg.a(lib_a-callocr.o)
                              /usr/lib/gcc/arm-none-eabi/8.3.1/../../../arm-none-eabi/lib/thumb/v6-m/nofp/libg.a(lib_a-calloc.o) (_calloc_r)
/usr/lib/gcc/arm-none-eabi/8.3.1/../../../arm-none-eabi/lib/thumb/v6-m/nofp/libg.a(lib_a-fini.o)
                              /usr/lib/gcc/arm-none-eabi/8.3.1/../../../arm-none-eabi/lib/thumb/v6-m/nofp/crt0.o (__libc_fini_array)
/usr/lib/gcc/arm-none-eabi/8.3.1/../../../arm-none-eabi/lib/thumb/v6-m/nofp/libg.a(lib_a-impure.o)
                              /usr/lib/gcc/arm-none-eabi/8.3.1/../../../arm-none-eabi/lib/thumb/v6-m/nofp/libg.a(lib_a-calloc.o) (_impure_ptr)
/usr/lib/gcc/arm-none-eabi/8.3.1/../../../arm-none-eabi/lib/thumb/v6-m/nofp/libg.a(lib_a-init.o)
                              /usr/lib/gcc/arm-none-eabi/8.3.1/../../../arm-none-eabi/lib/thumb/v6-m/nofp/crt0.o (__libc_init_array)
/usr/lib/gcc/arm-none-eabi/8.3.1/../../../arm-none-eabi/lib/thumb/v6-m/nofp/libg.a(lib_a-lcltime_r.o)
                              CMakeFiles/BinaryCounterSDK.dir/home/michelle/pico/pico-sdk/src/common/pico_util/datetime.c.o (localtime_r)
/usr/lib/gcc/arm-none-eabi/8.3.1/../../../arm-none-eabi/lib/thumb/v6-m/nofp/libg.a(lib_a-malloc.o)
                              CMakeFiles/BinaryCounterSDK.dir/home/michelle/pico/pico-sdk/src/rp2_common/pico_malloc/malloc.c.o (malloc)
/usr/lib/gcc/arm-none-eabi/8.3.1/../../../arm-none-eabi/lib/thumb/v6-m/nofp/libg.a(lib_a-mallocr.o)
                              /usr/lib/gcc/arm-none-eabi/8.3.1/../../../arm-none-eabi/lib/thumb/v6-m/nofp/libg.a(lib_a-callocr.o) (_malloc_r)
/usr/lib/gcc/arm-none-eabi/8.3.1/../../../arm-none-eabi/lib/thumb/v6-m/nofp/libg.a(lib_a-memcmp.o)
                              CMakeFiles/BinaryCounterSDK.dir/home/michelle/pico/pico-sdk/src/rp2_common/pico_atomic/atomic.c.o (memcmp)
/usr/lib/gcc/arm-none-eabi/8.3.1/../../../arm-none-eabi/lib/thumb/v6-m/nofp/libg.a(lib_a-mktime.o)
                              CMakeFiles/BinaryCounterSDK.dir/home/michelle/pico/pico-sdk/src/common/pico_util/datetime.c.o (mktime)
/usr/lib/gcc/arm-none-eabi/8.3.1/../../../arm-none-eabi/lib/thumb/v6-m/nofp/libg.a(lib_a-mlock.o)
                              /usr/lib/gcc/arm-none-eabi/8.3.1/../../../arm-none-eabi/lib/thumb/v6-m/nofp/libg.a(lib_a-mallocr.o) (__malloc_lock)
/usr/lib/gcc/arm-none-eabi/8.3.1/../../../arm-none-eabi/lib/thumb/v6-m/nofp/libg.a(lib_a-month_lengths.o)
                              /usr/lib/gcc/arm-none-eabi/8.3.1/../../../arm-none-eabi/lib/thumb/v6-m/nofp/libg.a(lib_a-lcltime_r.o) (__month_lengths)
/usr/lib/gcc/arm-none-eabi/8.3.1/../../../arm-none-eabi/lib/thumb/v6-m/nofp/libg.a(lib_a-realloc.o)
                              CMakeFiles/BinaryCounterSDK.dir/home/michelle/pico/pico-sdk/src/rp2_common/pico_malloc/malloc.c.o (realloc)
/usr/lib/gcc/arm-none-eabi/8.3.1/../../../arm-none-eabi/lib/thumb/v6-m/nofp/libg.a(lib_a-reallocr.o)
                              /usr/lib/gcc/arm-none-eabi/8.3.1/../../../arm-none-eabi/lib/thumb/v6-m/nofp/libg.a(lib_a-realloc.o) (_realloc_r)
/usr/lib/gcc/arm-none-eabi/8.3.1/../../../arm-none-eabi/lib/thumb/v6-m/nofp/libg.a(lib_a-sbrkr.o)
                              /usr/lib/gcc/arm-none-eabi/8.3.1/../../../arm-none-eabi/lib/thumb/v6-m/nofp/libg.a(lib_a-mallocr.o) (_sbrk_r)
/usr/lib/gcc/arm-none-eabi/8.3.1/../../../arm-none-eabi/lib/thumb/v6-m/nofp/libg.a(lib_a-strlen-stub.o)
                              CMakeFiles/BinaryCounterSDK.dir/home/michelle/pico/pico-sdk/src/rp2_common/pico_stdio/stdio.c.o (strlen)
/usr/lib/gcc/arm-none-eabi/8.3.1/../../../arm-none-eabi/lib/thumb/v6-m/nofp/libg.a(lib_a-tzcalc_limits.o)
                              /usr/lib/gcc/arm-none-eabi/8.3.1/../../../arm-none-eabi/lib/thumb/v6-m/nofp/libg.a(lib_a-lcltime_r.o) (__tzcalc_limits)
/usr/lib/gcc/arm-none-eabi/8.3.1/../../../arm-none-eabi/lib/thumb/v6-m/nofp/libg.a(lib_a-tzlock.o)
                              /usr/lib/gcc/arm-none-eabi/8.3.1/../../../arm-none-eabi/lib/thumb/v6-m/nofp/libg.a(lib_a-lcltime_r.o) (__tz_lock)
/usr/lib/gcc/arm-none-eabi/8.3.1/../../../arm-none-eabi/lib/thumb/v6-m/nofp/libg.a(lib_a-tzset.o)
[...]
Memory Configuration

Name             Origin             Length             Attributes
FLASH            0x10000000         0x00200000         xr
RAM              0x20000000         0x00040000         xrw
SCRATCH_X        0x20040000         0x00001000         xrw
SCRATCH_Y        0x20041000         0x00001000         xrw
*default*        0x00000000         0xffffffff

Linker script and memory map

LOAD /usr/lib/gcc/arm-none-eabi/8.3.1/thumb/v6-m/nofp/crti.o
LOAD /usr/lib/gcc/arm-none-eabi/8.3.1/thumb/v6-m/nofp/crtbegin.o
LOAD /usr/lib/gcc/arm-none-eabi/8.3.1/../../../arm-none-eabi/lib/thumb/v6-m/nofp/crt0.o

.flash_begin    0x10000000        0x0
                0x10000000                __flash_binary_start = .

.boot2          0x10000000      0x100
                0x10000000                __boot2_start__ = .
 *(.boot2)
 .boot2         0x10000000      0x100 pico-sdk/src/rp2040/boot_stage2/CMakeFiles/bs2_default_library.dir/bs2_default_padded_checksummed.S.o
                0x10000100                __boot2_end__ = .
                0x00000001                ASSERT (((__boot2_end__ - __boot2_start__) == 0x100), ERROR: Pico second stage bootloader must be 256 bytes in size)

.text           0x10000100     0x4bdc
                0x10000100                __logical_binary_start = .
 *(.vectors)
 .vectors       0x10000100       0xd4 CMakeFiles/BinaryCounterSDK.dir/home/michelle/pico/pico-sdk/src/rp2_common/pico_crt0/crt0.S.o
                0x10000100                __vectors
                0x10000100                __VECTOR_TABLE
                0x100001c0                isr_irq30
                0x100001c0                __unhandled_user_irq
                0x100001c0                isr_irq13
                0x100001c0                isr_irq27
                0x100001c0                isr_irq31
                0x100001c0                isr_irq5
                0x100001c0                isr_irq11
                0x100001c0                isr_irq23
                0x100001c0                isr_irq18
                0x100001c0                isr_irq28
                0x100001c0                isr_irq19
                0x100001c0                isr_irq0
                0x100001c0                isr_irq6
                0x100001c0                isr_irq22
                0x100001c0                isr_irq17
                0x100001c0                isr_irq14
                0x100001c0                __vectors_end
                0x100001c0                __default_isrs_start
                0x100001c0                isr_irq2
                0x100001c0                isr_irq10
                0x100001c0                isr_irq8
                0x100001c0                isr_irq24
                0x100001c0                isr_irq1
                0x100001c0                isr_irq7
                0x100001c0                isr_irq21
                0x100001c0                isr_irq20
                0x100001c0                isr_irq15
                0x100001c0                isr_irq25
                0x100001c0                isr_irq4
                0x100001c0                isr_irq16
                0x100001c0                isr_irq29
                0x100001c0                isr_irq26
                0x100001c0                isr_irq3
                0x100001c0                isr_irq12
                0x100001c0                isr_irq9
                0x100001c6                unhandled_user_irq_num_in_r0
                0x100001c8                isr_invalid
                0x100001ca                isr_nmi
                0x100001cc                isr_hardfault
                0x100001ce                isr_svcall
                0x100001d0                isr_pendsv
                0x100001d2                isr_systick
                0x100001d4                __default_isrs_end
 *(.binary_info_header)
 .binary_info_header
                0x100001d4       0x14 CMakeFiles/BinaryCounterSDK.dir/home/michelle/pico/pico-sdk/src/rp2_common/pico_crt0/crt0.S.o
                0x100001e8                __binary_info_header_end = .
 *(.embedded_block)
                0x100001e8                __embedded_block_end = .
 *(.reset)
 .reset         0x100001e8       0x9c CMakeFiles/BinaryCounterSDK.dir/home/michelle/pico/pico-sdk/src/rp2_common/pico_crt0/crt0.S.o
                0x100001e8                _entry_point
 *(.init)
 .init          0x10000284        0x4 /usr/lib/gcc/arm-none-eabi/8.3.1/thumb/v6-m/nofp/crti.o
                0x10000284                _init
 *(EXCLUDE_FILE(*libm.a: *libc.a:*lib_a-mem*.o *libgcc.a:) .text*)
 .text          0x10000288       0x98 /usr/lib/gcc/arm-none-eabi/8.3.1/thumb/v6-m/nofp/crtbegin.o
 .text.button_isr
                0x10000320       0x40 CMakeFiles/BinaryCounterSDK.dir/BinaryCounterSDK.c.o
                0x10000320                button_isr
 .text.startup.main
                0x10000360       0x8c CMakeFiles/BinaryCounterSDK.dir/BinaryCounterSDK.c.o
                0x10000360                main
 .text.gpio_default_irq_handler
                0x100003ec      0x278 CMakeFiles/BinaryCounterSDK.dir/home/michelle/pico/pico-sdk/src/rp2_common/hardware_gpio/gpio.c.o
 .text.gpio_set_pulls
                0x10000664       0x34 CMakeFiles/BinaryCounterSDK.dir/home/michelle/pico/pico-sdk/src/rp2_common/hardware_gpio/gpio.c.o
                0x10000664                gpio_set_pulls
 .text.gpio_set_irq_enabled
                0x10000698       0x54 CMakeFiles/BinaryCounterSDK.dir/home/michelle/pico/pico-sdk/src/rp2_common/hardware_gpio/gpio.c.o
                0x10000698                gpio_set_irq_enabled
 .text.gpio_set_irq_enabled_with_callback
                0x100006ec       0xc0 CMakeFiles/BinaryCounterSDK.dir/home/michelle/pico/pico-sdk/src/rp2_common/hardware_gpio/gpio.c.o
                0x100006ec                gpio_set_irq_enabled_with_callback
 .text.gpio_init
                0x100007ac       0x40 CMakeFiles/BinaryCounterSDK.dir/home/michelle/pico/pico-sdk/src/rp2_common/hardware_gpio/gpio.c.o
                0x100007ac                gpio_init
 .text.rp2040_chip_version
                0x100007ec        0xc CMakeFiles/BinaryCounterSDK.dir/home/michelle/pico/pico-sdk/src/rp2040/pico_platform/platform.c.o
                0x100007ec                rp2040_chip_version
 .text.panic    0x100007f8       0x30 CMakeFiles/BinaryCounterSDK.dir/home/michelle/pico/pico-sdk/src/rp2_common/pico_platform_panic/panic.c.o
                0x100007f8                panic
 .text.hw_claim_or_assert
                0x10000828       0x44 CMakeFiles/BinaryCounterSDK.dir/home/michelle/pico/pico-sdk/src/common/hardware_claim/claim.c.o
                0x10000828                hw_claim_or_assert
 .text.hw_claim_unused_from_range
                0x1000086c       0x9c CMakeFiles/BinaryCounterSDK.dir/home/michelle/pico/pico-sdk/src/common/hardware_claim/claim.c.o
                0x1000086c                hw_claim_unused_from_range
 .text.next_striped_spin_lock_num
                0x10000908       0x18 CMakeFiles/BinaryCounterSDK.dir/home/michelle/pico/pico-sdk/src/rp2_common/hardware_sync/sync.c.o
                0x10000908                next_striped_spin_lock_num
 .text.spin_lock_claim_unused
                0x10000920       0x20 CMakeFiles/BinaryCounterSDK.dir/home/michelle/pico/pico-sdk/src/rp2_common/hardware_sync/sync.c.o
                0x10000920                spin_lock_claim_unused
 .text.spin_locks_reset
                0x10000940       0x1c CMakeFiles/BinaryCounterSDK.dir/home/michelle/pico/pico-sdk/src/rp2_common/hardware_sync_spin_lock/sync_spin_lock.c.o
                0x10000940                spin_locks_reset
 .text.runtime_init_per_core_irq_priorities
                0x1000095c       0x24 CMakeFiles/BinaryCounterSDK.dir/home/michelle/pico/pico-sdk/src/rp2_common/hardware_irq/irq.c.o
                0x1000095c                runtime_init_per_core_irq_priorities
 .text.irq_set_enabled
                0x10000980       0x24 CMakeFiles/BinaryCounterSDK.dir/home/michelle/pico/pico-sdk/src/rp2_common/hardware_irq/irq.c.o
                0x10000980                irq_set_enabled
 .text.irq_is_enabled
                0x100009a4       0x18 CMakeFiles/BinaryCounterSDK.dir/home/michelle/pico/pico-sdk/src/rp2_common/hardware_irq/irq.c.o
                0x100009a4                irq_is_enabled
 .text.irq_set_pending
                0x100009bc       0x10 CMakeFiles/BinaryCounterSDK.dir/home/michelle/pico/pico-sdk/src/rp2_common/hardware_irq/irq.c.o
                0x100009bc                irq_set_pending
 .text.irq_has_shared_handler
                0x100009cc       0x24 CMakeFiles/BinaryCounterSDK.dir/home/michelle/pico/pico-sdk/src/rp2_common/hardware_irq/irq.c.o
                0x100009cc                irq_has_shared_handler
 .text.irq_set_exclusive_handler
                0x100009f0       0x54 CMakeFiles/BinaryCounterSDK.dir/home/michelle/pico/pico-sdk/src/rp2_common/hardware_irq/irq.c.o
                0x100009f0                irq_set_exclusive_handler
 .text.irq_add_shared_handler
                0x10000a44      0x1c8 CMakeFiles/BinaryCounterSDK.dir/home/michelle/pico/pico-sdk/src/rp2_common/hardware_irq/irq.c.o
                0x10000a44                irq_add_shared_handler
 .text.irq_remove_handler
                0x10000c0c      0x1b8 CMakeFiles/BinaryCounterSDK.dir/home/michelle/pico/pico-sdk/src/rp2_common/hardware_irq/irq.c.o
                0x10000c0c                irq_remove_handler
 .text.irq_add_tail_to_free_list
                0x10000dc4       0xb4 CMakeFiles/BinaryCounterSDK.dir/home/michelle/pico/pico-sdk/src/rp2_common/hardware_irq/irq.c.o
                0x10000dc4                irq_add_tail_to_free_list
 .text.user_irq_claim_unused
                0x10000e78       0x28 CMakeFiles/BinaryCounterSDK.dir/home/michelle/pico/pico-sdk/src/rp2_common/hardware_irq/irq.c.o
                0x10000e78                user_irq_claim_unused
 .text.lock_init
                0x10000ea0       0x10 CMakeFiles/BinaryCounterSDK.dir/home/michelle/pico/pico-sdk/src/common/pico_sync/lock_core.c.o
                0x10000ea0                lock_init
 .text.runtime_init_mutex
                0x10000eb0       0x68 CMakeFiles/BinaryCounterSDK.dir/home/michelle/pico/pico-sdk/src/common/pico_sync/mutex.c.o
                0x10000eb0                runtime_init_mutex
 .text.mutex_init
                0x10000f18       0x1c CMakeFiles/BinaryCounterSDK.dir/home/michelle/pico/pico-sdk/src/common/pico_sync/mutex.c.o
                0x10000f18                mutex_init
 .text.critical_section_init
                0x10000f34       0x20 CMakeFiles/BinaryCounterSDK.dir/home/michelle/pico/pico-sdk/src/common/pico_sync/critical_section.c.o
                0x10000f34                critical_section_init
 .text.critical_section_init_with_lock_num
                0x10000f54       0x14 CMakeFiles/BinaryCounterSDK.dir/home/michelle/pico/pico-sdk/src/common/pico_sync/critical_section.c.o
                0x10000f54                critical_section_init_with_lock_num
 .text.sleep_until_callback
                0x10000f68       0x30 CMakeFiles/BinaryCounterSDK.dir/home/michelle/pico/pico-sdk/src/common/pico_time/time.c.o
 .text.alarm_pool_irq_handler
                0x10000f98      0x318 CMakeFiles/BinaryCounterSDK.dir/home/michelle/pico/pico-sdk/src/common/pico_time/time.c.o
 .text.runtime_init_default_alarm_pool
                0x100012b0       0xdc CMakeFiles/BinaryCounterSDK.dir/home/michelle/pico/pico-sdk/src/common/pico_time/time.c.o
                0x100012b0                runtime_init_default_alarm_pool
 .text.alarm_pool_get_default
                0x1000138c        0x8 CMakeFiles/BinaryCounterSDK.dir/home/michelle/pico/pico-sdk/src/common/pico_time/time.c.o
                0x1000138c                alarm_pool_get_default
 .text.alarm_pool_add_alarm_at
                0x10001394       0xc8 CMakeFiles/BinaryCounterSDK.dir/home/michelle/pico/pico-sdk/src/common/pico_time/time.c.o
                0x10001394                alarm_pool_add_alarm_at
 .text.alarm_pool_add_alarm_at_force_in_context
                0x1000145c       0xa8 CMakeFiles/BinaryCounterSDK.dir/home/michelle/pico/pico-sdk/src/common/pico_time/time.c.o
                0x1000145c                alarm_pool_add_alarm_at_force_in_context
 .text.alarm_pool_cancel_alarm
                0x10001504       0x78 CMakeFiles/BinaryCounterSDK.dir/home/michelle/pico/pico-sdk/src/common/pico_time/time.c.o
                0x10001504                alarm_pool_cancel_alarm
 .text.alarm_pool_core_num
                0x1000157c        0x4 CMakeFiles/BinaryCounterSDK.dir/home/michelle/pico/pico-sdk/src/common/pico_time/time.c.o
                0x1000157c                alarm_pool_core_num
 .text.best_effort_wfe_or_timeout
                0x10001580       0xfc CMakeFiles/BinaryCounterSDK.dir/home/michelle/pico/pico-sdk/src/common/pico_time/time.c.o
                0x10001580                best_effort_wfe_or_timeout
 .text.timer_hardware_alarm_claim
                0x1000167c       0x14 CMakeFiles/BinaryCounterSDK.dir/home/michelle/pico/pico-sdk/src/rp2_common/hardware_timer/timer.c.o
                0x1000167c                timer_hardware_alarm_claim
 .text.timer_time_us_64
                0x10001690       0x14 CMakeFiles/BinaryCounterSDK.dir/home/michelle/pico/pico-sdk/src/rp2_common/hardware_timer/timer.c.o
                0x10001690                timer_time_us_64
 .text.time_us_64
                0x100016a4       0x18 CMakeFiles/BinaryCounterSDK.dir/home/michelle/pico/pico-sdk/src/rp2_common/hardware_timer/timer.c.o
                0x100016a4                time_us_64
 .text.clock_configure_int_divider
                0x100016bc      0x128 CMakeFiles/BinaryCounterSDK.dir/home/michelle/pico/pico-sdk/src/rp2_common/hardware_clocks/clocks.c.o
                0x100016bc                clock_configure_int_divider
 .text.clock_configure_undivided
                0x100017e4      0x128 CMakeFiles/BinaryCounterSDK.dir/home/michelle/pico/pico-sdk/src/rp2_common/hardware_clocks/clocks.c.o
                0x100017e4                clock_configure_undivided
 .text.clock_get_hz
                0x1000190c        0xc CMakeFiles/BinaryCounterSDK.dir/home/michelle/pico/pico-sdk/src/rp2_common/hardware_clocks/clocks.c.o
                0x1000190c                clock_get_hz
 .text.pll_init
                0x10001918       0xa0 CMakeFiles/BinaryCounterSDK.dir/home/michelle/pico/pico-sdk/src/rp2_common/hardware_pll/pll.c.o
                0x10001918                pll_init
 .text.watchdog_reboot
                0x100019b8       0x98 CMakeFiles/BinaryCounterSDK.dir/home/michelle/pico/pico-sdk/src/rp2_common/hardware_watchdog/watchdog.c.o
                0x100019b8                watchdog_reboot
 .text.tick_start
                0x10001a50       0x10 CMakeFiles/BinaryCounterSDK.dir/home/michelle/pico/pico-sdk/src/rp2_common/hardware_ticks/ticks.c.o
                0x10001a50                tick_start
 .text.rom_func_lookup
                0x10001a60       0x10 CMakeFiles/BinaryCounterSDK.dir/home/michelle/pico/pico-sdk/src/rp2_common/pico_bootrom/bootrom.c.o
                0x10001a60                rom_func_lookup
 .text.rom_data_lookup
                0x10001a70       0x10 CMakeFiles/BinaryCounterSDK.dir/home/michelle/pico/pico-sdk/src/rp2_common/pico_bootrom/bootrom.c.o
                0x10001a70                rom_data_lookup
 .text.rom_funcs_lookup
                0x10001a80       0x3c CMakeFiles/BinaryCounterSDK.dir/home/michelle/pico/pico-sdk/src/rp2_common/pico_bootrom/bootrom.c.o
                0x10001a80                rom_funcs_lookup
 .text.rom_reset_usb_boot_extra
                0x10001abc       0x28 CMakeFiles/BinaryCounterSDK.dir/home/michelle/pico/pico-sdk/src/rp2_common/pico_bootrom/bootrom.c.o
                0x10001abc                rom_reset_usb_boot_extra
 .text.xosc_init
                0x10001ae4       0x28 CMakeFiles/BinaryCounterSDK.dir/home/michelle/pico/pico-sdk/src/rp2_common/hardware_xosc/xosc.c.o
                0x10001ae4                xosc_init
 .text.first_per_core_initializer
                0x10001b0c        0x4 CMakeFiles/BinaryCounterSDK.dir/home/michelle/pico/pico-sdk/src/rp2_common/pico_runtime/runtime.c.o
 .text.hard_assertion_failure
                0x10001b10        0xc CMakeFiles/BinaryCounterSDK.dir/home/michelle/pico/pico-sdk/src/rp2_common/pico_runtime/runtime.c.o
                0x10001b10                hard_assertion_failure
 .text.runtime_run_initializers
                0x10001b1c       0x28 CMakeFiles/BinaryCounterSDK.dir/home/michelle/pico/pico-sdk/src/rp2_common/pico_runtime/runtime.c.o
                0x10001b1c                runtime_run_initializers
 .text.runtime_init_early_resets
                0x10001b44       0x2c CMakeFiles/BinaryCounterSDK.dir/home/michelle/pico/pico-sdk/src/rp2_common/pico_runtime_init/runtime_init.c.o
                0x10001b44                runtime_init_early_resets
 .text.runtime_init_usb_power_down
                0x10001b70       0x1c CMakeFiles/BinaryCounterSDK.dir/home/michelle/pico/pico-sdk/src/rp2_common/pico_runtime_init/runtime_init.c.o
                0x10001b70                runtime_init_usb_power_down
 .text.runtime_init_post_clock_resets
                0x10001b8c       0x20 CMakeFiles/BinaryCounterSDK.dir/home/michelle/pico/pico-sdk/src/rp2_common/pico_runtime_init/runtime_init.c.o
                0x10001b8c                runtime_init_post_clock_resets
 .text.runtime_init_rp2040_gpio_ie_disable
                0x10001bac       0x14 CMakeFiles/BinaryCounterSDK.dir/home/michelle/pico/pico-sdk/src/rp2_common/pico_runtime_init/runtime_init.c.o
                0x10001bac                runtime_init_rp2040_gpio_ie_disable
 .text.runtime_init_spin_locks_reset
                0x10001bc0        0x8 CMakeFiles/BinaryCounterSDK.dir/home/michelle/pico/pico-sdk/src/rp2_common/pico_runtime_init/runtime_init.c.o
                0x10001bc0                runtime_init_spin_locks_reset
 .text.runtime_init_install_ram_vector_table
                0x10001bc8       0xb8 CMakeFiles/BinaryCounterSDK.dir/home/michelle/pico/pico-sdk/src/rp2_common/pico_runtime_init/runtime_init.c.o
                0x10001bc8                runtime_init_install_ram_vector_table
 .text.runtime_init_clocks
                0x10001c80       0xd8 CMakeFiles/BinaryCounterSDK.dir/home/michelle/pico/pico-sdk/src/rp2_common/pico_runtime_init/runtime_init_clocks.c.o
                0x10001c80                runtime_init_clocks
 .text          0x10001d58       0x10 CMakeFiles/BinaryCounterSDK.dir/home/michelle/pico/pico-sdk/src/rp2_common/pico_bit_ops/bit_ops_aeabi.S.o
 .text.__wrap___aeabi_uidiv
                0x10001d68       0x4c CMakeFiles/BinaryCounterSDK.dir/home/michelle/pico/pico-sdk/src/rp2_common/pico_divider/divider_hardware.S.o
                0x10001d68                __wrap___aeabi_uidiv
                0x10001d68                __wrap___aeabi_uidivmod
                0x10001d68                div_u32u32
                0x10001d68                divmod_u32u32
                0x10001d70                divmod_u32u32_unsafe
                0x10001d98                divmod_u32u32_savestate
 .text.__aeabi_double_init
                0x10001db4       0xc8 CMakeFiles/BinaryCounterSDK.dir/home/michelle/pico/pico-sdk/src/rp2_common/pico_double/double_init_rom_rp2040.c.o
                0x10001db4                __aeabi_double_init
 .text.double_table_shim_on_use_helper
                0x10001e7c       0x2c CMakeFiles/BinaryCounterSDK.dir/home/michelle/pico/pico-sdk/src/rp2_common/pico_double/double_v1_rom_shim_rp2040.S.o
                0x10001e7c                double_table_shim_on_use_helper
 .text.__aeabi_lmul
                0x10001ea8       0x32 CMakeFiles/BinaryCounterSDK.dir/home/michelle/pico/pico-sdk/src/rp2_common/pico_int64_ops/pico_int64_ops_aeabi.S.o
                0x10001ea8                __wrap___aeabi_lmul
 *fill*         0x10001eda        0x2 
 .text.__aeabi_float_init
                0x10001edc       0x68 CMakeFiles/BinaryCounterSDK.dir/home/michelle/pico/pico-sdk/src/rp2_common/pico_float/float_init_rom_rp2040.c.o
                0x10001edc                __aeabi_float_init
 .text.float_table_shim_on_use_helper
                0x10001f44       0x2c CMakeFiles/BinaryCounterSDK.dir/home/michelle/pico/pico-sdk/src/rp2_common/pico_float/float_v1_rom_shim_rp2040.S.o
                0x10001f44                float_table_shim_on_use_helper
 .text          0x10001f70       0x10 CMakeFiles/BinaryCounterSDK.dir/home/michelle/pico/pico-sdk/src/rp2_common/pico_mem_ops/mem_ops_aeabi.S.o
                0x10001f70                __aeabi_mem_init
 .text.memset   0x10001f80        0xc CMakeFiles/BinaryCounterSDK.dir/home/michelle/pico/pico-sdk/src/rp2_common/pico_mem_ops/mem_ops_aeabi.S.o
                0x10001f80                __wrap_memset
 .text.memcpy   0x10001f8c        0xc CMakeFiles/BinaryCounterSDK.dir/home/michelle/pico/pico-sdk/src/rp2_common/pico_mem_ops/mem_ops_aeabi.S.o
                0x10001f8c                __wrap___aeabi_memcpy
                0x10001f8c                __wrap_memcpy
 .text._out_char
                0x10001f98       0x10 CMakeFiles/BinaryCounterSDK.dir/home/michelle/pico/pico-sdk/src/rp2_common/pico_printf/printf.c.o
 .text.weak_raw_vprintf
                0x10001fa8       0x30 CMakeFiles/BinaryCounterSDK.dir/home/michelle/pico/pico-sdk/src/rp2_common/pico_printf/printf.c.o
                0x10001fa8                weak_raw_vprintf
 .text._exit    0x10001fd8        0x4 CMakeFiles/BinaryCounterSDK.dir/home/michelle/pico/pico-sdk/src/rp2_common/pico_clib_interface/newlib_interface.c.o
                0x10001fd8                _exit
 .text.exit     0x10001fdc        0x8 CMakeFiles/BinaryCounterSDK.dir/home/michelle/pico/pico-sdk/src/rp2_common/pico_clib_interface/newlib_interface.c.o
                0x10001fdc                exit
 .text.runtime_init
                0x10001fe4       0x2c CMakeFiles/BinaryCounterSDK.dir/home/michelle/pico/pico-sdk/src/rp2_common/pico_clib_interface/newlib_interface.c.o
                0x10001fe4                runtime_init
 .text.stdio_out_chars_no_crlf
                0x10002010       0x10 CMakeFiles/BinaryCounterSDK.dir/home/michelle/pico/pico-sdk/src/rp2_common/pico_stdio/stdio.c.o
 .text.stdio_out_chars_crlf
                0x10002020       0xac CMakeFiles/BinaryCounterSDK.dir/home/michelle/pico/pico-sdk/src/rp2_common/pico_stdio/stdio.c.o
 .text.stdio_put_string
                0x100020cc      0x100 CMakeFiles/BinaryCounterSDK.dir/home/michelle/pico/pico-sdk/src/rp2_common/pico_stdio/stdio.c.o
                0x100020cc                stdio_put_string
 .text.stdio_set_driver_enabled
                0x100021cc       0x30 CMakeFiles/BinaryCounterSDK.dir/home/michelle/pico/pico-sdk/src/rp2_common/pico_stdio/stdio.c.o
                0x100021cc                stdio_set_driver_enabled
 .text.stdio_init_all
                0x100021fc        0x8 CMakeFiles/BinaryCounterSDK.dir/home/michelle/pico/pico-sdk/src/rp2_common/pico_stdio/stdio.c.o
                0x100021fc                stdio_init_all
 .text.__wrap_putchar
                0x10002204       0x98 CMakeFiles/BinaryCounterSDK.dir/home/michelle/pico/pico-sdk/src/rp2_common/pico_stdio/stdio.c.o
                0x10002204                stdio_putchar
                0x10002204                __wrap_putchar
 .text.__wrap_puts
                0x1000229c       0x3c CMakeFiles/BinaryCounterSDK.dir/home/michelle/pico/pico-sdk/src/rp2_common/pico_stdio/stdio.c.o
                0x1000229c                __wrap_puts
                0x1000229c                stdio_puts
 .text.resetd_init
                0x100022d8        0x4 CMakeFiles/BinaryCounterSDK.dir/home/michelle/pico/pico-sdk/src/rp2_common/pico_stdio_usb/reset_interface.c.o
 .text.resetd_reset
                0x100022dc        0xc CMakeFiles/BinaryCounterSDK.dir/home/michelle/pico/pico-sdk/src/rp2_common/pico_stdio_usb/reset_interface.c.o
 .text.resetd_open
                0x100022e8       0x28 CMakeFiles/BinaryCounterSDK.dir/home/michelle/pico/pico-sdk/src/rp2_common/pico_stdio_usb/reset_interface.c.o
 .text.resetd_xfer_cb
                0x10002310        0x4 CMakeFiles/BinaryCounterSDK.dir/home/michelle/pico/pico-sdk/src/rp2_common/pico_stdio_usb/reset_interface.c.o
 .text.resetd_control_xfer_cb
                0x10002314       0x60 CMakeFiles/BinaryCounterSDK.dir/home/michelle/pico/pico-sdk/src/rp2_common/pico_stdio_usb/reset_interface.c.o
 .text.tud_descriptor_bos_cb
                0x10002374        0x8 CMakeFiles/BinaryCounterSDK.dir/home/michelle/pico/pico-sdk/src/rp2_common/pico_stdio_usb/reset_interface.c.o
                0x10002374                tud_descriptor_bos_cb
 .text.tud_vendor_control_xfer_cb
                0x1000237c       0x34 CMakeFiles/BinaryCounterSDK.dir/home/michelle/pico/pico-sdk/src/rp2_common/pico_stdio_usb/reset_interface.c.o
                0x1000237c                tud_vendor_control_xfer_cb
 .text.usbd_app_driver_get_cb
                0x100023b0        0xc CMakeFiles/BinaryCounterSDK.dir/home/michelle/pico/pico-sdk/src/rp2_common/pico_stdio_usb/reset_interface.c.o
                0x100023b0                usbd_app_driver_get_cb
 .text.tud_cdc_line_coding_cb
                0x100023bc       0x2c CMakeFiles/BinaryCounterSDK.dir/home/michelle/pico/pico-sdk/src/rp2_common/pico_stdio_usb/reset_interface.c.o
                0x100023bc                tud_cdc_line_coding_cb
 .text.stdio_usb_set_chars_available_callback
                0x100023e8       0x14 CMakeFiles/BinaryCounterSDK.dir/home/michelle/pico/pico-sdk/src/rp2_common/pico_stdio_usb/stdio_usb.c.o
                0x100023e8                stdio_usb_set_chars_available_callback
 .text.timer_task
                0x100023fc       0x64 CMakeFiles/BinaryCounterSDK.dir/home/michelle/pico/pico-sdk/src/rp2_common/pico_stdio_usb/stdio_usb.c.o
 .text.usb_irq  0x10002460       0x10 CMakeFiles/BinaryCounterSDK.dir/home/michelle/pico/pico-sdk/src/rp2_common/pico_stdio_usb/stdio_usb.c.o
 .text.stdio_usb_in_chars
                0x10002470       0x90 CMakeFiles/BinaryCounterSDK.dir/home/michelle/pico/pico-sdk/src/rp2_common/pico_stdio_usb/stdio_usb.c.o
                0x10002470                stdio_usb_in_chars
 .text.stdio_usb_out_flush
                0x10002500       0x50 CMakeFiles/BinaryCounterSDK.dir/home/michelle/pico/pico-sdk/src/rp2_common/pico_stdio_usb/stdio_usb.c.o
 .text.stdio_usb_out_chars
                0x10002550      0x110 CMakeFiles/BinaryCounterSDK.dir/home/michelle/pico/pico-sdk/src/rp2_common/pico_stdio_usb/stdio_usb.c.o
 .text.low_priority_worker_irq
                0x10002660       0xc8 CMakeFiles/BinaryCounterSDK.dir/home/michelle/pico/pico-sdk/src/rp2_common/pico_stdio_usb/stdio_usb.c.o
 .text.stdio_usb_init
                0x10002728       0xe8 CMakeFiles/BinaryCounterSDK.dir/home/michelle/pico/pico-sdk/src/rp2_common/pico_stdio_usb/stdio_usb.c.o
                0x10002728                stdio_usb_init
 .text.tud_descriptor_device_cb
                0x10002810        0x8 CMakeFiles/BinaryCounterSDK.dir/home/michelle/pico/pico-sdk/src/rp2_common/pico_stdio_usb/stdio_usb_descriptors.c.o
                0x10002810                tud_descriptor_device_cb
 .text.tud_descriptor_configuration_cb
                0x10002818        0x8 CMakeFiles/BinaryCounterSDK.dir/home/michelle/pico/pico-sdk/src/rp2_common/pico_stdio_usb/stdio_usb_descriptors.c.o
                0x10002818                tud_descriptor_configuration_cb
 .text.tud_descriptor_string_cb
                0x10002820       0x70 CMakeFiles/BinaryCounterSDK.dir/home/michelle/pico/pico-sdk/src/rp2_common/pico_stdio_usb/stdio_usb_descriptors.c.o
                0x10002820                tud_descriptor_string_cb
 .text.startup._retrieve_unique_id_on_boot
                0x10002890       0x10 CMakeFiles/BinaryCounterSDK.dir/home/michelle/pico/pico-sdk/src/rp2_common/pico_unique_id/unique_id.c.o
 .text.pico_get_unique_board_id_string
                0x100028a0      0x1cc CMakeFiles/BinaryCounterSDK.dir/home/michelle/pico/pico-sdk/src/rp2_common/pico_unique_id/unique_id.c.o
                0x100028a0                pico_get_unique_board_id_string
 .text.flash_get_unique_id
                0x10002a6c       0x3c CMakeFiles/BinaryCounterSDK.dir/home/michelle/pico/pico-sdk/src/rp2_common/hardware_flash/flash.c.o
                0x10002a6c                flash_get_unique_id
 .text.dcd_init
                0x10002aa8       0x90 CMakeFiles/BinaryCounterSDK.dir/home/michelle/pico/pico-sdk/lib/tinyusb/src/portable/raspberrypi/rp2040/dcd_rp2040.c.o
                0x10002aa8                dcd_init
 .text.dcd_int_enable
                0x10002b38        0xc CMakeFiles/BinaryCounterSDK.dir/home/michelle/pico/pico-sdk/lib/tinyusb/src/portable/raspberrypi/rp2040/dcd_rp2040.c.o
                0x10002b38                dcd_int_enable
 .text.dcd_set_address
                0x10002b44       0x14 CMakeFiles/BinaryCounterSDK.dir/home/michelle/pico/pico-sdk/lib/tinyusb/src/portable/raspberrypi/rp2040/dcd_rp2040.c.o
                0x10002b44                dcd_set_address
 .text.dcd_sof_enable
                0x10002b58       0x1c CMakeFiles/BinaryCounterSDK.dir/home/michelle/pico/pico-sdk/lib/tinyusb/src/portable/raspberrypi/rp2040/dcd_rp2040.c.o
                0x10002b58                dcd_sof_enable
 .text.dcd_edpt0_status_complete
                0x10002b74       0x1c CMakeFiles/BinaryCounterSDK.dir/home/michelle/pico/pico-sdk/lib/tinyusb/src/portable/raspberrypi/rp2040/dcd_rp2040.c.o
                0x10002b74                dcd_edpt0_status_complete
 .text.dcd_edpt_open
                0x10002b90      0x108 CMakeFiles/BinaryCounterSDK.dir/home/michelle/pico/pico-sdk/lib/tinyusb/src/portable/raspberrypi/rp2040/dcd_rp2040.c.o
                0x10002b90                dcd_edpt_open
 .text.dcd_edpt_close_all
                0x10002c98        0x8 CMakeFiles/BinaryCounterSDK.dir/home/michelle/pico/pico-sdk/lib/tinyusb/src/portable/raspberrypi/rp2040/dcd_rp2040.c.o
                0x10002c98                dcd_edpt_close_all
 .text.dcd_edpt_xfer
                0x10002ca0       0x24 CMakeFiles/BinaryCounterSDK.dir/home/michelle/pico/pico-sdk/lib/tinyusb/src/portable/raspberrypi/rp2040/dcd_rp2040.c.o
                0x10002ca0                dcd_edpt_xfer
 .text.dcd_edpt_stall
                0x10002cc4       0x34 CMakeFiles/BinaryCounterSDK.dir/home/michelle/pico/pico-sdk/lib/tinyusb/src/portable/raspberrypi/rp2040/dcd_rp2040.c.o
                0x10002cc4                dcd_edpt_stall
 .text.dcd_edpt_clear_stall
                0x10002cf8       0x2c CMakeFiles/BinaryCounterSDK.dir/home/michelle/pico/pico-sdk/lib/tinyusb/src/portable/raspberrypi/rp2040/dcd_rp2040.c.o
                0x10002cf8                dcd_edpt_clear_stall
 .text.rp2040_usb_init
                0x10002d24       0x40 CMakeFiles/BinaryCounterSDK.dir/home/michelle/pico/pico-sdk/lib/tinyusb/src/portable/raspberrypi/rp2040/rp2040_usb.c.o
                0x10002d24                rp2040_usb_init
 .text.hw_endpoint_xfer_start
                0x10002d64       0x54 CMakeFiles/BinaryCounterSDK.dir/home/michelle/pico/pico-sdk/lib/tinyusb/src/portable/raspberrypi/rp2040/rp2040_usb.c.o
                0x10002d64                hw_endpoint_xfer_start
 .text.tud_event_hook_cb
                0x10002db8        0x4 CMakeFiles/BinaryCounterSDK.dir/home/michelle/pico/pico-sdk/lib/tinyusb/src/device/usbd.c.o
                0x10002db8                tud_event_hook_cb
 .text.tud_sof_cb
                0x10002dbc        0x4 CMakeFiles/BinaryCounterSDK.dir/home/michelle/pico/pico-sdk/lib/tinyusb/src/device/usbd.c.o
                0x10002dbc                tud_sof_cb
 .text.tud_descriptor_device_qualifier_cb
                0x10002dc0        0x4 CMakeFiles/BinaryCounterSDK.dir/home/michelle/pico/pico-sdk/lib/tinyusb/src/device/usbd.c.o
                0x10002dc0                tud_descriptor_device_qualifier_cb
 .text.tud_descriptor_other_speed_configuration_cb
                0x10002dc4        0x4 CMakeFiles/BinaryCounterSDK.dir/home/michelle/pico/pico-sdk/lib/tinyusb/src/device/usbd.c.o
                0x10002dc4                tud_descriptor_other_speed_configuration_cb
 .text.tud_mount_cb
                0x10002dc8        0x4 CMakeFiles/BinaryCounterSDK.dir/home/michelle/pico/pico-sdk/lib/tinyusb/src/device/usbd.c.o
                0x10002dc8                tud_mount_cb
 .text.tud_umount_cb
                0x10002dcc        0x4 CMakeFiles/BinaryCounterSDK.dir/home/michelle/pico/pico-sdk/lib/tinyusb/src/device/usbd.c.o
                0x10002dcc                tud_umount_cb
 .text.tud_suspend_cb
                0x10002dd0        0x4 CMakeFiles/BinaryCounterSDK.dir/home/michelle/pico/pico-sdk/lib/tinyusb/src/device/usbd.c.o
                0x10002dd0                tud_suspend_cb
 .text.tud_resume_cb
                0x10002dd4        0x4 CMakeFiles/BinaryCounterSDK.dir/home/michelle/pico/pico-sdk/lib/tinyusb/src/device/usbd.c.o
                0x10002dd4                tud_resume_cb
 .text.tud_mounted
                0x10002dd8       0x10 CMakeFiles/BinaryCounterSDK.dir/home/michelle/pico/pico-sdk/lib/tinyusb/src/device/usbd.c.o
                0x10002dd8                tud_mounted
 .text.tud_suspended
                0x10002de8       0x10 CMakeFiles/BinaryCounterSDK.dir/home/michelle/pico/pico-sdk/lib/tinyusb/src/device/usbd.c.o
                0x10002de8                tud_suspended
 .text.tud_rhport_init
                0x10002df8       0xf0 CMakeFiles/BinaryCounterSDK.dir/home/michelle/pico/pico-sdk/lib/tinyusb/src/device/usbd.c.o
                0x10002df8                tud_rhport_init
 .text.tud_task_ext
                0x10002ee8      0x810 CMakeFiles/BinaryCounterSDK.dir/home/michelle/pico/pico-sdk/lib/tinyusb/src/device/usbd.c.o
                0x10002ee8                tud_task_ext
 .text.usbd_open_edpt_pair
                0x100036f8       0xbc CMakeFiles/BinaryCounterSDK.dir/home/michelle/pico/pico-sdk/lib/tinyusb/src/device/usbd.c.o
                0x100036f8                usbd_open_edpt_pair
 .text.usbd_edpt_open
                0x100037b4       0x34 CMakeFiles/BinaryCounterSDK.dir/home/michelle/pico/pico-sdk/lib/tinyusb/src/device/usbd.c.o
                0x100037b4                usbd_edpt_open
 .text.usbd_edpt_claim
                0x100037e8       0x28 CMakeFiles/BinaryCounterSDK.dir/home/michelle/pico/pico-sdk/lib/tinyusb/src/device/usbd.c.o
                0x100037e8                usbd_edpt_claim
 .text.usbd_edpt_release
                0x10003810       0x28 CMakeFiles/BinaryCounterSDK.dir/home/michelle/pico/pico-sdk/lib/tinyusb/src/device/usbd.c.o
                0x10003810                usbd_edpt_release
 .text.usbd_edpt_xfer
                0x10003838       0x4c CMakeFiles/BinaryCounterSDK.dir/home/michelle/pico/pico-sdk/lib/tinyusb/src/device/usbd.c.o
                0x10003838                usbd_edpt_xfer
 .text.tud_control_status
                0x10003884       0x30 CMakeFiles/BinaryCounterSDK.dir/home/michelle/pico/pico-sdk/lib/tinyusb/src/device/usbd_control.c.o
                0x10003884                tud_control_status
 .text.tud_control_xfer
                0x100038b4       0xb4 CMakeFiles/BinaryCounterSDK.dir/home/michelle/pico/pico-sdk/lib/tinyusb/src/device/usbd_control.c.o
                0x100038b4                tud_control_xfer
 .text.usbd_control_reset
                0x10003968       0x14 CMakeFiles/BinaryCounterSDK.dir/home/michelle/pico/pico-sdk/lib/tinyusb/src/device/usbd_control.c.o
                0x10003968                usbd_control_reset
 .text.usbd_control_set_complete_callback
                0x1000397c        0xc CMakeFiles/BinaryCounterSDK.dir/home/michelle/pico/pico-sdk/lib/tinyusb/src/device/usbd_control.c.o
                0x1000397c                usbd_control_set_complete_callback
 .text.usbd_control_set_request
                0x10003988       0x1c CMakeFiles/BinaryCounterSDK.dir/home/michelle/pico/pico-sdk/lib/tinyusb/src/device/usbd_control.c.o
                0x10003988                usbd_control_set_request
 .text.usbd_control_xfer_cb
                0x100039a4       0xf0 CMakeFiles/BinaryCounterSDK.dir/home/michelle/pico/pico-sdk/lib/tinyusb/src/device/usbd_control.c.o
                0x100039a4                usbd_control_xfer_cb
 .text.tud_cdc_n_connected
                0x10003a94       0x2c CMakeFiles/BinaryCounterSDK.dir/home/michelle/pico/pico-sdk/lib/tinyusb/src/class/cdc/cdc_device.c.o
                0x10003a94                tud_cdc_n_connected
 .text.tud_cdc_n_available
                0x10003ac0       0x18 CMakeFiles/BinaryCounterSDK.dir/home/michelle/pico/pico-sdk/lib/tinyusb/src/class/cdc/cdc_device.c.o
                0x10003ac0                tud_cdc_n_available
 .text.tud_cdc_n_read
                0x10003ad8       0x94 CMakeFiles/BinaryCounterSDK.dir/home/michelle/pico/pico-sdk/lib/tinyusb/src/class/cdc/cdc_device.c.o
                0x10003ad8                tud_cdc_n_read
 .text.tud_cdc_n_write_flush
                0x10003b6c       0x78 CMakeFiles/BinaryCounterSDK.dir/home/michelle/pico/pico-sdk/lib/tinyusb/src/class/cdc/cdc_device.c.o
                0x10003b6c                tud_cdc_n_write_flush
 .text.tud_cdc_n_write
                0x10003be4       0x44 CMakeFiles/BinaryCounterSDK.dir/home/michelle/pico/pico-sdk/lib/tinyusb/src/class/cdc/cdc_device.c.o
                0x10003be4                tud_cdc_n_write
 .text.tud_cdc_n_write_available
                0x10003c28       0x18 CMakeFiles/BinaryCounterSDK.dir/home/michelle/pico/pico-sdk/lib/tinyusb/src/class/cdc/cdc_device.c.o
                0x10003c28                tud_cdc_n_write_available
 .text.cdcd_init
                0x10003c40       0x70 CMakeFiles/BinaryCounterSDK.dir/home/michelle/pico/pico-sdk/lib/tinyusb/src/class/cdc/cdc_device.c.o
                0x10003c40                cdcd_init
 .text.cdcd_deinit
                0x10003cb0       0x24 CMakeFiles/BinaryCounterSDK.dir/home/michelle/pico/pico-sdk/lib/tinyusb/src/class/cdc/cdc_device.c.o
                0x10003cb0                cdcd_deinit
 .text.cdcd_reset
                0x10003cd4       0x4c CMakeFiles/BinaryCounterSDK.dir/home/michelle/pico/pico-sdk/lib/tinyusb/src/class/cdc/cdc_device.c.o
                0x10003cd4                cdcd_reset
 .text.cdcd_open
                0x10003d20      0x100 CMakeFiles/BinaryCounterSDK.dir/home/michelle/pico/pico-sdk/lib/tinyusb/src/class/cdc/cdc_device.c.o
                0x10003d20                cdcd_open
 .text.cdcd_control_xfer_cb
                0x10003e20       0xe0 CMakeFiles/BinaryCounterSDK.dir/home/michelle/pico/pico-sdk/lib/tinyusb/src/class/cdc/cdc_device.c.o
                0x10003e20                cdcd_control_xfer_cb
 .text.cdcd_xfer_cb
                0x10003f00      0x1ac CMakeFiles/BinaryCounterSDK.dir/home/michelle/pico/pico-sdk/lib/tinyusb/src/class/cdc/cdc_device.c.o
                0x10003f00                cdcd_xfer_cb
 .text.vendord_init
                0x100040ac       0x5c CMakeFiles/BinaryCounterSDK.dir/home/michelle/pico/pico-sdk/lib/tinyusb/src/class/vendor/vendor_device.c.o
                0x100040ac                vendord_init
 .text.vendord_deinit
                0x10004108       0x1c CMakeFiles/BinaryCounterSDK.dir/home/michelle/pico/pico-sdk/lib/tinyusb/src/class/vendor/vendor_device.c.o
                0x10004108                vendord_deinit
 .text.vendord_reset
                0x10004124       0x28 CMakeFiles/BinaryCounterSDK.dir/home/michelle/pico/pico-sdk/lib/tinyusb/src/class/vendor/vendor_device.c.o
                0x10004124                vendord_reset
 .text.vendord_open
                0x1000414c      0x128 CMakeFiles/BinaryCounterSDK.dir/home/michelle/pico/pico-sdk/lib/tinyusb/src/class/vendor/vendor_device.c.o
                0x1000414c                vendord_open
 .text.vendord_xfer_cb
                0x10004274       0x9c CMakeFiles/BinaryCounterSDK.dir/home/michelle/pico/pico-sdk/lib/tinyusb/src/class/vendor/vendor_device.c.o
                0x10004274                vendord_xfer_cb
 .text.tusb_rhport_init
                0x10004310       0x48 CMakeFiles/BinaryCounterSDK.dir/home/michelle/pico/pico-sdk/lib/tinyusb/src/tusb.c.o
                0x10004310                tusb_rhport_init
 .text.tu_edpt_claim
                0x10004358       0x4c CMakeFiles/BinaryCounterSDK.dir/home/michelle/pico/pico-sdk/lib/tinyusb/src/tusb.c.o
                0x10004358                tu_edpt_claim
 .text.tu_edpt_release
                0x100043a4       0x38 CMakeFiles/BinaryCounterSDK.dir/home/michelle/pico/pico-sdk/lib/tinyusb/src/tusb.c.o
                0x100043a4                tu_edpt_release
 .text.tu_edpt_validate
                0x100043dc       0x74 CMakeFiles/BinaryCounterSDK.dir/home/michelle/pico/pico-sdk/lib/tinyusb/src/tusb.c.o
                0x100043dc                tu_edpt_validate
 .text.tu_edpt_bind_driver
                0x10004450       0x34 CMakeFiles/BinaryCounterSDK.dir/home/michelle/pico/pico-sdk/lib/tinyusb/src/tusb.c.o
                0x10004450                tu_edpt_bind_driver
 .text.tu_edpt_stream_init
                0x10004484       0x68 CMakeFiles/BinaryCounterSDK.dir/home/michelle/pico/pico-sdk/lib/tinyusb/src/tusb.c.o
                0x10004484                tu_edpt_stream_init
 .text.tu_edpt_stream_deinit
                0x100044ec        0x4 CMakeFiles/BinaryCounterSDK.dir/home/michelle/pico/pico-sdk/lib/tinyusb/src/tusb.c.o
                0x100044ec                tu_edpt_stream_deinit
 .text.tu_edpt_stream_write_zlp_if_needed
                0x100044f0       0x58 CMakeFiles/BinaryCounterSDK.dir/home/michelle/pico/pico-sdk/lib/tinyusb/src/tusb.c.o
                0x100044f0                tu_edpt_stream_write_zlp_if_needed
 .text.tu_edpt_stream_write_xfer
                0x10004548       0x64 CMakeFiles/BinaryCounterSDK.dir/home/michelle/pico/pico-sdk/lib/tinyusb/src/tusb.c.o
                0x10004548                tu_edpt_stream_write_xfer
 .text.tu_edpt_stream_read_xfer
                0x100045ac       0xd8 CMakeFiles/BinaryCounterSDK.dir/home/michelle/pico/pico-sdk/lib/tinyusb/src/tusb.c.o
                0x100045ac                tu_edpt_stream_read_xfer
 .text.tu_fifo_config
                0x10004684       0x7c CMakeFiles/BinaryCounterSDK.dir/home/michelle/pico/pico-sdk/lib/tinyusb/src/common/tusb_fifo.c.o
                0x10004684                tu_fifo_config
 .text.tu_fifo_count
                0x10004700       0x28 CMakeFiles/BinaryCounterSDK.dir/home/michelle/pico/pico-sdk/lib/tinyusb/src/common/tusb_fifo.c.o
                0x10004700                tu_fifo_count
 .text.tu_fifo_empty
                0x10004728       0x10 CMakeFiles/BinaryCounterSDK.dir/home/michelle/pico/pico-sdk/lib/tinyusb/src/common/tusb_fifo.c.o
                0x10004728                tu_fifo_empty
 .text.tu_fifo_remaining
                0x10004738       0x28 CMakeFiles/BinaryCounterSDK.dir/home/michelle/pico/pico-sdk/lib/tinyusb/src/common/tusb_fifo.c.o
                0x10004738                tu_fifo_remaining
 .text.tu_fifo_read
                0x10004760       0xa4 CMakeFiles/BinaryCounterSDK.dir/home/michelle/pico/pico-sdk/lib/tinyusb/src/common/tusb_fifo.c.o
                0x10004760                tu_fifo_read
 .text.tu_fifo_read_n
                0x10004804       0xf0 CMakeFiles/BinaryCounterSDK.dir/home/michelle/pico/pico-sdk/lib/tinyusb/src/common/tusb_fifo.c.o
                0x10004804                tu_fifo_read_n
 .text.tu_fifo_write
                0x100048f4       0x8c CMakeFiles/BinaryCounterSDK.dir/home/michelle/pico/pico-sdk/lib/tinyusb/src/common/tusb_fifo.c.o
                0x100048f4                tu_fifo_write
 .text.tu_fifo_write_n
                0x10004980      0x160 CMakeFiles/BinaryCounterSDK.dir/home/michelle/pico/pico-sdk/lib/tinyusb/src/common/tusb_fifo.c.o
                0x10004980                tu_fifo_write_n
 .text.tu_fifo_clear
                0x10004ae0       0x40 CMakeFiles/BinaryCounterSDK.dir/home/michelle/pico/pico-sdk/lib/tinyusb/src/common/tusb_fifo.c.o
                0x10004ae0                tu_fifo_clear
 .text.tu_fifo_set_overwritable
                0x10004b20       0x48 CMakeFiles/BinaryCounterSDK.dir/home/michelle/pico/pico-sdk/lib/tinyusb/src/common/tusb_fifo.c.o
                0x10004b20                tu_fifo_set_overwritable
 .text          0x10004b68       0x68 /usr/lib/gcc/arm-none-eabi/8.3.1/../../../arm-none-eabi/lib/thumb/v6-m/nofp/libg.a(lib_a-strlen-stub.o)
                0x10004b68                strlen
 *(.fini)
 .fini          0x10004bd0        0x4 /usr/lib/gcc/arm-none-eabi/8.3.1/thumb/v6-m/nofp/crti.o
                0x10004bd0                _fini
 *fill*         0x10004bd4        0x4 
 .fini.__stub   0x10004bd8       0xc0 linker stubs
 *crtbegin.o(.ctors)
 *crtbegin?.o(.ctors)
 *(EXCLUDE_FILE(*crtend.o *crtend?.o) .ctors)
 *(SORT_BY_NAME(.ctors.*))
 *(.ctors)
 *crtbegin.o(.dtors)
 *crtbegin?.o(.dtors)
 *(EXCLUDE_FILE(*crtend.o *crtend?.o) .dtors)
 *(SORT_BY_NAME(.dtors.*))
 *(.dtors)
                0x10004c98                . = ALIGN (0x4)
                0x10004c98                PROVIDE (__preinit_array_start = .)
 *(SORT_BY_NAME(.preinit_array.*))
 .preinit_array.00100
                0x10004c98        0x4 CMakeFiles/BinaryCounterSDK.dir/home/michelle/pico/pico-sdk/src/rp2_common/pico_runtime_init/runtime_init.c.o
                0x10004c98                __pre_init_runtime_init_early_resets
 .preinit_array.00101
                0x10004c9c        0x4 CMakeFiles/BinaryCounterSDK.dir/home/michelle/pico/pico-sdk/src/rp2_common/pico_runtime_init/runtime_init.c.o
                0x10004c9c                __pre_init_runtime_init_usb_power_down
 .preinit_array.00275
                0x10004ca0        0x4 CMakeFiles/BinaryCounterSDK.dir/home/michelle/pico/pico-sdk/src/rp2_common/pico_bit_ops/bit_ops_aeabi.S.o
 .preinit_array.00300
                0x10004ca4        0x4 CMakeFiles/BinaryCounterSDK.dir/home/michelle/pico/pico-sdk/src/rp2_common/pico_mem_ops/mem_ops_aeabi.S.o
 .preinit_array.00350
                0x10004ca8        0x4 CMakeFiles/BinaryCounterSDK.dir/home/michelle/pico/pico-sdk/src/rp2_common/pico_double/double_aeabi_rp2040.S.o
 .preinit_array.00350
                0x10004cac        0x4 CMakeFiles/BinaryCounterSDK.dir/home/michelle/pico/pico-sdk/src/rp2_common/pico_float/float_aeabi_rp2040.S.o
 .preinit_array.00500
                0x10004cb0        0x4 CMakeFiles/BinaryCounterSDK.dir/home/michelle/pico/pico-sdk/src/rp2_common/pico_runtime_init/runtime_init.c.o
                0x10004cb0                __pre_init_runtime_init_clocks
 .preinit_array.00600
                0x10004cb4        0x4 CMakeFiles/BinaryCounterSDK.dir/home/michelle/pico/pico-sdk/src/rp2_common/pico_runtime_init/runtime_init.c.o
                0x10004cb4                __pre_init_runtime_init_post_clock_resets
 .preinit_array.00700
                0x10004cb8        0x4 CMakeFiles/BinaryCounterSDK.dir/home/michelle/pico/pico-sdk/src/rp2_common/pico_runtime_init/runtime_init.c.o
                0x10004cb8                __pre_init_runtime_init_rp2040_gpio_ie_disable
 .preinit_array.01000
                0x10004cbc        0x4 CMakeFiles/BinaryCounterSDK.dir/home/michelle/pico/pico-sdk/src/rp2_common/pico_runtime_init/runtime_init.c.o
                0x10004cbc                __pre_init_runtime_init_spin_locks_reset
 .preinit_array.01100
                0x10004cc0        0x4 CMakeFiles/BinaryCounterSDK.dir/home/michelle/pico/pico-sdk/src/common/pico_sync/mutex.c.o
                0x10004cc0                __pre_init_runtime_init_mutex
 .preinit_array.10080
                0x10004cc4        0x4 CMakeFiles/BinaryCounterSDK.dir/home/michelle/pico/pico-sdk/src/rp2_common/pico_runtime_init/runtime_init.c.o
                0x10004cc4                __pre_init_runtime_init_install_ram_vector_table
 .preinit_array.11000
                0x10004cc8        0x4 CMakeFiles/BinaryCounterSDK.dir/home/michelle/pico/pico-sdk/src/common/pico_time/time.c.o
                0x10004cc8                __pre_init_runtime_init_default_alarm_pool
 .preinit_array.YYYYY
                0x10004ccc        0x4 CMakeFiles/BinaryCounterSDK.dir/home/michelle/pico/pico-sdk/src/rp2_common/pico_runtime/runtime.c.o
                0x10004ccc                __pre_init_first_per_core_initializer
 .preinit_array.ZZZZZ.01200
                0x10004cd0        0x4 CMakeFiles/BinaryCounterSDK.dir/home/michelle/pico/pico-sdk/src/rp2_common/hardware_irq/irq.c.o
                0x10004cd0                __pre_init_runtime_init_per_core_irq_priorities
 *(.preinit_array)
                0x10004cd4                PROVIDE (__preinit_array_end = .)
                0x10004cd4                . = ALIGN (0x4)
                0x10004cd4                PROVIDE (__init_array_start = .)
 *(SORT_BY_NAME(.init_array.*))
 .init_array.01000
                0x10004cd4        0x4 CMakeFiles/BinaryCounterSDK.dir/home/michelle/pico/pico-sdk/src/rp2_common/pico_unique_id/unique_id.c.o
 *(.init_array)
 .init_array    0x10004cd8        0x4 /usr/lib/gcc/arm-none-eabi/8.3.1/thumb/v6-m/nofp/crtbegin.o
                0x10004cdc                PROVIDE (__init_array_end = .)
                0x10004cdc                . = ALIGN (0x4)
                0x10004cdc                PROVIDE (__fini_array_start = .)
 *(SORT_BY_NAME(.fini_array.*))
 *(.fini_array)
                0x10004cdc                PROVIDE (__fini_array_end = .)
 *(.eh_frame*)
 .eh_frame      0x10004cdc        0x0 /usr/lib/gcc/arm-none-eabi/8.3.1/thumb/v6-m/nofp/crtbegin.o
                0x10004cdc                . = ALIGN (0x4)

.glue_7         0x10004cdc        0x0
 .glue_7        0x10004cdc        0x0 linker stubs

.glue_7t        0x10004cdc        0x0
 .glue_7t       0x10004cdc        0x0 linker stubs

.vfp11_veneer   0x10004cdc        0x0
 .vfp11_veneer  0x10004cdc        0x0 linker stubs

.v4_bx          0x10004cdc        0x0
 .v4_bx         0x10004cdc        0x0 linker stubs

.iplt           0x10004cdc        0x0
 .iplt          0x10004cdc        0x0 /usr/lib/gcc/arm-none-eabi/8.3.1/thumb/v6-m/nofp/crtbegin.o

.rodata         0x10004cdc      0x418
 *(EXCLUDE_FILE(*libm.a: *libc.a:*lib_a-mem*.o *libgcc.a:) .rodata*)
 .rodata.panic.str1.4
                0x10004cdc       0x12 CMakeFiles/BinaryCounterSDK.dir/home/michelle/pico/pico-sdk/src/rp2_common/pico_platform_panic/panic.c.o
 *fill*         0x10004cee        0x2 
 .rodata.spin_lock_claim_unused.str1.4
                0x10004cf0       0x1b CMakeFiles/BinaryCounterSDK.dir/home/michelle/pico/pico-sdk/src/rp2_common/hardware_sync/sync.c.o
 *fill*         0x10004d0b        0x1 
 .rodata.user_irq_claim_unused.str1.4
                0x10004d0c       0x1b CMakeFiles/BinaryCounterSDK.dir/home/michelle/pico/pico-sdk/src/rp2_common/hardware_irq/irq.c.o
 *fill*         0x10004d27        0x1 
 .rodata.timer_hardware_alarm_claim.str1.4
                0x10004d28       0x22 CMakeFiles/BinaryCounterSDK.dir/home/michelle/pico/pico-sdk/src/rp2_common/hardware_timer/timer.c.o
 *fill*         0x10004d4a        0x2 
 .rodata.hard_assertion_failure.str1.4
                0x10004d4c        0xc CMakeFiles/BinaryCounterSDK.dir/home/michelle/pico/pico-sdk/src/rp2_common/pico_runtime/runtime.c.o
 .rodata.__bi_26
                0x10004d58        0xc CMakeFiles/BinaryCounterSDK.dir/home/michelle/pico/pico-sdk/src/rp2_common/pico_standard_binary_info/standard_binary_info.c.o
 .rodata.__bi_34
                0x10004d64        0xc CMakeFiles/BinaryCounterSDK.dir/home/michelle/pico/pico-sdk/src/rp2_common/pico_standard_binary_info/standard_binary_info.c.o
 .rodata.__bi_42
                0x10004d70        0xc CMakeFiles/BinaryCounterSDK.dir/home/michelle/pico/pico-sdk/src/rp2_common/pico_standard_binary_info/standard_binary_info.c.o
 .rodata.__bi_48
                0x10004d7c        0xc CMakeFiles/BinaryCounterSDK.dir/home/michelle/pico/pico-sdk/src/rp2_common/pico_standard_binary_info/standard_binary_info.c.o
 .rodata.__bi_54
                0x10004d88        0xc CMakeFiles/BinaryCounterSDK.dir/home/michelle/pico/pico-sdk/src/rp2_common/pico_standard_binary_info/standard_binary_info.c.o
 .rodata.__bi_78
                0x10004d94        0xc CMakeFiles/BinaryCounterSDK.dir/home/michelle/pico/pico-sdk/src/rp2_common/pico_standard_binary_info/standard_binary_info.c.o
 .rodata.__bi_84
                0x10004da0        0xc CMakeFiles/BinaryCounterSDK.dir/home/michelle/pico/pico-sdk/src/rp2_common/pico_standard_binary_info/standard_binary_info.c.o
 .rodata.str1.4
                0x10004dac       0x48 CMakeFiles/BinaryCounterSDK.dir/home/michelle/pico/pico-sdk/src/rp2_common/pico_standard_binary_info/standard_binary_info.c.o
 .rodata.crlf_str.6195
                0x10004df4        0x2 CMakeFiles/BinaryCounterSDK.dir/home/michelle/pico/pico-sdk/src/rp2_common/pico_stdio/stdio.c.o
 *fill*         0x10004df6        0x2 
 .rodata._resetd_driver
                0x10004df8       0x20 CMakeFiles/BinaryCounterSDK.dir/home/michelle/pico/pico-sdk/src/rp2_common/pico_stdio_usb/reset_interface.c.o
 .rodata.desc_bos
                0x10004e18       0x21 CMakeFiles/BinaryCounterSDK.dir/home/michelle/pico/pico-sdk/src/rp2_common/pico_stdio_usb/reset_interface.c.o
                0x10004e18                desc_bos
 *fill*         0x10004e39        0x3 
 .rodata.desc_ms_os_20
                0x10004e3c       0xa6 CMakeFiles/BinaryCounterSDK.dir/home/michelle/pico/pico-sdk/src/rp2_common/pico_stdio_usb/reset_interface.c.o
 *fill*         0x10004ee2        0x2 
 .rodata.__bi_202.7954
                0x10004ee4        0xc CMakeFiles/BinaryCounterSDK.dir/home/michelle/pico/pico-sdk/src/rp2_common/pico_stdio_usb/stdio_usb.c.o
 .rodata.str1.4
                0x10004ef0       0x13 CMakeFiles/BinaryCounterSDK.dir/home/michelle/pico/pico-sdk/src/rp2_common/pico_stdio_usb/stdio_usb.c.o
 *fill*         0x10004f03        0x1 
 .rodata.str1.4
                0x10004f04       0x2a CMakeFiles/BinaryCounterSDK.dir/home/michelle/pico/pico-sdk/src/rp2_common/pico_stdio_usb/stdio_usb_descriptors.c.o
 *fill*         0x10004f2e        0x2 
 .rodata.usbd_desc_cfg
                0x10004f30       0x54 CMakeFiles/BinaryCounterSDK.dir/home/michelle/pico/pico-sdk/src/rp2_common/pico_stdio_usb/stdio_usb_descriptors.c.o
 .rodata.usbd_desc_device
                0x10004f84       0x12 CMakeFiles/BinaryCounterSDK.dir/home/michelle/pico/pico-sdk/src/rp2_common/pico_stdio_usb/stdio_usb_descriptors.c.o
 *fill*         0x10004f96        0x2 
 .rodata.usbd_desc_str
                0x10004f98       0x18 CMakeFiles/BinaryCounterSDK.dir/home/michelle/pico/pico-sdk/src/rp2_common/pico_stdio_usb/stdio_usb_descriptors.c.o
 .rodata.str1.4
                0x10004fb0       0x14 CMakeFiles/BinaryCounterSDK.dir/home/michelle/pico/pico-sdk/lib/tinyusb/src/portable/raspberrypi/rp2040/dcd_rp2040.c.o
 .rodata.str1.4
                0x10004fc4       0x48 CMakeFiles/BinaryCounterSDK.dir/home/michelle/pico/pico-sdk/lib/tinyusb/src/portable/raspberrypi/rp2040/rp2040_usb.c.o
 .rodata.tud_task_ext
                0x1000500c       0x8c CMakeFiles/BinaryCounterSDK.dir/home/michelle/pico/pico-sdk/lib/tinyusb/src/device/usbd.c.o
 .rodata        0x10005098       0x1c CMakeFiles/BinaryCounterSDK.dir/home/michelle/pico/pico-sdk/lib/tinyusb/src/device/usbd.c.o
 .rodata._usbd_driver
                0x100050b4       0x40 CMakeFiles/BinaryCounterSDK.dir/home/michelle/pico/pico-sdk/lib/tinyusb/src/device/usbd.c.o
                0x100050f4                . = ALIGN (0x4)
 *(SORT_BY_ALIGNMENT(SORT_BY_NAME(.flashdata*)))
                0x100050f4                . = ALIGN (0x4)

.ARM.extab
 *(.ARM.extab* .gnu.linkonce.armextab.*)
                0x100050f4                __exidx_start = .

.ARM.exidx
 *(.ARM.exidx* .gnu.linkonce.armexidx.*)
                0x100050f4                __exidx_end = .
                0x100050f4                . = ALIGN (0x4)
                0x100050f4                __binary_info_start = .

.binary_info    0x100050f4       0x20
 *(.binary_info.keep.*)
 .binary_info.keep.__bi_ptr26
                0x100050f4        0x4 CMakeFiles/BinaryCounterSDK.dir/home/michelle/pico/pico-sdk/src/rp2_common/pico_standard_binary_info/standard_binary_info.c.o
 .binary_info.keep.__bi_ptr34
                0x100050f8        0x4 CMakeFiles/BinaryCounterSDK.dir/home/michelle/pico/pico-sdk/src/rp2_common/pico_standard_binary_info/standard_binary_info.c.o
 .binary_info.keep.__bi_ptr42
                0x100050fc        0x4 CMakeFiles/BinaryCounterSDK.dir/home/michelle/pico/pico-sdk/src/rp2_common/pico_standard_binary_info/standard_binary_info.c.o
 .binary_info.keep.__bi_ptr48
                0x10005100        0x4 CMakeFiles/BinaryCounterSDK.dir/home/michelle/pico/pico-sdk/src/rp2_common/pico_standard_binary_info/standard_binary_info.c.o
 .binary_info.keep.__bi_ptr54
                0x10005104        0x4 CMakeFiles/BinaryCounterSDK.dir/home/michelle/pico/pico-sdk/src/rp2_common/pico_standard_binary_info/standard_binary_info.c.o
 .binary_info.keep.__bi_ptr78
                0x10005108        0x4 CMakeFiles/BinaryCounterSDK.dir/home/michelle/pico/pico-sdk/src/rp2_common/pico_standard_binary_info/standard_binary_info.c.o
 .binary_info.keep.__bi_ptr84
                0x1000510c        0x4 CMakeFiles/BinaryCounterSDK.dir/home/michelle/pico/pico-sdk/src/rp2_common/pico_standard_binary_info/standard_binary_info.c.o
 *(.binary_info.*)
 .binary_info.__bi_ptr202
                0x10005110        0x4 CMakeFiles/BinaryCounterSDK.dir/home/michelle/pico/pico-sdk/src/rp2_common/pico_stdio_usb/stdio_usb.c.o
                0x10005114                __binary_info_end = .
                0x10005114                . = ALIGN (0x4)

.ram_vector_table
                0x20000000       0xc0
 *(.ram_vector_table)
 .ram_vector_table
                0x20000000       0xc0 CMakeFiles/BinaryCounterSDK.dir/home/michelle/pico/pico-sdk/src/rp2_common/pico_runtime_init/runtime_init.c.o
                0x20000000                ram_vector_table

.uninitialized_data
                0x200000c0        0x0
                0x200000c0                . = ALIGN (0x4)
 *(.uninitialized_data*)

.data           0x200000c0     0x1090 load address 0x10005114
                0x200000c0                __data_start__ = .
 *(vtable)
 *(.time_critical*)
 .time_critical.mutex_try_enter
                0x200000c0       0x48 CMakeFiles/BinaryCounterSDK.dir/home/michelle/pico/pico-sdk/src/common/pico_sync/mutex.c.o
                0x200000c0                mutex_try_enter
 .time_critical.mutex_try_enter_block_until
                0x20000108       0xb0 CMakeFiles/BinaryCounterSDK.dir/home/michelle/pico/pico-sdk/src/common/pico_sync/mutex.c.o
                0x20000108                mutex_try_enter_block_until
 .time_critical.mutex_enter_timeout_ms
                0x200001b8       0x90 CMakeFiles/BinaryCounterSDK.dir/home/michelle/pico/pico-sdk/src/common/pico_sync/mutex.c.o
                0x200001b8                mutex_enter_timeout_ms
 .time_critical.mutex_exit
                0x20000248       0x28 CMakeFiles/BinaryCounterSDK.dir/home/michelle/pico/pico-sdk/src/common/pico_sync/mutex.c.o
                0x20000248                mutex_exit
 .time_critical.flash_init_boot2_copyout
                0x20000270       0x30 CMakeFiles/BinaryCounterSDK.dir/home/michelle/pico/pico-sdk/src/rp2_common/hardware_flash/flash.c.o
 .time_critical.flash_enable_xip_via_boot2
                0x200002a0       0x10 CMakeFiles/BinaryCounterSDK.dir/home/michelle/pico/pico-sdk/src/rp2_common/hardware_flash/flash.c.o
 .time_critical.flash_save_hardware_state
                0x200002b0       0x28 CMakeFiles/BinaryCounterSDK.dir/home/michelle/pico/pico-sdk/src/rp2_common/hardware_flash/flash.c.o
 .time_critical.flash_restore_hardware_state
                0x200002d8       0x28 CMakeFiles/BinaryCounterSDK.dir/home/michelle/pico/pico-sdk/src/rp2_common/hardware_flash/flash.c.o
 .time_critical.flash_cs_force
                0x20000300       0x38 CMakeFiles/BinaryCounterSDK.dir/home/michelle/pico/pico-sdk/src/rp2_common/hardware_flash/flash.c.o
 .time_critical.flash_do_cmd
                0x20000338       0xc4 CMakeFiles/BinaryCounterSDK.dir/home/michelle/pico/pico-sdk/src/rp2_common/hardware_flash/flash.c.o
                0x20000338                flash_do_cmd
 .time_critical.reset_non_control_endpoints
                0x200003fc       0xbc CMakeFiles/BinaryCounterSDK.dir/home/michelle/pico/pico-sdk/lib/tinyusb/src/portable/raspberrypi/rp2040/dcd_rp2040.c.o
 .time_critical.hw_handle_buff_status
                0x200004b8       0x98 CMakeFiles/BinaryCounterSDK.dir/home/michelle/pico/pico-sdk/lib/tinyusb/src/portable/raspberrypi/rp2040/dcd_rp2040.c.o
 .time_critical.dcd_rp2040_irq
                0x20000550      0x568 CMakeFiles/BinaryCounterSDK.dir/home/michelle/pico/pico-sdk/lib/tinyusb/src/portable/raspberrypi/rp2040/dcd_rp2040.c.o
 .time_critical.prepare_ep_buffer
                0x20000ab8      0x100 CMakeFiles/BinaryCounterSDK.dir/home/michelle/pico/pico-sdk/lib/tinyusb/src/portable/raspberrypi/rp2040/rp2040_usb.c.o
 .time_critical.sync_ep_buffer
                0x20000bb8       0xbc CMakeFiles/BinaryCounterSDK.dir/home/michelle/pico/pico-sdk/lib/tinyusb/src/portable/raspberrypi/rp2040/rp2040_usb.c.o
 .time_critical._hw_endpoint_xfer_sync
                0x20000c74       0x28 CMakeFiles/BinaryCounterSDK.dir/home/michelle/pico/pico-sdk/lib/tinyusb/src/portable/raspberrypi/rp2040/rp2040_usb.c.o
 .time_critical.e15_is_bulkin_ep
                0x20000c9c       0x28 CMakeFiles/BinaryCounterSDK.dir/home/michelle/pico/pico-sdk/lib/tinyusb/src/portable/raspberrypi/rp2040/rp2040_usb.c.o
 .time_critical.e15_is_critical_frame_period
                0x20000cc4       0x38 CMakeFiles/BinaryCounterSDK.dir/home/michelle/pico/pico-sdk/lib/tinyusb/src/portable/raspberrypi/rp2040/rp2040_usb.c.o
 .time_critical.hw_endpoint_reset_transfer
                0x20000cfc        0xc CMakeFiles/BinaryCounterSDK.dir/home/michelle/pico/pico-sdk/lib/tinyusb/src/portable/raspberrypi/rp2040/rp2040_usb.c.o
                0x20000cfc                hw_endpoint_reset_transfer
 .time_critical._hw_endpoint_buffer_control_update32
                0x20000d08       0x50 CMakeFiles/BinaryCounterSDK.dir/home/michelle/pico/pico-sdk/lib/tinyusb/src/portable/raspberrypi/rp2040/rp2040_usb.c.o
                0x20000d08                _hw_endpoint_buffer_control_update32
 .time_critical.hw_endpoint_start_next_buffer
                0x20000d58       0x6c CMakeFiles/BinaryCounterSDK.dir/home/michelle/pico/pico-sdk/lib/tinyusb/src/portable/raspberrypi/rp2040/rp2040_usb.c.o
                0x20000d58                hw_endpoint_start_next_buffer
 .time_critical.hw_endpoint_xfer_continue
                0x20000dc4       0x40 CMakeFiles/BinaryCounterSDK.dir/home/michelle/pico/pico-sdk/lib/tinyusb/src/portable/raspberrypi/rp2040/rp2040_usb.c.o
                0x20000dc4                hw_endpoint_xfer_continue
 .time_critical.tinyusb
                0x20000e04      0x1f4 CMakeFiles/BinaryCounterSDK.dir/home/michelle/pico/pico-sdk/lib/tinyusb/src/device/usbd.c.o
                0x20000e04                dcd_event_handler
 *(.text*)
 .text          0x20000ff8        0x4 /usr/lib/gcc/arm-none-eabi/8.3.1/thumb/v6-m/nofp/libgcc.a(_dvmd_tls.o)
                0x20000ff8                __aeabi_ldiv0
                0x20000ff8                __aeabi_idiv0
 *fill*         0x20000ffc        0x4 
 .text.__stub   0x20001000       0x80 linker stubs
                0x20001080                . = ALIGN (0x4)
 *(.rodata*)
                0x20001080                . = ALIGN (0x4)
 *(.data*)
 .data.striped_spin_lock_num
                0x20001080        0x1 CMakeFiles/BinaryCounterSDK.dir/home/michelle/pico/pico-sdk/src/rp2_common/hardware_sync/sync.c.o
 *fill*         0x20001081        0x3 
 .data          0x20001084       0x48 CMakeFiles/BinaryCounterSDK.dir/home/michelle/pico/pico-sdk/src/rp2_common/hardware_irq/irq_handler_chain.S.o
                0x20001084                irq_handler_chain_slots
                0x200010b4                irq_handler_chain_first_slot
                0x200010be                irq_handler_chain_remove_tail
 .data.default_alarm_pool
                0x200010cc       0x18 CMakeFiles/BinaryCounterSDK.dir/home/michelle/pico/pico-sdk/src/common/pico_time/time.c.o
 *fill*         0x200010e4        0xc 
 .data.aeabi_bits_funcs
                0x200010f0       0x10 CMakeFiles/BinaryCounterSDK.dir/home/michelle/pico/pico-sdk/src/rp2_common/pico_bit_ops/bit_ops_aeabi.S.o
                0x200010f0                aeabi_bits_funcs
                0x20001100                aeabi_bits_funcs_end
 .data.aeabi_mem_funcs
                0x20001100       0x10 CMakeFiles/BinaryCounterSDK.dir/home/michelle/pico/pico-sdk/src/rp2_common/pico_mem_ops/mem_ops_aeabi.S.o
                0x20001100                aeabi_mem_funcs
                0x20001110                aeabi_mem_funcs_end
 .data.stdio_usb
                0x20001110       0x18 CMakeFiles/BinaryCounterSDK.dir/home/michelle/pico/pico-sdk/src/rp2_common/pico_stdio_usb/stdio_usb.c.o
                0x20001110                stdio_usb
 .data._usbd_qdef
                0x20001128       0x1c CMakeFiles/BinaryCounterSDK.dir/home/michelle/pico/pico-sdk/lib/tinyusb/src/device/usbd.c.o
                0x20001128                _usbd_qdef
 .data._usbd_rhport
                0x20001144        0x1 CMakeFiles/BinaryCounterSDK.dir/home/michelle/pico/pico-sdk/lib/tinyusb/src/device/usbd.c.o
                0x20001148                . = ALIGN (0x4)
 *fill*         0x20001145        0x3 
 *(.after_data.*)
                0x20001148                . = ALIGN (0x4)
                0x20001148                PROVIDE (__mutex_array_start = .)
 *(SORT_BY_NAME(.mutex_array.*))
 *(.mutex_array)
 .mutex_array   0x20001148        0x8 CMakeFiles/BinaryCounterSDK.dir/home/michelle/pico/pico-sdk/src/rp2_common/pico_stdio/stdio.c.o
                0x20001150                PROVIDE (__mutex_array_end = .)
                0x20001150                . = ALIGN (0x4)
 *(.jcr)
                0x20001150                . = ALIGN (0x4)

.tm_clone_table
                0x20001150        0x0 load address 0x100061a4
 .tm_clone_table
                0x20001150        0x0 /usr/lib/gcc/arm-none-eabi/8.3.1/thumb/v6-m/nofp/crtbegin.o
 .tm_clone_table
                0x20001150        0x0 /usr/lib/gcc/arm-none-eabi/8.3.1/thumb/v6-m/nofp/crtend.o

.igot.plt       0x20001150        0x0 load address 0x100061a4
 .igot.plt      0x20001150        0x0 /usr/lib/gcc/arm-none-eabi/8.3.1/thumb/v6-m/nofp/crtbegin.o

.tdata          0x20001150        0x0 load address 0x100061a4
                0x20001150                . = ALIGN (0x4)
 *(.tdata .tdata.* .gnu.linkonce.td.*)
                0x20001150                __tdata_end = .
                0x20001150                PROVIDE (__data_end__ = .)
                0x10005114                __etext = LOADADDR (.data)

.tbss           0x20001150        0x0 load address 0x100061a4
                0x20001150                . = ALIGN (0x4)
                0x20001150                __bss_start__ = .
                0x20001150                __tls_base = .
 *(.tbss .tbss.* .gnu.linkonce.tb.*)
 *(.tcommon)
                0x20001150                __tls_end = .

.bss            0x20001150      0xf14 load address 0x100061a4
                0x20001150                . = ALIGN (0x4)
                0x20001150                __tbss_end = .
 *(SORT_BY_ALIGNMENT(SORT_BY_NAME(.bss*)))
 .bss.default_alarm_pool_entries
                0x20001150      0x180 CMakeFiles/BinaryCounterSDK.dir/home/michelle/pico/pico-sdk/src/common/pico_time/time.c.o
 .bss.last_avail_time.7922
                0x200012d0        0x8 CMakeFiles/BinaryCounterSDK.dir/home/michelle/pico/pico-sdk/src/rp2_common/pico_stdio_usb/stdio_usb.c.o
 .bss           0x200012d8       0x1c /usr/lib/gcc/arm-none-eabi/8.3.1/thumb/v6-m/nofp/crtbegin.o
 .bss._app_driver
                0x200012f4        0x4 CMakeFiles/BinaryCounterSDK.dir/home/michelle/pico/pico-sdk/lib/tinyusb/src/device/usbd.c.o
 .bss._cdcd_epbuf
                0x200012f8       0x80 CMakeFiles/BinaryCounterSDK.dir/home/michelle/pico/pico-sdk/lib/tinyusb/src/class/cdc/cdc_device.c.o
 .bss._cdcd_fifo_cfg
                0x20001378        0x1 CMakeFiles/BinaryCounterSDK.dir/home/michelle/pico/pico-sdk/lib/tinyusb/src/class/cdc/cdc_device.c.o
 *fill*         0x20001379        0x3 
 .bss._cdcd_itf
                0x2000137c       0xc8 CMakeFiles/BinaryCounterSDK.dir/home/michelle/pico/pico-sdk/lib/tinyusb/src/class/cdc/cdc_device.c.o
 .bss._ctrl_epbuf
                0x20001444       0x40 CMakeFiles/BinaryCounterSDK.dir/home/michelle/pico/pico-sdk/lib/tinyusb/src/device/usbd_control.c.o
 .bss._ctrl_xfer
                0x20001484       0x14 CMakeFiles/BinaryCounterSDK.dir/home/michelle/pico/pico-sdk/lib/tinyusb/src/device/usbd_control.c.o
 .bss._tusb_rhport_role
                0x20001498        0x2 CMakeFiles/BinaryCounterSDK.dir/home/michelle/pico/pico-sdk/lib/tinyusb/src/tusb.c.o
                0x20001498                _tusb_rhport_role
 *fill*         0x2000149a        0x2 
 .bss._ubsd_mutexdef
                0x2000149c        0x8 CMakeFiles/BinaryCounterSDK.dir/home/michelle/pico/pico-sdk/lib/tinyusb/src/device/usbd.c.o
 .bss._usbd_dev
                0x200014a4       0x54 CMakeFiles/BinaryCounterSDK.dir/home/michelle/pico/pico-sdk/lib/tinyusb/src/device/usbd.c.o
 .bss._usbd_mutex
                0x200014f8        0x4 CMakeFiles/BinaryCounterSDK.dir/home/michelle/pico/pico-sdk/lib/tinyusb/src/device/usbd.c.o
 .bss._usbd_q   0x200014fc        0x4 CMakeFiles/BinaryCounterSDK.dir/home/michelle/pico/pico-sdk/lib/tinyusb/src/device/usbd.c.o
 .bss._vendord_epbuf
                0x20001500       0x80 CMakeFiles/BinaryCounterSDK.dir/home/michelle/pico/pico-sdk/lib/tinyusb/src/class/vendor/vendor_device.c.o
 .bss._vendord_itf
                0x20001580      0x24c CMakeFiles/BinaryCounterSDK.dir/home/michelle/pico/pico-sdk/lib/tinyusb/src/class/vendor/vendor_device.c.o
 .bss.boot2_copyout
                0x200017cc      0x100 CMakeFiles/BinaryCounterSDK.dir/home/michelle/pico/pico-sdk/src/rp2_common/hardware_flash/flash.c.o
 .bss.callbacks
                0x200018cc        0x8 CMakeFiles/BinaryCounterSDK.dir/home/michelle/pico/pico-sdk/src/rp2_common/hardware_gpio/gpio.c.o
 .bss.chars_available_callback
                0x200018d4        0x4 CMakeFiles/BinaryCounterSDK.dir/home/michelle/pico/pico-sdk/src/rp2_common/pico_stdio_usb/stdio_usb.c.o
 .bss.chars_available_param
                0x200018d8        0x4 CMakeFiles/BinaryCounterSDK.dir/home/michelle/pico/pico-sdk/src/rp2_common/pico_stdio_usb/stdio_usb.c.o
 .bss.claimed   0x200018dc        0x4 CMakeFiles/BinaryCounterSDK.dir/home/michelle/pico/pico-sdk/src/rp2_common/hardware_sync/sync.c.o
 .bss.claimed   0x200018e0        0x1 CMakeFiles/BinaryCounterSDK.dir/home/michelle/pico/pico-sdk/src/rp2_common/hardware_timer/timer.c.o
 *fill*         0x200018e1        0x3 
 .bss.configured_freq
                0x200018e4       0x28 CMakeFiles/BinaryCounterSDK.dir/home/michelle/pico/pico-sdk/src/rp2_common/hardware_clocks/clocks.c.o
 .bss.counter   0x2000190c        0x4 CMakeFiles/BinaryCounterSDK.dir/BinaryCounterSDK.c.o
                0x2000190c                counter
 .bss.desc_str.7517
                0x20001910       0x28 CMakeFiles/BinaryCounterSDK.dir/home/michelle/pico/pico-sdk/src/rp2_common/pico_stdio_usb/stdio_usb_descriptors.c.o
 .bss.drivers   0x20001938        0x4 CMakeFiles/BinaryCounterSDK.dir/home/michelle/pico/pico-sdk/src/rp2_common/pico_stdio/stdio.c.o
 .bss.e15_last_sof
                0x2000193c        0x4 CMakeFiles/BinaryCounterSDK.dir/home/michelle/pico/pico-sdk/lib/tinyusb/src/portable/raspberrypi/rp2040/rp2040_usb.c.o
                0x2000193c                e15_last_sof
 .bss.filter    0x20001940        0x4 CMakeFiles/BinaryCounterSDK.dir/home/michelle/pico/pico-sdk/src/rp2_common/pico_stdio/stdio.c.o
 .bss.hw_endpoints
                0x20001944      0x400 CMakeFiles/BinaryCounterSDK.dir/home/michelle/pico/pico-sdk/lib/tinyusb/src/portable/raspberrypi/rp2040/dcd_rp2040.c.o
 .bss.lazy_vsnprintf
                0x20001d44        0x4 CMakeFiles/BinaryCounterSDK.dir/home/michelle/pico/pico-sdk/src/rp2_common/pico_printf/printf.c.o
 .bss.load_value
                0x20001d48        0x4 CMakeFiles/BinaryCounterSDK.dir/home/michelle/pico/pico-sdk/src/rp2_common/hardware_watchdog/watchdog.c.o
 .bss.next_buffer_ptr
                0x20001d4c        0x4 CMakeFiles/BinaryCounterSDK.dir/home/michelle/pico/pico-sdk/lib/tinyusb/src/portable/raspberrypi/rp2040/dcd_rp2040.c.o
 .bss.one_shot_timer_crit_sec
                0x20001d50        0x8 CMakeFiles/BinaryCounterSDK.dir/home/michelle/pico/pico-sdk/src/rp2_common/pico_stdio_usb/stdio_usb.c.o
 .bss.pools     0x20001d58       0x10 CMakeFiles/BinaryCounterSDK.dir/home/michelle/pico/pico-sdk/src/common/pico_time/time.c.o
 .bss.raw_irq_mask
                0x20001d68        0x8 CMakeFiles/BinaryCounterSDK.dir/home/michelle/pico/pico-sdk/src/rp2_common/hardware_gpio/gpio.c.o
 .bss.retrieved_id
                0x20001d70        0x8 CMakeFiles/BinaryCounterSDK.dir/home/michelle/pico/pico-sdk/src/rp2_common/pico_unique_id/unique_id.c.o
 .bss.sf_clz_func
                0x20001d78        0x4 CMakeFiles/BinaryCounterSDK.dir/home/michelle/pico/pico-sdk/src/rp2_common/pico_double/double_init_rom_rp2040.c.o
                0x20001d78                sf_clz_func
 .bss.sleep_notifier
                0x20001d7c        0x4 CMakeFiles/BinaryCounterSDK.dir/home/michelle/pico/pico-sdk/src/common/pico_time/time.c.o
 .bss.stdio_usb_mutex
                0x20001d80        0x8 CMakeFiles/BinaryCounterSDK.dir/home/michelle/pico/pico-sdk/src/rp2_common/pico_stdio_usb/stdio_usb.c.o
 .bss.usbd_serial_str
                0x20001d88       0x11 CMakeFiles/BinaryCounterSDK.dir/home/michelle/pico/pico-sdk/src/rp2_common/pico_stdio_usb/stdio_usb_descriptors.c.o
 .bss._app_driver_count
                0x20001d99        0x1 CMakeFiles/BinaryCounterSDK.dir/home/michelle/pico/pico-sdk/lib/tinyusb/src/device/usbd.c.o
 .bss._sof_enable
                0x20001d9a        0x1 CMakeFiles/BinaryCounterSDK.dir/home/michelle/pico/pico-sdk/lib/tinyusb/src/portable/raspberrypi/rp2040/dcd_rp2040.c.o
 .bss._usbd_queued_setup
                0x20001d9b        0x1 CMakeFiles/BinaryCounterSDK.dir/home/michelle/pico/pico-sdk/lib/tinyusb/src/device/usbd.c.o
 .bss.boot2_copyout_valid
                0x20001d9c        0x1 CMakeFiles/BinaryCounterSDK.dir/home/michelle/pico/pico-sdk/src/rp2_common/hardware_flash/flash.c.o
 .bss.irq_handler_chain_free_slot_head
                0x20001d9d        0x1 CMakeFiles/BinaryCounterSDK.dir/home/michelle/pico/pico-sdk/src/rp2_common/hardware_irq/irq.c.o
 .bss.itf_num   0x20001d9e        0x1 CMakeFiles/BinaryCounterSDK.dir/home/michelle/pico/pico-sdk/src/rp2_common/pico_stdio_usb/reset_interface.c.o
 .bss.low_priority_irq_num
                0x20001d9f        0x1 CMakeFiles/BinaryCounterSDK.dir/home/michelle/pico/pico-sdk/src/rp2_common/pico_stdio_usb/stdio_usb.c.o
 .bss.one_shot_timer_pending
                0x20001da0        0x1 CMakeFiles/BinaryCounterSDK.dir/home/michelle/pico/pico-sdk/src/rp2_common/pico_stdio_usb/stdio_usb.c.o
 .bss.user_irq_claimed
                0x20001da1        0x1 CMakeFiles/BinaryCounterSDK.dir/home/michelle/pico/pico-sdk/src/rp2_common/hardware_irq/irq.c.o
 *(COMMON)
 *fill*         0x20001da2        0x2 
 COMMON         0x20001da4      0x100 CMakeFiles/BinaryCounterSDK.dir/home/michelle/pico/pico-sdk/src/rp2_common/pico_double/double_init_rom_rp2040.c.o
                0x20001da4                sd_table
 COMMON         0x20001ea4      0x100 CMakeFiles/BinaryCounterSDK.dir/home/michelle/pico/pico-sdk/src/rp2_common/pico_float/float_init_rom_rp2040.c.o
                0x20001ea4                sf_table
 COMMON         0x20001fa4       0xc0 CMakeFiles/BinaryCounterSDK.dir/home/michelle/pico/pico-sdk/lib/tinyusb/src/device/usbd.c.o
                0x20001fa4                _usbd_qdef_buf
                0x20002064                . = ALIGN (0x4)
                0x20002064                __bss_end__ = .

.heap           0x20002064      0x800 load address 0x100061a4
                0x20002064                __end__ = .
                0x20002064                end = __end__
 *(.heap*)
 .heap          0x20002064      0x800 CMakeFiles/BinaryCounterSDK.dir/home/michelle/pico/pico-sdk/src/rp2_common/pico_crt0/crt0.S.o
                0x20040000                __HeapLimit = (ORIGIN (RAM) + LENGTH (RAM))

.scratch_x      0x20040000        0x0 load address 0x100061a4
                0x20040000                __scratch_x_start__ = .
 *(.scratch_x.*)
                0x20040000                . = ALIGN (0x4)
                0x20040000                __scratch_x_end__ = .
                0x100061a4                __scratch_x_source__ = LOADADDR (.scratch_x)

.scratch_y      0x20041000        0x0 load address 0x100061a4
                0x20041000                __scratch_y_start__ = .
 *(.scratch_y.*)
                0x20041000                . = ALIGN (0x4)
                0x20041000                __scratch_y_end__ = .
                0x100061a4                __scratch_y_source__ = LOADADDR (.scratch_y)

.stack1_dummy   0x20040000        0x0
 *(.stack1*)

.stack_dummy    0x20041000      0x800
 *(.stack*)
 .stack         0x20041000      0x800 CMakeFiles/BinaryCounterSDK.dir/home/michelle/pico/pico-sdk/src/rp2_common/pico_crt0/crt0.S.o

.rel.dyn        0x20041800        0x0
 .rel.iplt      0x20041800        0x0 /usr/lib/gcc/arm-none-eabi/8.3.1/thumb/v6-m/nofp/crtbegin.o

.flash_end      0x100061a4        0x0
 *(.embedded_end_block*)
                0x100061a4                PROVIDE (__flash_binary_end = .)
                0x20040000                __StackLimit = (ORIGIN (RAM) + LENGTH (RAM))
                0x20041000                __StackOneTop = (ORIGIN (SCRATCH_X) + LENGTH (SCRATCH_X))
                0x20042000                __StackTop = (ORIGIN (SCRATCH_Y) + LENGTH (SCRATCH_Y))
                0x20041000                __StackOneBottom = (__StackOneTop - SIZEOF (.stack1_dummy))
                0x20041800                __StackBottom = (__StackTop - SIZEOF (.stack_dummy))
                0x20042000                PROVIDE (__stack = __StackTop)
                [!provide]                PROVIDE (__heap_start = __end__)
                [!provide]                PROVIDE (__heap_end = __HeapLimit)
                [!provide]                PROVIDE (__tls_align = MAX (ALIGNOF (.tdata), ALIGNOF (.tbss)))
                [!provide]                PROVIDE (__tls_size_align = (((__tls_size + __tls_align) - 0x1) & ~ ((__tls_align - 0x1))))
                [!provide]                PROVIDE (__arm32_tls_tcb_offset = MAX (0x8, __tls_align))
                [!provide]                PROVIDE (_end = __end__)
                [!provide]                PROVIDE (__llvm_libc_heap_limit = __HeapLimit)
                0x00000001                ASSERT ((__StackLimit >= __HeapLimit), region RAM overflowed)
                0x00000001                ASSERT (((__binary_info_header_end - __logical_binary_start) <= 0x100), Binary info must be in first 256 bytes of the binary)
LOAD CMakeFiles/BinaryCounterSDK.dir/BinaryCounterSDK.c.o
LOAD CMakeFiles/BinaryCounterSDK.dir/home/michelle/pico/pico-sdk/src/rp2_common/pico_stdlib/stdlib.c.o
LOAD CMakeFiles/BinaryCounterSDK.dir/home/michelle/pico/pico-sdk/src/rp2_common/hardware_gpio/gpio.c.o
LOAD CMakeFiles/BinaryCounterSDK.dir/home/michelle/pico/pico-sdk/src/rp2040/pico_platform/platform.c.o
LOAD CMakeFiles/BinaryCounterSDK.dir/home/michelle/pico/pico-sdk/src/rp2_common/pico_platform_common/common.c.o
LOAD CMakeFiles/BinaryCounterSDK.dir/home/michelle/pico/pico-sdk/src/rp2_common/pico_platform_panic/panic.c.o
LOAD CMakeFiles/BinaryCounterSDK.dir/home/michelle/pico/pico-sdk/src/common/hardware_claim/claim.c.o
LOAD CMakeFiles/BinaryCounterSDK.dir/home/michelle/pico/pico-sdk/src/rp2_common/hardware_sync/sync.c.o
LOAD CMakeFiles/BinaryCounterSDK.dir/home/michelle/pico/pico-sdk/src/rp2_common/hardware_sync_spin_lock/sync_spin_lock.c.o
LOAD CMakeFiles/BinaryCounterSDK.dir/home/michelle/pico/pico-sdk/src/rp2_common/hardware_irq/irq.c.o
LOAD CMakeFiles/BinaryCounterSDK.dir/home/michelle/pico/pico-sdk/src/rp2_common/hardware_irq/irq_handler_chain.S.o
LOAD CMakeFiles/BinaryCounterSDK.dir/home/michelle/pico/pico-sdk/src/common/pico_sync/sem.c.o
LOAD CMakeFiles/BinaryCounterSDK.dir/home/michelle/pico/pico-sdk/src/common/pico_sync/lock_core.c.o
LOAD CMakeFiles/BinaryCounterSDK.dir/home/michelle/pico/pico-sdk/src/common/pico_sync/mutex.c.o
LOAD CMakeFiles/BinaryCounterSDK.dir/home/michelle/pico/pico-sdk/src/common/pico_sync/critical_section.c.o
LOAD CMakeFiles/BinaryCounterSDK.dir/home/michelle/pico/pico-sdk/src/common/pico_time/time.c.o
LOAD CMakeFiles/BinaryCounterSDK.dir/home/michelle/pico/pico-sdk/src/common/pico_time/timeout_helper.c.o
LOAD CMakeFiles/BinaryCounterSDK.dir/home/michelle/pico/pico-sdk/src/rp2_common/hardware_timer/timer.c.o
LOAD CMakeFiles/BinaryCounterSDK.dir/home/michelle/pico/pico-sdk/src/common/pico_util/datetime.c.o
LOAD CMakeFiles/BinaryCounterSDK.dir/home/michelle/pico/pico-sdk/src/common/pico_util/pheap.c.o
LOAD CMakeFiles/BinaryCounterSDK.dir/home/michelle/pico/pico-sdk/src/common/pico_util/queue.c.o
LOAD CMakeFiles/BinaryCounterSDK.dir/home/michelle/pico/pico-sdk/src/rp2_common/hardware_uart/uart.c.o
LOAD CMakeFiles/BinaryCounterSDK.dir/home/michelle/pico/pico-sdk/src/rp2_common/hardware_clocks/clocks.c.o
LOAD CMakeFiles/BinaryCounterSDK.dir/home/michelle/pico/pico-sdk/src/rp2_common/hardware_pll/pll.c.o
LOAD CMakeFiles/BinaryCounterSDK.dir/home/michelle/pico/pico-sdk/src/rp2_common/hardware_vreg/vreg.c.o
LOAD CMakeFiles/BinaryCounterSDK.dir/home/michelle/pico/pico-sdk/src/rp2_common/hardware_watchdog/watchdog.c.o
LOAD CMakeFiles/BinaryCounterSDK.dir/home/michelle/pico/pico-sdk/src/rp2_common/hardware_ticks/ticks.c.o
LOAD CMakeFiles/BinaryCounterSDK.dir/home/michelle/pico/pico-sdk/src/rp2_common/pico_bootrom/bootrom.c.o
LOAD CMakeFiles/BinaryCounterSDK.dir/home/michelle/pico/pico-sdk/src/rp2_common/pico_bootrom/bootrom_lock.c.o
LOAD CMakeFiles/BinaryCounterSDK.dir/home/michelle/pico/pico-sdk/src/rp2_common/hardware_boot_lock/boot_lock.c.o
LOAD CMakeFiles/BinaryCounterSDK.dir/home/michelle/pico/pico-sdk/src/rp2_common/pico_flash/flash.c.o
LOAD CMakeFiles/BinaryCounterSDK.dir/home/michelle/pico/pico-sdk/src/rp2_common/hardware_xosc/xosc.c.o
LOAD CMakeFiles/BinaryCounterSDK.dir/home/michelle/pico/pico-sdk/src/rp2_common/hardware_divider/divider.S.o
LOAD CMakeFiles/BinaryCounterSDK.dir/home/michelle/pico/pico-sdk/src/rp2_common/pico_runtime/runtime.c.o
LOAD CMakeFiles/BinaryCounterSDK.dir/home/michelle/pico/pico-sdk/src/rp2_common/pico_runtime_init/runtime_init.c.o
LOAD CMakeFiles/BinaryCounterSDK.dir/home/michelle/pico/pico-sdk/src/rp2_common/pico_runtime_init/runtime_init_clocks.c.o
LOAD CMakeFiles/BinaryCounterSDK.dir/home/michelle/pico/pico-sdk/src/rp2_common/pico_runtime_init/runtime_init_stack_guard.c.o
LOAD CMakeFiles/BinaryCounterSDK.dir/home/michelle/pico/pico-sdk/src/rp2_common/pico_bit_ops/bit_ops_aeabi.S.o
LOAD CMakeFiles/BinaryCounterSDK.dir/home/michelle/pico/pico-sdk/src/rp2_common/pico_divider/divider_hardware.S.o
LOAD CMakeFiles/BinaryCounterSDK.dir/home/michelle/pico/pico-sdk/src/rp2_common/pico_double/double_aeabi_rp2040.S.o
LOAD CMakeFiles/BinaryCounterSDK.dir/home/michelle/pico/pico-sdk/src/rp2_common/pico_double/double_init_rom_rp2040.c.o
LOAD CMakeFiles/BinaryCounterSDK.dir/home/michelle/pico/pico-sdk/src/rp2_common/pico_double/double_math.c.o
LOAD CMakeFiles/BinaryCounterSDK.dir/home/michelle/pico/pico-sdk/src/rp2_common/pico_double/double_v1_rom_shim_rp2040.S.o
LOAD CMakeFiles/BinaryCounterSDK.dir/home/michelle/pico/pico-sdk/src/rp2_common/pico_int64_ops/pico_int64_ops_aeabi.S.o
LOAD CMakeFiles/BinaryCounterSDK.dir/home/michelle/pico/pico-sdk/src/rp2_common/pico_float/float_aeabi_rp2040.S.o
LOAD CMakeFiles/BinaryCounterSDK.dir/home/michelle/pico/pico-sdk/src/rp2_common/pico_float/float_init_rom_rp2040.c.o
LOAD CMakeFiles/BinaryCounterSDK.dir/home/michelle/pico/pico-sdk/src/rp2_common/pico_float/float_math.c.o
LOAD CMakeFiles/BinaryCounterSDK.dir/home/michelle/pico/pico-sdk/src/rp2_common/pico_float/float_v1_rom_shim_rp2040.S.o
LOAD CMakeFiles/BinaryCounterSDK.dir/home/michelle/pico/pico-sdk/src/rp2_common/pico_malloc/malloc.c.o
LOAD CMakeFiles/BinaryCounterSDK.dir/home/michelle/pico/pico-sdk/src/rp2_common/pico_mem_ops/mem_ops_aeabi.S.o
LOAD CMakeFiles/BinaryCounterSDK.dir/home/michelle/pico/pico-sdk/src/rp2_common/pico_atomic/atomic.c.o
LOAD CMakeFiles/BinaryCounterSDK.dir/home/michelle/pico/pico-sdk/src/rp2_common/pico_cxx_options/new_delete.cpp.o
LOAD CMakeFiles/BinaryCounterSDK.dir/home/michelle/pico/pico-sdk/src/rp2_common/pico_standard_binary_info/standard_binary_info.c.o
LOAD CMakeFiles/BinaryCounterSDK.dir/home/michelle/pico/pico-sdk/src/rp2_common/pico_printf/printf.c.o
LOAD CMakeFiles/BinaryCounterSDK.dir/home/michelle/pico/pico-sdk/src/rp2_common/pico_crt0/crt0.S.o
LOAD CMakeFiles/BinaryCounterSDK.dir/home/michelle/pico/pico-sdk/src/rp2_common/pico_clib_interface/newlib_interface.c.o
LOAD CMakeFiles/BinaryCounterSDK.dir/home/michelle/pico/pico-sdk/src/rp2_common/pico_stdio/stdio.c.o
LOAD CMakeFiles/BinaryCounterSDK.dir/home/michelle/pico/pico-sdk/src/rp2_common/pico_stdio_usb/reset_interface.c.o
LOAD CMakeFiles/BinaryCounterSDK.dir/home/michelle/pico/pico-sdk/src/rp2_common/pico_stdio_usb/stdio_usb.c.o
LOAD CMakeFiles/BinaryCounterSDK.dir/home/michelle/pico/pico-sdk/src/rp2_common/pico_stdio_usb/stdio_usb_descriptors.c.o
LOAD CMakeFiles/BinaryCounterSDK.dir/home/michelle/pico/pico-sdk/src/rp2_common/pico_unique_id/unique_id.c.o
LOAD CMakeFiles/BinaryCounterSDK.dir/home/michelle/pico/pico-sdk/src/rp2_common/hardware_flash/flash.c.o
LOAD CMakeFiles/BinaryCounterSDK.dir/home/michelle/pico/pico-sdk/src/rp2_common/hardware_xip_cache/xip_cache.c.o
LOAD CMakeFiles/BinaryCounterSDK.dir/home/michelle/pico/pico-sdk/lib/tinyusb/src/portable/raspberrypi/rp2040/dcd_rp2040.c.o
LOAD CMakeFiles/BinaryCounterSDK.dir/home/michelle/pico/pico-sdk/lib/tinyusb/src/portable/raspberrypi/rp2040/rp2040_usb.c.o
LOAD CMakeFiles/BinaryCounterSDK.dir/home/michelle/pico/pico-sdk/lib/tinyusb/src/device/usbd.c.o
LOAD CMakeFiles/BinaryCounterSDK.dir/home/michelle/pico/pico-sdk/lib/tinyusb/src/device/usbd_control.c.o
LOAD CMakeFiles/BinaryCounterSDK.dir/home/michelle/pico/pico-sdk/lib/tinyusb/src/class/audio/audio_device.c.o
LOAD CMakeFiles/BinaryCounterSDK.dir/home/michelle/pico/pico-sdk/lib/tinyusb/src/class/cdc/cdc_device.c.o
LOAD CMakeFiles/BinaryCounterSDK.dir/home/michelle/pico/pico-sdk/lib/tinyusb/src/class/dfu/dfu_device.c.o
LOAD CMakeFiles/BinaryCounterSDK.dir/home/michelle/pico/pico-sdk/lib/tinyusb/src/class/dfu/dfu_rt_device.c.o
LOAD CMakeFiles/BinaryCounterSDK.dir/home/michelle/pico/pico-sdk/lib/tinyusb/src/class/hid/hid_device.c.o
LOAD CMakeFiles/BinaryCounterSDK.dir/home/michelle/pico/pico-sdk/lib/tinyusb/src/class/midi/midi_device.c.o
LOAD CMakeFiles/BinaryCounterSDK.dir/home/michelle/pico/pico-sdk/lib/tinyusb/src/class/msc/msc_device.c.o
LOAD CMakeFiles/BinaryCounterSDK.dir/home/michelle/pico/pico-sdk/lib/tinyusb/src/class/net/ecm_rndis_device.c.o
LOAD CMakeFiles/BinaryCounterSDK.dir/home/michelle/pico/pico-sdk/lib/tinyusb/src/class/net/ncm_device.c.o
LOAD CMakeFiles/BinaryCounterSDK.dir/home/michelle/pico/pico-sdk/lib/tinyusb/src/class/usbtmc/usbtmc_device.c.o
LOAD CMakeFiles/BinaryCounterSDK.dir/home/michelle/pico/pico-sdk/lib/tinyusb/src/class/vendor/vendor_device.c.o
LOAD CMakeFiles/BinaryCounterSDK.dir/home/michelle/pico/pico-sdk/lib/tinyusb/src/class/video/video_device.c.o
LOAD CMakeFiles/BinaryCounterSDK.dir/home/michelle/pico/pico-sdk/lib/tinyusb/src/tusb.c.o
LOAD CMakeFiles/BinaryCounterSDK.dir/home/michelle/pico/pico-sdk/lib/tinyusb/src/common/tusb_fifo.c.o
LOAD CMakeFiles/BinaryCounterSDK.dir/home/michelle/pico/pico-sdk/src/rp2_common/pico_fix/rp2040_usb_device_enumeration/rp2040_usb_device_enumeration.c.o
LOAD pico-sdk/src/rp2040/boot_stage2/CMakeFiles/bs2_default_library.dir/bs2_default_padded_checksummed.S.o
LOAD /usr/lib/gcc/arm-none-eabi/8.3.1/../../../arm-none-eabi/lib/thumb/v6-m/nofp/libstdc++.a
LOAD /usr/lib/gcc/arm-none-eabi/8.3.1/../../../arm-none-eabi/lib/thumb/v6-m/nofp/libm.a
START GROUP
LOAD /usr/lib/gcc/arm-none-eabi/8.3.1/thumb/v6-m/nofp/libgcc.a
LOAD /usr/lib/gcc/arm-none-eabi/8.3.1/../../../arm-none-eabi/lib/thumb/v6-m/nofp/libg.a
LOAD /usr/lib/gcc/arm-none-eabi/8.3.1/../../../arm-none-eabi/lib/thumb/v6-m/nofp/libc.a
END GROUP
START GROUP
LOAD /usr/lib/gcc/arm-none-eabi/8.3.1/thumb/v6-m/nofp/libgcc.a
LOAD /usr/lib/gcc/arm-none-eabi/8.3.1/../../../arm-none-eabi/lib/thumb/v6-m/nofp/libc.a
LOAD /usr/lib/gcc/arm-none-eabi/8.3.1/../../../arm-none-eabi/lib/thumb/v6-m/nofp/libnosys.a
END GROUP
LOAD /usr/lib/gcc/arm-none-eabi/8.3.1/thumb/v6-m/nofp/crtend.o
LOAD /usr/lib/gcc/arm-none-eabi/8.3.1/thumb/v6-m/nofp/crtn.o
OUTPUT(BinaryCounterSDK.elf elf32-littlearm)
LOAD linker stubs

.ARM.attributes
                0x00000000       0x28
 .ARM.attributes
                0x00000000       0x1e /usr/lib/gcc/arm-none-eabi/8.3.1/thumb/v6-m/nofp/crti.o
 .ARM.attributes
                0x0000001e       0x2c /usr/lib/gcc/arm-none-eabi/8.3.1/thumb/v6-m/nofp/crtbegin.o
 .ARM.attributes
                0x0000004a       0x2c CMakeFiles/BinaryCounterSDK.dir/BinaryCounterSDK.c.o
 .ARM.attributes
                0x00000076       0x2c CMakeFiles/BinaryCounterSDK.dir/home/michelle/pico/pico-sdk/src/rp2_common/hardware_gpio/gpio.c.o
 .ARM.attributes
                0x000000a2       0x2c CMakeFiles/BinaryCounterSDK.dir/home/michelle/pico/pico-sdk/src/rp2040/pico_platform/platform.c.o
 .ARM.attributes
                0x000000ce       0x2c CMakeFiles/BinaryCounterSDK.dir/home/michelle/pico/pico-sdk/src/rp2_common/pico_platform_panic/panic.c.o
 .ARM.attributes
                0x000000fa       0x2c CMakeFiles/BinaryCounterSDK.dir/home/michelle/pico/pico-sdk/src/common/hardware_claim/claim.c.o
 .ARM.attributes
                0x00000126       0x2c CMakeFiles/BinaryCounterSDK.dir/home/michelle/pico/pico-sdk/src/rp2_common/hardware_sync/sync.c.o
 .ARM.attributes
                0x00000152       0x2c CMakeFiles/BinaryCounterSDK.dir/home/michelle/pico/pico-sdk/src/rp2_common/hardware_sync_spin_lock/sync_spin_lock.c.o
 .ARM.attributes
                0x0000017e       0x2c CMakeFiles/BinaryCounterSDK.dir/home/michelle/pico/pico-sdk/src/rp2_common/hardware_irq/irq.c.o
 .ARM.attributes
                0x000001aa       0x22 CMakeFiles/BinaryCounterSDK.dir/home/michelle/pico/pico-sdk/src/rp2_common/hardware_irq/irq_handler_chain.S.o
 .ARM.attributes
                0x000001cc       0x2c CMakeFiles/BinaryCounterSDK.dir/home/michelle/pico/pico-sdk/src/common/pico_sync/lock_core.c.o
 .ARM.attributes
                0x000001f8       0x2c CMakeFiles/BinaryCounterSDK.dir/home/michelle/pico/pico-sdk/src/common/pico_sync/mutex.c.o
 .ARM.attributes
                0x00000224       0x2c CMakeFiles/BinaryCounterSDK.dir/home/michelle/pico/pico-sdk/src/common/pico_sync/critical_section.c.o
 .ARM.attributes
                0x00000250       0x2c CMakeFiles/BinaryCounterSDK.dir/home/michelle/pico/pico-sdk/src/common/pico_time/time.c.o
 .ARM.attributes
                0x0000027c       0x2c CMakeFiles/BinaryCounterSDK.dir/home/michelle/pico/pico-sdk/src/rp2_common/hardware_timer/timer.c.o
 .ARM.attributes
                0x000002a8       0x2c CMakeFiles/BinaryCounterSDK.dir/home/michelle/pico/pico-sdk/src/rp2_common/hardware_clocks/clocks.c.o
 .ARM.attributes
                0x000002d4       0x2c CMakeFiles/BinaryCounterSDK.dir/home/michelle/pico/pico-sdk/src/rp2_common/hardware_pll/pll.c.o
 .ARM.attributes
                0x00000300       0x2c CMakeFiles/BinaryCounterSDK.dir/home/michelle/pico/pico-sdk/src/rp2_common/hardware_watchdog/watchdog.c.o
 .ARM.attributes
                0x0000032c       0x2c CMakeFiles/BinaryCounterSDK.dir/home/michelle/pico/pico-sdk/src/rp2_common/hardware_ticks/ticks.c.o
 .ARM.attributes
                0x00000358       0x2c CMakeFiles/BinaryCounterSDK.dir/home/michelle/pico/pico-sdk/src/rp2_common/pico_bootrom/bootrom.c.o
 .ARM.attributes
                0x00000384       0x2c CMakeFiles/BinaryCounterSDK.dir/home/michelle/pico/pico-sdk/src/rp2_common/hardware_xosc/xosc.c.o
 .ARM.attributes
                0x000003b0       0x2c CMakeFiles/BinaryCounterSDK.dir/home/michelle/pico/pico-sdk/src/rp2_common/pico_runtime/runtime.c.o
 .ARM.attributes
                0x000003dc       0x2c CMakeFiles/BinaryCounterSDK.dir/home/michelle/pico/pico-sdk/src/rp2_common/pico_runtime_init/runtime_init.c.o
 .ARM.attributes
                0x00000408       0x2c CMakeFiles/BinaryCounterSDK.dir/home/michelle/pico/pico-sdk/src/rp2_common/pico_runtime_init/runtime_init_clocks.c.o
 .ARM.attributes
                0x00000434       0x22 CMakeFiles/BinaryCounterSDK.dir/home/michelle/pico/pico-sdk/src/rp2_common/pico_bit_ops/bit_ops_aeabi.S.o
 .ARM.attributes
                0x00000456       0x22 CMakeFiles/BinaryCounterSDK.dir/home/michelle/pico/pico-sdk/src/rp2_common/pico_divider/divider_hardware.S.o
 .ARM.attributes
                0x00000478       0x22 CMakeFiles/BinaryCounterSDK.dir/home/michelle/pico/pico-sdk/src/rp2_common/pico_double/double_aeabi_rp2040.S.o
 .ARM.attributes
                0x0000049a       0x2c CMakeFiles/BinaryCounterSDK.dir/home/michelle/pico/pico-sdk/src/rp2_common/pico_double/double_init_rom_rp2040.c.o
 .ARM.attributes
                0x000004c6       0x22 CMakeFiles/BinaryCounterSDK.dir/home/michelle/pico/pico-sdk/src/rp2_common/pico_double/double_v1_rom_shim_rp2040.S.o
 .ARM.attributes
                0x000004e8       0x22 CMakeFiles/BinaryCounterSDK.dir/home/michelle/pico/pico-sdk/src/rp2_common/pico_int64_ops/pico_int64_ops_aeabi.S.o
 .ARM.attributes
                0x0000050a       0x22 CMakeFiles/BinaryCounterSDK.dir/home/michelle/pico/pico-sdk/src/rp2_common/pico_float/float_aeabi_rp2040.S.o
 .ARM.attributes
                0x0000052c       0x2c CMakeFiles/BinaryCounterSDK.dir/home/michelle/pico/pico-sdk/src/rp2_common/pico_float/float_init_rom_rp2040.c.o
 .ARM.attributes
                0x00000558       0x22 CMakeFiles/BinaryCounterSDK.dir/home/michelle/pico/pico-sdk/src/rp2_common/pico_float/float_v1_rom_shim_rp2040.S.o
 .ARM.attributes
                0x0000057a       0x22 CMakeFiles/BinaryCounterSDK.dir/home/michelle/pico/pico-sdk/src/rp2_common/pico_mem_ops/mem_ops_aeabi.S.o
 .ARM.attributes